Archive member included because of file (symbol)

c:\Users\alfre\AppData\Roaming\Code\User\globalStorage\vexrobotics.vexcode\sdk\cpp\V5\V5_20240802_15_00_00/vexv5\libv5rt.a(v5_startup.c.obj)
                              (vexStartup)
c:\Users\alfre\AppData\Roaming\Code\User\globalStorage\vexrobotics.vexcode\sdk\cpp\V5\V5_20240802_15_00_00/vexv5\libv5rt.a(v5_util.c.obj)
                              c:\Users\alfre\AppData\Roaming\Code\User\globalStorage\vexrobotics.vexcode\sdk\cpp\V5\V5_20240802_15_00_00/vexv5\libv5rt.a(v5_startup.c.obj) (vexStdlibVersionLinked)
c:\Users\alfre\AppData\Roaming\Code\User\globalStorage\vexrobotics.vexcode\sdk\cpp\V5\V5_20240802_15_00_00/vexv5\libv5rt.a(v5_apijump.c.obj)
                              c:\Users\alfre\AppData\Roaming\Code\User\globalStorage\vexrobotics.vexcode\sdk\cpp\V5\V5_20240802_15_00_00/vexv5\libv5rt.a(v5_startup.c.obj) (vexPrivateApiEnable)
c:\Users\alfre\AppData\Roaming\Code\User\globalStorage\vexrobotics.vexcode\sdk\cpp\V5\V5_20240802_15_00_00/vexv5\libv5rt.a(v5_apiversions.c.obj)
                              c:\Users\alfre\AppData\Roaming\Code\User\globalStorage\vexrobotics.vexcode\sdk\cpp\V5\V5_20240802_15_00_00/vexv5\libv5rt.a(v5_apijump.c.obj) (vexSystemVersion)
c:\Users\alfre\AppData\Roaming\Code\User\globalStorage\vexrobotics.vexcode\sdk\cpp\V5\V5_20240802_15_00_00/vexv5\libv5rt.a(vex_global.cpp.obj)
                              build/src/VirtualTargetPursuit.o (vex::wait(double, vex::timeUnits))
c:\Users\alfre\AppData\Roaming\Code\User\globalStorage\vexrobotics.vexcode\sdk\cpp\V5\V5_20240802_15_00_00/vexv5\libv5rt.a(vex_motor.cpp.obj)
                              build/src/robot-config.o (vex::motor::~motor())
c:\Users\alfre\AppData\Roaming\Code\User\globalStorage\vexrobotics.vexcode\sdk\cpp\V5\V5_20240802_15_00_00/vexv5\libv5rt.a(vex_imu.cpp.obj)
                              build/src/movement.o (vex::inertial::setHeading(double, vex::rotationUnits))
c:\Users\alfre\AppData\Roaming\Code\User\globalStorage\vexrobotics.vexcode\sdk\cpp\V5\V5_20240802_15_00_00/vexv5\libv5rt.a(vex_rotation.cpp.obj)
                              build/src/robot-config.o (vex::rotation::~rotation())
c:\Users\alfre\AppData\Roaming\Code\User\globalStorage\vexrobotics.vexcode\sdk\cpp\V5\V5_20240802_15_00_00/vexv5\libv5rt.a(vex_distance.cpp.obj)
                              build/src/robot-config.o (vex::distance::~distance())
c:\Users\alfre\AppData\Roaming\Code\User\globalStorage\vexrobotics.vexcode\sdk\cpp\V5\V5_20240802_15_00_00/vexv5\libv5rt.a(vex_controller.cpp.obj)
                              build/src/robot-config.o (vex::controller::~controller())
c:\Users\alfre\AppData\Roaming\Code\User\globalStorage\vexrobotics.vexcode\sdk\cpp\V5\V5_20240802_15_00_00/vexv5\libv5rt.a(vex_task.cpp.obj)
                              build/src/main.o (vex::task::task(int (*)()))
c:\Users\alfre\AppData\Roaming\Code\User\globalStorage\vexrobotics.vexcode\sdk\cpp\V5\V5_20240802_15_00_00/vexv5\libv5rt.a(vex_thread.cpp.obj)
                              build/src/main.o (vex::thread::thread(int (*)()))
c:\Users\alfre\AppData\Roaming\Code\User\globalStorage\vexrobotics.vexcode\sdk\cpp\V5\V5_20240802_15_00_00/vexv5\libv5rt.a(vex_event.cpp.obj)
                              c:\Users\alfre\AppData\Roaming\Code\User\globalStorage\vexrobotics.vexcode\sdk\cpp\V5\V5_20240802_15_00_00/vexv5\libv5rt.a(vex_imu.cpp.obj) (vex::event::init(unsigned long, unsigned long, void (*)()))
c:\Users\alfre\AppData\Roaming\Code\User\globalStorage\vexrobotics.vexcode\sdk\cpp\V5\V5_20240802_15_00_00/vexv5\libv5rt.a(vex_mevent.cpp.obj)
                              c:\Users\alfre\AppData\Roaming\Code\User\globalStorage\vexrobotics.vexcode\sdk\cpp\V5\V5_20240802_15_00_00/vexv5\libv5rt.a(vex_controller.cpp.obj) (vex::mevent::mevent(unsigned long, unsigned long))
c:\Users\alfre\AppData\Roaming\Code\User\globalStorage\vexrobotics.vexcode\sdk\cpp\V5\V5_20240802_15_00_00/vexv5\libv5rt.a(vex_brain.cpp.obj)
                              build/src/main.o (vex::brain::lcd::setCursor(long, long))
c:\Users\alfre\AppData\Roaming\Code\User\globalStorage\vexrobotics.vexcode\sdk\cpp\V5\V5_20240802_15_00_00/vexv5\libv5rt.a(vex_competition.cpp.obj)
                              build/src/main.o (vex::competition::competition())
c:\Users\alfre\AppData\Roaming\Code\User\globalStorage\vexrobotics.vexcode\sdk\cpp\V5\V5_20240802_15_00_00/vexv5\libv5rt.a(vex_triport.cpp.obj)
                              c:\Users\alfre\AppData\Roaming\Code\User\globalStorage\vexrobotics.vexcode\sdk\cpp\V5\V5_20240802_15_00_00/vexv5\libv5rt.a(vex_brain.cpp.obj) (vex::triport::~triport())
c:\Users\alfre\AppData\Roaming\Code\User\globalStorage\vexrobotics.vexcode\sdk\cpp\V5\V5_20240802_15_00_00/vexv5\libv5rt.a(vex_color.cpp.obj)
                              c:\Users\alfre\AppData\Roaming\Code\User\globalStorage\vexrobotics.vexcode\sdk\cpp\V5\V5_20240802_15_00_00/vexv5\libv5rt.a(vex_brain.cpp.obj) (vex::color::operator unsigned long() const)
[...]
Memory Configuration

Name             Origin             Length             Attributes
ps7_ddr_0_S_AXI_BASEADDR 0x03800000         0x04800000
*default*        0x00000000         0xffffffff

Linker script and memory map

                0x00002000                _STACK_SIZE = DEFINED (_STACK_SIZE)?_STACK_SIZE:0x2000
                0x00100000                _HEAP_SIZE = DEFINED (_HEAP_SIZE)?_HEAP_SIZE:0x100000
                0x00000400                _ABORT_STACK_SIZE = DEFINED (_ABORT_STACK_SIZE)?_ABORT_STACK_SIZE:0x400
                0x00000800                _SUPERVISOR_STACK_SIZE = DEFINED (_SUPERVISOR_STACK_SIZE)?_SUPERVISOR_STACK_SIZE:0x800
                0x00000400                _IRQ_STACK_SIZE = DEFINED (_IRQ_STACK_SIZE)?_IRQ_STACK_SIZE:0x400
                0x00000400                _FIQ_STACK_SIZE = DEFINED (_FIQ_STACK_SIZE)?_FIQ_STACK_SIZE:0x400
                0x00000400                _UNDEF_STACK_SIZE = DEFINED (_UNDEF_STACK_SIZE)?_UNDEF_STACK_SIZE:0x400

.text           0x03800000    0x18b08
 *(.vectors)
 *(.boot_data)
 .boot_data     0x03800000       0x20 c:\Users\alfre\AppData\Roaming\Code\User\globalStorage\vexrobotics.vexcode\sdk\cpp\V5\V5_20240802_15_00_00/vexv5\libv5rt.a(v5_startup.c.obj)
                0x03800000                vexCodeSig
                0x00000020                . = 0x20
 *(.boot)
 .boot          0x03800020       0xbc c:\Users\alfre\AppData\Roaming\Code\User\globalStorage\vexrobotics.vexcode\sdk\cpp\V5\V5_20240802_15_00_00/vexv5\libv5rt.a(v5_startup.c.obj)
                0x03800020                vexStartup
                0x03800100                . = ALIGN (0x40)
 *fill*         0x038000dc       0x24 
 *(.freertos_vectors)
 *(.text)
 .text          0x03800100       0x3a c:\Users\alfre\AppData\Roaming\Code\User\globalStorage\vexrobotics.vexcode\sdk\cpp\V5\V5_20240802_15_00_00/vexv5/gcc/libs\libc.a(lib_a-aeabi_memmove-soft.o)
                0x03800100                __aeabi_memmove4
                0x03800100                __aeabi_memmove
                0x03800100                __aeabi_memmove8
 *(.text.*)
 *fill*         0x0380013a        0x2 
 .text._ZN17VTPVelocityFilter3addEd
                0x0380013c      0x11c build/src/VirtualTargetPursuit.o
                0x0380013c                VTPVelocityFilter::add(double)
 .text._ZNSt11_Deque_baseIdSaIdEE17_M_initialize_mapEj
                0x03800258       0xac build/src/VirtualTargetPursuit.o
                0x03800258                std::_Deque_base<double, std::allocator<double> >::_M_initialize_map(unsigned int)
 .text._ZNSt5dequeIdSaIdEE16_M_push_back_auxIJRKdEEEvDpOT_
                0x03800304       0x7c build/src/VirtualTargetPursuit.o
                0x03800304                void std::deque<double, std::allocator<double> >::_M_push_back_aux<double const&>(double const&)
 .text._ZNSt5dequeIdSaIdEE17_M_reallocate_mapEjb
                0x03800380      0x12c build/src/VirtualTargetPursuit.o
                0x03800380                std::deque<double, std::allocator<double> >::_M_reallocate_map(unsigned int, bool)
 .text._ZNSt11_Deque_baseIdSaIdEED2Ev
                0x038004ac       0x50 build/src/VirtualTargetPursuit.o
                0x038004ac                std::_Deque_base<double, std::allocator<double> >::~_Deque_base()
 .text._GLOBAL__sub_I_VirtualTargetPursuit.cpp
                0x038004fc       0x34 build/src/VirtualTargetPursuit.o
 .text._Z9pre_autonv
                0x03800530      0x2b0 build/src/main.o
                0x03800530                pre_auton()
 .text._Z10autonomousv
                0x038007e0      0x1f4 build/src/main.o
                0x038007e0                autonomous()
 .text._Z9DriveTaskv
                0x038009d4       0xf0 build/src/main.o
                0x038009d4                DriveTask()
 .text._Z5ATaskv
                0x03800ac4       0xec build/src/main.o
                0x03800ac4                ATask()
 .text._Z5PTaskv
                0x03800bb0      0x7c0 build/src/main.o
                0x03800bb0                PTask()
 .text._Z11usercontrolv
                0x03801370       0x9c build/src/main.o
                0x03801370                usercontrol()
 *fill*         0x0380140c        0x4 
 .text.main     0x03801410       0x68 build/src/main.o
                0x03801410                main
 .text._GLOBAL__sub_I_main.cpp
                0x03801478       0x5c build/src/main.o
 .text._Z19drawCurvedRectangleiiiii
                0x038014d4       0xdc build/src/screen_gui.o
                0x038014d4                drawCurvedRectangle(int, int, int, int, int)
 .text._Z16drawCurvedBorderiiiiiiPcS_
                0x038015b0       0xa0 build/src/screen_gui.o
                0x038015b0                drawCurvedBorder(int, int, int, int, int, int, char*, char*)
 .text._Z18drawEmptyRectangleiiii
                0x03801650       0x90 build/src/screen_gui.o
                0x03801650                drawEmptyRectangle(int, int, int, int)
 .text._Z9drawFieldv
                0x038016e0      0x450 build/src/screen_gui.o
                0x038016e0                drawField()
 .text._Z16drawSkillsCornerb
                0x03801b30      0x110 build/src/screen_gui.o
                0x03801b30                drawSkillsCorner(bool)
 .text._Z19drawTiltedRectangleiidd
                0x03801c40      0x140 build/src/screen_gui.o
                0x03801c40                drawTiltedRectangle(int, int, double, double)
 .text._Z19fillTiltedRectangleiidd
                0x03801d80      0x130 build/src/screen_gui.o
                0x03801d80                fillTiltedRectangle(int, int, double, double)
 .text._Z13confirmCornerv
                0x03801eb0      0x274 build/src/screen_gui.o
                0x03801eb0                confirmCorner()
 .text._Z20AutoSelectionRefreshv
                0x03802124      0x688 build/src/screen_gui.o
                0x03802124                AutoSelectionRefresh()
 .text._Z13AutoSelectionv
                0x038027ac      0x6b0 build/src/screen_gui.o
                0x038027ac                AutoSelection()
 .text._Z10AutonLogicv
                0x03802e5c      0x7b4 build/src/screen_gui.o
                0x03802e5c                AutonLogic()
 .text._GLOBAL__sub_I_screen_gui.cpp
                0x03803610       0x34 build/src/screen_gui.o
 *fill*         0x03803644        0x4 
 .text._Z8degToRadd
                0x03803648       0x20 build/src/odom.o
                0x03803648                degToRad(double)
 .text._Z8radToDegd
                0x03803668       0x20 build/src/odom.o
                0x03803668                radToDeg(double)
 .text._Z9pointDist5PointS_
                0x03803688       0x40 build/src/odom.o
                0x03803688                pointDist(Point, Point)
 .text._Z12pointHeading5PointS_
                0x038036c8       0x78 build/src/odom.o
                0x038036c8                pointHeading(Point, Point)
 .text._Z11AccuratePID10PIDDataSetS_ddiddb
                0x03803740      0x700 build/src/odom.o
                0x03803740                AccuratePID(PIDDataSet, PIDDataSet, double, double, int, double, double, bool)
 .text._Z10OdomUpdatev
                0x03803e40      0x1a0 build/src/odom.o
                0x03803e40                OdomUpdate()
 .text._Z13startTracking5Point
                0x03803fe0       0x60 build/src/odom.o
                0x03803fe0                startTracking(Point)
 .text._Z16predictNextPoint5PointS_ddddddddd
                0x03804040      0x448 build/src/odom.o
                0x03804040                predictNextPoint(Point, Point, double, double, double, double, double, double, double, double, double)
 .text._Z7boohoo210PIDDataSetS_5Pointdddb
                0x03804488      0xd10 build/src/odom.o
                0x03804488                boohoo2(PIDDataSet, PIDDataSet, Point, double, double, double, bool)
 .text._GLOBAL__sub_I_odom.cpp
                0x03805198       0x34 build/src/odom.o
 .text._Z7Zeroingbbb
                0x038051cc      0x184 build/src/movement.o
                0x038051cc                Zeroing(bool, bool, bool)
 .text._Z13ChassisUpdatev
                0x03805350      0x260 build/src/movement.o
                0x03805350                ChassisUpdate()
 .text._Z4Movedd
                0x038055b0      0x1d0 build/src/movement.o
                0x038055b0                Move(double, double)
 .text._Z4Moveii
                0x03805780       0x1c build/src/movement.o
                0x03805780                Move(int, int)
 .text._Z5BStopv
                0x0380579c       0xc8 build/src/movement.o
                0x0380579c                BStop()
 .text._Z5CStopv
                0x03805864       0xc8 build/src/movement.o
                0x03805864                CStop()
 *fill*         0x0380592c        0x4 
 .text._Z8RunIndexi
                0x03805930       0xa0 build/src/movement.o
                0x03805930                RunIndex(int)
 .text._Z8RunLeveri
                0x038059d0       0xa0 build/src/movement.o
                0x038059d0                RunLever(int)
 .text._Z11MiddleScorev
                0x03805a70        0x4 build/src/movement.o
                0x03805a70                MiddleScore()
 .text._Z12NeutralScorev
                0x03805a74        0x4 build/src/movement.o
                0x03805a74                NeutralScore()
 .text._Z9HighScorev
                0x03805a78        0x4 build/src/movement.o
                0x03805a78                HighScore()
 .text._Z9leverLiftb
                0x03805a7c       0x34 build/src/movement.o
                0x03805a7c                leverLift(bool)
 .text._Z14MoveEncoderPID10PIDDataSetidddb
                0x03805ab0      0x1e8 build/src/movement.o
                0x03805ab0                MoveEncoderPID(PIDDataSet, int, double, double, double, bool)
 .text._Z14TurnMaxTimePID10PIDDataSetddb
                0x03805c98      0x1a8 build/src/movement.o
                0x03805c98                TurnMaxTimePID(PIDDataSet, double, double, bool)
 .text._Z11MoveTimePID10PIDDataSetidddb
                0x03805e40      0x1f0 build/src/movement.o
                0x03805e40                MoveTimePID(PIDDataSet, int, double, double, double, bool)
 .text._Z15CurveEncoderPID10PIDDataSetiidddb
                0x03806030      0x170 build/src/movement.o
                0x03806030                CurveEncoderPID(PIDDataSet, int, int, double, double, double, bool)
 .text._Z9leverFulli
                0x038061a0      0x238 build/src/movement.o
                0x038061a0                leverFull(int)
 .text._Z12driveToPoint10PIDDataSetdddddbddd
                0x038063d8      0xf60 build/src/movement.o
                0x038063d8                driveToPoint(PIDDataSet, double, double, double, double, double, bool, double, double, double)
 .text._GLOBAL__sub_I_movement.cpp
                0x03807338       0x5c build/src/movement.o
 *fill*         0x03807394        0x4 
 .text._Z18get_dist_travelledd
                0x03807398       0x50 build/src/helper_functions.o
                0x03807398                get_dist_travelled(double)
 .text._Z15normalizeTargetd
                0x038073e8      0x128 build/src/helper_functions.o
                0x038073e8                normalizeTarget(double)
 .text._GLOBAL__sub_I_helper_functions.cpp
                0x03807510       0x34 build/src/helper_functions.o
 .text._Z11vexcodeInitv
                0x03807544        0x4 build/src/robot-config.o
                0x03807544                vexcodeInit()
 .text._GLOBAL__sub_I_robot_config.cpp
                0x03807548      0x4e8 build/src/robot-config.o
 .text._Z9OdomWithXv
                0x03807a30      0x2f8 build/src/Odometry.o
                0x03807a30                OdomWithX()
 .text._GLOBAL__sub_I_Odometry.cpp
                0x03807d28       0x34 build/src/Odometry.o
 *fill*         0x03807d5c        0x4 
 .text._Z16high_middle_wingv
                0x03807d60      0x6e0 build/src/routes/high_middle_wing.o
                0x03807d60                high_middle_wing()
 .text._GLOBAL__sub_I_high_middle_wing.cpp
                0x03808440       0x34 build/src/routes/high_middle_wing.o
 *fill*         0x03808474        0x4 
 .text._Z16small_yahuskillsv
                0x03808478     0x1ba8 build/src/routes/small_yahuskills.o
                0x03808478                small_yahuskills()
 .text._GLOBAL__sub_I_small_yahuskills.cpp
                0x0380a020       0x34 build/src/routes/small_yahuskills.o
 *fill*         0x0380a054        0x4 
 .text._Z8push_awpv
                0x0380a058      0x9b8 build/src/routes/push_awp.o
                0x0380a058                push_awp()
 .text._GLOBAL__sub_I_push_awp.cpp
                0x0380aa10       0x34 build/src/routes/push_awp.o
 *fill*         0x0380aa44        0x4 
 .text._Z6skillsv
                0x0380aa48     0x1a28 build/src/routes/skills.o
                0x0380aa48                skills()
 .text._Z9high_rushv
                0x0380c470      0x698 build/src/routes/high_rush.o
                0x0380c470                high_rush()
 .text._GLOBAL__sub_I_high_rush.cpp
                0x0380cb08       0x34 build/src/routes/high_rush.o
 *fill*         0x0380cb3c        0x4 
 .text._Z8low_rushv
                0x0380cb40      0x690 build/src/routes/low_rush.o
                0x0380cb40                low_rush()
 .text._GLOBAL__sub_I_low_rush.cpp
                0x0380d1d0       0x34 build/src/routes/low_rush.o
 *fill*         0x0380d204        0x4 
 .text._Z9high_fourv
                0x0380d208      0x818 build/src/routes/high_four.o
                0x0380d208                high_four()
 .text._GLOBAL__sub_I_high_four.cpp
                0x0380da20       0x34 build/src/routes/high_four.o
 *fill*         0x0380da54        0x4 
 .text._Z9low_basicv
                0x0380da58      0x750 build/src/routes/low_basic.o
                0x0380da58                low_basic()
 .text._Z10yahuskillsv
                0x0380e1a8     0x2638 build/src/routes/yahuskills.o
                0x0380e1a8                yahuskills()
 .text._GLOBAL__sub_I_yahuskills.cpp
                0x038107e0       0x34 build/src/routes/yahuskills.o
 *fill*         0x03810814        0x4 
 .text._Z9high_longv
                0x03810818      0x6f0 build/src/routes/high_long.o
                0x03810818                high_long()
 .text._GLOBAL__sub_I_high_long.cpp
                0x03810f08       0x34 build/src/routes/high_long.o
 *fill*         0x03810f3c        0x4 
 .text._Z10high_basicv
                0x03810f40      0x6b0 build/src/routes/high_basic.o
                0x03810f40                high_basic()
 .text._Z8low_fourv
                0x038115f0      0x580 build/src/routes/low_four.o
                0x038115f0                low_four()
 .text._GLOBAL__sub_I_low_four.cpp
                0x03811b70       0x34 build/src/routes/low_four.o
 *fill*         0x03811ba4        0x4 
 .text._Z8low_longv
                0x03811ba8      0x690 build/src/routes/low_long.o
                0x03811ba8                low_long()
 .text._Z14high_wingbreakv
                0x03812238      0x610 build/src/routes/high_wingbreak.o
                0x03812238                high_wingbreak()
 .text._GLOBAL__sub_I_high_wingbreak.cpp
                0x03812848       0x34 build/src/routes/high_wingbreak.o
 *fill*         0x0381287c        0x4 
 .text._Z17high_counter_rushv
                0x03812880      0xcc8 build/src/routes/high_counter_rush.o
                0x03812880                high_counter_rush()
 .text._GLOBAL__sub_I_high_counter_rush.cpp
                0x03813548       0x34 build/src/routes/high_counter_rush.o
 .text._Z11mangoskillsv
                0x0381357c      0x508 build/src/routes/mangoskills.o
                0x0381357c                mangoskills()
 .text._GLOBAL__sub_I_mangoskills.cpp
                0x03813a84       0x34 build/src/routes/mangoskills.o
 .text._Z8solo_awpv
                0x03813ab8      0xca8 build/src/routes/solo_awp.o
                0x03813ab8                solo_awp()
 .text._GLOBAL__sub_I_solo_awp.cpp
                0x03814760       0x34 build/src/routes/solo_awp.o
 *fill*         0x03814794        0x4 
 .text._Z15low_middle_wingv
                0x03814798      0x558 build/src/routes/low_middle_wing.o
                0x03814798                low_middle_wing()
 .text._Z8high_allv
                0x03814cf0      0x780 build/src/routes/high_all.o
                0x03814cf0                high_all()
 .text._GLOBAL__sub_I_high_all.cpp
                0x03815470       0x34 build/src/routes/high_all.o
 .text.vexMain  0x038154a4       0xb0 c:\Users\alfre\AppData\Roaming\Code\User\globalStorage\vexrobotics.vexcode\sdk\cpp\V5\V5_20240802_15_00_00/vexv5\libv5rt.a(v5_startup.c.obj)
                0x038154a4                vexMain
 .text.__vex_function_prolog
                0x03815554       0x18 c:\Users\alfre\AppData\Roaming\Code\User\globalStorage\vexrobotics.vexcode\sdk\cpp\V5\V5_20240802_15_00_00/vexv5\libv5rt.a(v5_startup.c.obj)
                0x03815554                __vex_function_prolog
 .text._init    0x0381556c        0x4 c:\Users\alfre\AppData\Roaming\Code\User\globalStorage\vexrobotics.vexcode\sdk\cpp\V5\V5_20240802_15_00_00/vexv5\libv5rt.a(v5_startup.c.obj)
                0x0381556c                _init
 .text._fini    0x03815570        0x4 c:\Users\alfre\AppData\Roaming\Code\User\globalStorage\vexrobotics.vexcode\sdk\cpp\V5\V5_20240802_15_00_00/vexv5\libv5rt.a(v5_startup.c.obj)
                0x03815570                _fini
 .text.vexStdlibVersionLinked
                0x03815574        0xc c:\Users\alfre\AppData\Roaming\Code\User\globalStorage\vexrobotics.vexcode\sdk\cpp\V5\V5_20240802_15_00_00/vexv5\libv5rt.a(v5_util.c.obj)
                0x03815574                vexStdlibVersionLinked
 .text.vexStdlibVersionVerify
                0x03815580       0x30 c:\Users\alfre\AppData\Roaming\Code\User\globalStorage\vexrobotics.vexcode\sdk\cpp\V5\V5_20240802_15_00_00/vexv5\libv5rt.a(v5_util.c.obj)
                0x03815580                vexStdlibVersionVerify
 .text.vexPrivateApiEnable
                0x038155b0       0x10 c:\Users\alfre\AppData\Roaming\Code\User\globalStorage\vexrobotics.vexcode\sdk\cpp\V5\V5_20240802_15_00_00/vexv5\libv5rt.a(v5_apijump.c.obj)
                0x038155b0                vexPrivateApiEnable
 .text.vexStdlibMismatchError
                0x038155c0       0x3c c:\Users\alfre\AppData\Roaming\Code\User\globalStorage\vexrobotics.vexcode\sdk\cpp\V5\V5_20240802_15_00_00/vexv5\libv5rt.a(v5_apijump.c.obj)
                0x038155c0                vexStdlibMismatchError
 .text.vexTaskAdd
                0x038155fc       0x10 c:\Users\alfre\AppData\Roaming\Code\User\globalStorage\vexrobotics.vexcode\sdk\cpp\V5\V5_20240802_15_00_00/vexv5\libv5rt.a(v5_apijump.c.obj)
                0x038155fc                vexTaskAdd
 .text.vexTasksRun
                0x0381560c       0x10 c:\Users\alfre\AppData\Roaming\Code\User\globalStorage\vexrobotics.vexcode\sdk\cpp\V5\V5_20240802_15_00_00/vexv5\libv5rt.a(v5_apijump.c.obj)
                0x0381560c                vexTasksRun
 .text.vexTaskYield
                0x0381561c       0x10 c:\Users\alfre\AppData\Roaming\Code\User\globalStorage\vexrobotics.vexcode\sdk\cpp\V5\V5_20240802_15_00_00/vexv5\libv5rt.a(v5_apijump.c.obj)
                0x0381561c                vexTaskYield
 .text.vexTaskCheckTimeslice
                0x0381562c       0x10 c:\Users\alfre\AppData\Roaming\Code\User\globalStorage\vexrobotics.vexcode\sdk\cpp\V5\V5_20240802_15_00_00/vexv5\libv5rt.a(v5_apijump.c.obj)
                0x0381562c                vexTaskCheckTimeslice
 .text.vexTaskSleep
                0x0381563c       0x10 c:\Users\alfre\AppData\Roaming\Code\User\globalStorage\vexrobotics.vexcode\sdk\cpp\V5\V5_20240802_15_00_00/vexv5\libv5rt.a(v5_apijump.c.obj)
                0x0381563c                vexTaskSleep
 .text.vexTasksDump
                0x0381564c       0x1c c:\Users\alfre\AppData\Roaming\Code\User\globalStorage\vexrobotics.vexcode\sdk\cpp\V5\V5_20240802_15_00_00/vexv5\libv5rt.a(v5_apijump.c.obj)
                0x0381564c                vexTasksDump
 .text.vexTaskGetTaskIndex
                0x03815668       0x10 c:\Users\alfre\AppData\Roaming\Code\User\globalStorage\vexrobotics.vexcode\sdk\cpp\V5\V5_20240802_15_00_00/vexv5\libv5rt.a(v5_apijump.c.obj)
                0x03815668                vexTaskGetTaskIndex
 .text.vexTaskStopAll
                0x03815678       0x10 c:\Users\alfre\AppData\Roaming\Code\User\globalStorage\vexrobotics.vexcode\sdk\cpp\V5\V5_20240802_15_00_00/vexv5\libv5rt.a(v5_apijump.c.obj)
                0x03815678                vexTaskStopAll
 .text.vexTaskRemoveAllUser
                0x03815688       0x34 c:\Users\alfre\AppData\Roaming\Code\User\globalStorage\vexrobotics.vexcode\sdk\cpp\V5\V5_20240802_15_00_00/vexv5\libv5rt.a(v5_apijump.c.obj)
                0x03815688                vexTaskRemoveAllUser
 .text.vexTaskCompletionIdSet
                0x038156bc       0x10 c:\Users\alfre\AppData\Roaming\Code\User\globalStorage\vexrobotics.vexcode\sdk\cpp\V5\V5_20240802_15_00_00/vexv5\libv5rt.a(v5_apijump.c.obj)
                0x038156bc                vexTaskCompletionIdSet
 .text.vexTaskStopWithId
                0x038156cc       0x10 c:\Users\alfre\AppData\Roaming\Code\User\globalStorage\vexrobotics.vexcode\sdk\cpp\V5\V5_20240802_15_00_00/vexv5\libv5rt.a(v5_apijump.c.obj)
                0x038156cc                vexTaskStopWithId
 .text.vexCriticalSection
                0x038156dc       0x2c c:\Users\alfre\AppData\Roaming\Code\User\globalStorage\vexrobotics.vexcode\sdk\cpp\V5\V5_20240802_15_00_00/vexv5\libv5rt.a(v5_apijump.c.obj)
                0x038156dc                vexCriticalSection
 .text.vexEventAdd
                0x03815708       0x34 c:\Users\alfre\AppData\Roaming\Code\User\globalStorage\vexrobotics.vexcode\sdk\cpp\V5\V5_20240802_15_00_00/vexv5\libv5rt.a(v5_apijump.c.obj)
                0x03815708                vexEventAdd
 .text.vexEventUserIndexGet
                0x0381573c       0x1c c:\Users\alfre\AppData\Roaming\Code\User\globalStorage\vexrobotics.vexcode\sdk\cpp\V5\V5_20240802_15_00_00/vexv5\libv5rt.a(v5_apijump.c.obj)
                0x0381573c                vexEventUserIndexGet
 .text.vexEventAddWithArg
                0x03815758       0x3c c:\Users\alfre\AppData\Roaming\Code\User\globalStorage\vexrobotics.vexcode\sdk\cpp\V5\V5_20240802_15_00_00/vexv5\libv5rt.a(v5_apijump.c.obj)
                0x03815758                vexEventAddWithArg
 .text.vexEventsCleanup
                0x03815794       0x2c c:\Users\alfre\AppData\Roaming\Code\User\globalStorage\vexrobotics.vexcode\sdk\cpp\V5\V5_20240802_15_00_00/vexv5\libv5rt.a(v5_apijump.c.obj)
                0x03815794                vexEventsCleanup
 .text.vexDebug
                0x038157c0       0x38 c:\Users\alfre\AppData\Roaming\Code\User\globalStorage\vexrobotics.vexcode\sdk\cpp\V5\V5_20240802_15_00_00/vexv5\libv5rt.a(v5_apijump.c.obj)
                0x038157c0                vexDebug
 .text.vex_sprintf
                0x038157f8       0x40 c:\Users\alfre\AppData\Roaming\Code\User\globalStorage\vexrobotics.vexcode\sdk\cpp\V5\V5_20240802_15_00_00/vexv5\libv5rt.a(v5_apijump.c.obj)
                0x038157f8                vex_sprintf
 .text.vex_vsnprintf
                0x03815838       0x3c c:\Users\alfre\AppData\Roaming\Code\User\globalStorage\vexrobotics.vexcode\sdk\cpp\V5\V5_20240802_15_00_00/vexv5\libv5rt.a(v5_apijump.c.obj)
                0x03815838                vex_vsnprintf
 .text.vexSystemTimeGet
                0x03815874       0x1c c:\Users\alfre\AppData\Roaming\Code\User\globalStorage\vexrobotics.vexcode\sdk\cpp\V5\V5_20240802_15_00_00/vexv5\libv5rt.a(v5_apijump.c.obj)
                0x03815874                vexSystemTimeGet
 .text.vexSystemExitRequest
                0x03815890       0x1c c:\Users\alfre\AppData\Roaming\Code\User\globalStorage\vexrobotics.vexcode\sdk\cpp\V5\V5_20240802_15_00_00/vexv5\libv5rt.a(v5_apijump.c.obj)
                0x03815890                vexSystemExitRequest
 .text.vexDeviceGetByIndex
                0x038158ac       0x24 c:\Users\alfre\AppData\Roaming\Code\User\globalStorage\vexrobotics.vexcode\sdk\cpp\V5\V5_20240802_15_00_00/vexv5\libv5rt.a(v5_apijump.c.obj)
                0x038158ac                vexDeviceGetByIndex
 .text.vexControllerGet
                0x038158d0       0x2c c:\Users\alfre\AppData\Roaming\Code\User\globalStorage\vexrobotics.vexcode\sdk\cpp\V5\V5_20240802_15_00_00/vexv5\libv5rt.a(v5_apijump.c.obj)
                0x038158d0                vexControllerGet
 .text.vexDeviceAdiPortConfigSet
                0x038158fc       0x34 c:\Users\alfre\AppData\Roaming\Code\User\globalStorage\vexrobotics.vexcode\sdk\cpp\V5\V5_20240802_15_00_00/vexv5\libv5rt.a(v5_apijump.c.obj)
                0x038158fc                vexDeviceAdiPortConfigSet
 .text.vexDeviceAdiPortConfigGet
                0x03815930       0x2c c:\Users\alfre\AppData\Roaming\Code\User\globalStorage\vexrobotics.vexcode\sdk\cpp\V5\V5_20240802_15_00_00/vexv5\libv5rt.a(v5_apijump.c.obj)
                0x03815930                vexDeviceAdiPortConfigGet
 .text.vexDeviceAdiValueSet
                0x0381595c       0x34 c:\Users\alfre\AppData\Roaming\Code\User\globalStorage\vexrobotics.vexcode\sdk\cpp\V5\V5_20240802_15_00_00/vexv5\libv5rt.a(v5_apijump.c.obj)
                0x0381595c                vexDeviceAdiValueSet
 .text.vexDeviceMotorVelocitySet
                0x03815990       0x2c c:\Users\alfre\AppData\Roaming\Code\User\globalStorage\vexrobotics.vexcode\sdk\cpp\V5\V5_20240802_15_00_00/vexv5\libv5rt.a(v5_apijump.c.obj)
                0x03815990                vexDeviceMotorVelocitySet
 .text.vexDeviceMotorVoltageSet
                0x038159bc       0x2c c:\Users\alfre\AppData\Roaming\Code\User\globalStorage\vexrobotics.vexcode\sdk\cpp\V5\V5_20240802_15_00_00/vexv5\libv5rt.a(v5_apijump.c.obj)
                0x038159bc                vexDeviceMotorVoltageSet
 .text.vexDeviceMotorActualVelocityGet
                0x038159e8       0x24 c:\Users\alfre\AppData\Roaming\Code\User\globalStorage\vexrobotics.vexcode\sdk\cpp\V5\V5_20240802_15_00_00/vexv5\libv5rt.a(v5_apijump.c.obj)
                0x038159e8                vexDeviceMotorActualVelocityGet
 .text.vexDeviceMotorCurrentLimitSet
                0x03815a0c       0x2c c:\Users\alfre\AppData\Roaming\Code\User\globalStorage\vexrobotics.vexcode\sdk\cpp\V5\V5_20240802_15_00_00/vexv5\libv5rt.a(v5_apijump.c.obj)
                0x03815a0c                vexDeviceMotorCurrentLimitSet
 .text.vexDeviceMotorReverseFlagSet
                0x03815a38       0x2c c:\Users\alfre\AppData\Roaming\Code\User\globalStorage\vexrobotics.vexcode\sdk\cpp\V5\V5_20240802_15_00_00/vexv5\libv5rt.a(v5_apijump.c.obj)
                0x03815a38                vexDeviceMotorReverseFlagSet
 .text.vexDeviceMotorEncoderUnitsSet
                0x03815a64       0x2c c:\Users\alfre\AppData\Roaming\Code\User\globalStorage\vexrobotics.vexcode\sdk\cpp\V5\V5_20240802_15_00_00/vexv5\libv5rt.a(v5_apijump.c.obj)
                0x03815a64                vexDeviceMotorEncoderUnitsSet
 .text.vexDeviceMotorBrakeModeSet
                0x03815a90       0x2c c:\Users\alfre\AppData\Roaming\Code\User\globalStorage\vexrobotics.vexcode\sdk\cpp\V5\V5_20240802_15_00_00/vexv5\libv5rt.a(v5_apijump.c.obj)
                0x03815a90                vexDeviceMotorBrakeModeSet
 .text.vexDeviceMotorPositionSet
                0x03815abc       0x34 c:\Users\alfre\AppData\Roaming\Code\User\globalStorage\vexrobotics.vexcode\sdk\cpp\V5\V5_20240802_15_00_00/vexv5\libv5rt.a(v5_apijump.c.obj)
                0x03815abc                vexDeviceMotorPositionSet
 .text.vexDeviceMotorPositionGet
                0x03815af0       0x24 c:\Users\alfre\AppData\Roaming\Code\User\globalStorage\vexrobotics.vexcode\sdk\cpp\V5\V5_20240802_15_00_00/vexv5\libv5rt.a(v5_apijump.c.obj)
                0x03815af0                vexDeviceMotorPositionGet
 .text.vexDeviceMotorGearingSet
                0x03815b14       0x2c c:\Users\alfre\AppData\Roaming\Code\User\globalStorage\vexrobotics.vexcode\sdk\cpp\V5\V5_20240802_15_00_00/vexv5\libv5rt.a(v5_apijump.c.obj)
                0x03815b14                vexDeviceMotorGearingSet
 .text.vexDeviceMotorGearingGet
                0x03815b40       0x24 c:\Users\alfre\AppData\Roaming\Code\User\globalStorage\vexrobotics.vexcode\sdk\cpp\V5\V5_20240802_15_00_00/vexv5\libv5rt.a(v5_apijump.c.obj)
                0x03815b40                vexDeviceMotorGearingGet
 .text.vexDeviceImuReset
                0x03815b64       0x24 c:\Users\alfre\AppData\Roaming\Code\User\globalStorage\vexrobotics.vexcode\sdk\cpp\V5\V5_20240802_15_00_00/vexv5\libv5rt.a(v5_apijump.c.obj)
                0x03815b64                vexDeviceImuReset
 .text.vexDeviceImuHeadingGet
                0x03815b88       0x24 c:\Users\alfre\AppData\Roaming\Code\User\globalStorage\vexrobotics.vexcode\sdk\cpp\V5\V5_20240802_15_00_00/vexv5\libv5rt.a(v5_apijump.c.obj)
                0x03815b88                vexDeviceImuHeadingGet
 .text.vexDeviceImuDegreesGet
                0x03815bac       0x24 c:\Users\alfre\AppData\Roaming\Code\User\globalStorage\vexrobotics.vexcode\sdk\cpp\V5\V5_20240802_15_00_00/vexv5\libv5rt.a(v5_apijump.c.obj)
                0x03815bac                vexDeviceImuDegreesGet
 .text.vexDeviceImuStatusGet
                0x03815bd0       0x24 c:\Users\alfre\AppData\Roaming\Code\User\globalStorage\vexrobotics.vexcode\sdk\cpp\V5\V5_20240802_15_00_00/vexv5\libv5rt.a(v5_apijump.c.obj)
                0x03815bd0                vexDeviceImuStatusGet
 .text.vexDeviceAbsEncPositionSet
                0x03815bf4       0x2c c:\Users\alfre\AppData\Roaming\Code\User\globalStorage\vexrobotics.vexcode\sdk\cpp\V5\V5_20240802_15_00_00/vexv5\libv5rt.a(v5_apijump.c.obj)
                0x03815bf4                vexDeviceAbsEncPositionSet
 .text.vexDeviceAbsEncPositionGet
                0x03815c20       0x24 c:\Users\alfre\AppData\Roaming\Code\User\globalStorage\vexrobotics.vexcode\sdk\cpp\V5\V5_20240802_15_00_00/vexv5\libv5rt.a(v5_apijump.c.obj)
                0x03815c20                vexDeviceAbsEncPositionGet
 .text.vexDeviceAbsEncAngleGet
                0x03815c44       0x24 c:\Users\alfre\AppData\Roaming\Code\User\globalStorage\vexrobotics.vexcode\sdk\cpp\V5\V5_20240802_15_00_00/vexv5\libv5rt.a(v5_apijump.c.obj)
                0x03815c44                vexDeviceAbsEncAngleGet
 .text.vexDeviceAbsEncReverseFlagSet
                0x03815c68       0x2c c:\Users\alfre\AppData\Roaming\Code\User\globalStorage\vexrobotics.vexcode\sdk\cpp\V5\V5_20240802_15_00_00/vexv5\libv5rt.a(v5_apijump.c.obj)
                0x03815c68                vexDeviceAbsEncReverseFlagSet
 .text.vexDeviceDistanceDistanceGet
                0x03815c94       0x24 c:\Users\alfre\AppData\Roaming\Code\User\globalStorage\vexrobotics.vexcode\sdk\cpp\V5\V5_20240802_15_00_00/vexv5\libv5rt.a(v5_apijump.c.obj)
                0x03815c94                vexDeviceDistanceDistanceGet
 .text.vexDisplayForegroundColor
                0x03815cb8       0x24 c:\Users\alfre\AppData\Roaming\Code\User\globalStorage\vexrobotics.vexcode\sdk\cpp\V5\V5_20240802_15_00_00/vexv5\libv5rt.a(v5_apijump.c.obj)
                0x03815cb8                vexDisplayForegroundColor
 .text.vexDisplayBackgroundColor
                0x03815cdc       0x24 c:\Users\alfre\AppData\Roaming\Code\User\globalStorage\vexrobotics.vexcode\sdk\cpp\V5\V5_20240802_15_00_00/vexv5\libv5rt.a(v5_apijump.c.obj)
                0x03815cdc                vexDisplayBackgroundColor
 .text.vexDisplayBackgroundColorGet
                0x03815d00       0x1c c:\Users\alfre\AppData\Roaming\Code\User\globalStorage\vexrobotics.vexcode\sdk\cpp\V5\V5_20240802_15_00_00/vexv5\libv5rt.a(v5_apijump.c.obj)
                0x03815d00                vexDisplayBackgroundColorGet
 .text.vexDisplayPixelSet
                0x03815d1c       0x38 c:\Users\alfre\AppData\Roaming\Code\User\globalStorage\vexrobotics.vexcode\sdk\cpp\V5\V5_20240802_15_00_00/vexv5\libv5rt.a(v5_apijump.c.obj)
                0x03815d1c                vexDisplayPixelSet
 .text.vexDisplayLineDraw
                0x03815d54       0x4c c:\Users\alfre\AppData\Roaming\Code\User\globalStorage\vexrobotics.vexcode\sdk\cpp\V5\V5_20240802_15_00_00/vexv5\libv5rt.a(v5_apijump.c.obj)
                0x03815d54                vexDisplayLineDraw
 .text.vexDisplayRectDraw
                0x03815da0       0x4c c:\Users\alfre\AppData\Roaming\Code\User\globalStorage\vexrobotics.vexcode\sdk\cpp\V5\V5_20240802_15_00_00/vexv5\libv5rt.a(v5_apijump.c.obj)
                0x03815da0                vexDisplayRectDraw
 .text.vexDisplayRectClear
                0x03815dec       0x4c c:\Users\alfre\AppData\Roaming\Code\User\globalStorage\vexrobotics.vexcode\sdk\cpp\V5\V5_20240802_15_00_00/vexv5\libv5rt.a(v5_apijump.c.obj)
                0x03815dec                vexDisplayRectClear
 .text.vexDisplayCircleDraw
                0x03815e38       0x40 c:\Users\alfre\AppData\Roaming\Code\User\globalStorage\vexrobotics.vexcode\sdk\cpp\V5\V5_20240802_15_00_00/vexv5\libv5rt.a(v5_apijump.c.obj)
                0x03815e38                vexDisplayCircleDraw
 .text.vexDisplayCircleClear
                0x03815e78       0x40 c:\Users\alfre\AppData\Roaming\Code\User\globalStorage\vexrobotics.vexcode\sdk\cpp\V5\V5_20240802_15_00_00/vexv5\libv5rt.a(v5_apijump.c.obj)
                0x03815e78                vexDisplayCircleClear
 .text.vexDisplayVPrintf
                0x03815eb8       0x50 c:\Users\alfre\AppData\Roaming\Code\User\globalStorage\vexrobotics.vexcode\sdk\cpp\V5\V5_20240802_15_00_00/vexv5\libv5rt.a(v5_apijump.c.obj)
                0x03815eb8                vexDisplayVPrintf
 .text.vexDisplayTextReference
                0x03815f08       0x24 c:\Users\alfre\AppData\Roaming\Code\User\globalStorage\vexrobotics.vexcode\sdk\cpp\V5\V5_20240802_15_00_00/vexv5\libv5rt.a(v5_apijump.c.obj)
                0x03815f08                vexDisplayTextReference
 .text.vexDisplayTextSize
                0x03815f2c       0x2c c:\Users\alfre\AppData\Roaming\Code\User\globalStorage\vexrobotics.vexcode\sdk\cpp\V5\V5_20240802_15_00_00/vexv5\libv5rt.a(v5_apijump.c.obj)
                0x03815f2c                vexDisplayTextSize
 .text.vexDisplayFontNamedSet
                0x03815f58       0x24 c:\Users\alfre\AppData\Roaming\Code\User\globalStorage\vexrobotics.vexcode\sdk\cpp\V5\V5_20240802_15_00_00/vexv5\libv5rt.a(v5_apijump.c.obj)
                0x03815f58                vexDisplayFontNamedSet
 .text.vexDisplayStringWidthGet
                0x03815f7c       0x24 c:\Users\alfre\AppData\Roaming\Code\User\globalStorage\vexrobotics.vexcode\sdk\cpp\V5\V5_20240802_15_00_00/vexv5\libv5rt.a(v5_apijump.c.obj)
                0x03815f7c                vexDisplayStringWidthGet
 .text.vexDisplayPenSizeSet
                0x03815fa0       0x24 c:\Users\alfre\AppData\Roaming\Code\User\globalStorage\vexrobotics.vexcode\sdk\cpp\V5\V5_20240802_15_00_00/vexv5\libv5rt.a(v5_apijump.c.obj)
                0x03815fa0                vexDisplayPenSizeSet
 .text.vexDisplayPenSizeGet
                0x03815fc4       0x1c c:\Users\alfre\AppData\Roaming\Code\User\globalStorage\vexrobotics.vexcode\sdk\cpp\V5\V5_20240802_15_00_00/vexv5\libv5rt.a(v5_apijump.c.obj)
                0x03815fc4                vexDisplayPenSizeGet
 .text.vexSystemStdlibImpureDataAddr
                0x03815fe0       0x28 c:\Users\alfre\AppData\Roaming\Code\User\globalStorage\vexrobotics.vexcode\sdk\cpp\V5\V5_20240802_15_00_00/vexv5\libv5rt.a(v5_apijump.c.obj)
                0x03815fe0                vexSystemStdlibImpureDataAddr
 .text.vexSystemStdlibImpureDataSize
                0x03816008       0x28 c:\Users\alfre\AppData\Roaming\Code\User\globalStorage\vexrobotics.vexcode\sdk\cpp\V5\V5_20240802_15_00_00/vexv5\libv5rt.a(v5_apijump.c.obj)
                0x03816008                vexSystemStdlibImpureDataSize
 .text.vexSystemSaveUserData
                0x03816030       0x3c c:\Users\alfre\AppData\Roaming\Code\User\globalStorage\vexrobotics.vexcode\sdk\cpp\V5\V5_20240802_15_00_00/vexv5\libv5rt.a(v5_apijump.c.obj)
                0x03816030                vexSystemSaveUserData
 .text.vexTouchDataGet
                0x0381606c       0x10 c:\Users\alfre\AppData\Roaming\Code\User\globalStorage\vexrobotics.vexcode\sdk\cpp\V5\V5_20240802_15_00_00/vexv5\libv5rt.a(v5_apijump.c.obj)
                0x0381606c                vexTouchDataGet
 .text.vexDisplayThemeIdGet
                0x0381607c       0x38 c:\Users\alfre\AppData\Roaming\Code\User\globalStorage\vexrobotics.vexcode\sdk\cpp\V5\V5_20240802_15_00_00/vexv5\libv5rt.a(v5_apijump.c.obj)
                0x0381607c                vexDisplayThemeIdGet
 .text.vexDeviceEventMaskSet
                0x038160b4       0x48 c:\Users\alfre\AppData\Roaming\Code\User\globalStorage\vexrobotics.vexcode\sdk\cpp\V5\V5_20240802_15_00_00/vexv5\libv5rt.a(v5_apijump.c.obj)
                0x038160b4                vexDeviceEventMaskSet
 .text.vexDeviceEventMaskGet
                0x038160fc       0x3c c:\Users\alfre\AppData\Roaming\Code\User\globalStorage\vexrobotics.vexcode\sdk\cpp\V5\V5_20240802_15_00_00/vexv5\libv5rt.a(v5_apijump.c.obj)
                0x038160fc                vexDeviceEventMaskGet
 .text.vexSystemVersion
                0x03816138       0x10 c:\Users\alfre\AppData\Roaming\Code\User\globalStorage\vexrobotics.vexcode\sdk\cpp\V5\V5_20240802_15_00_00/vexv5\libv5rt.a(v5_apiversions.c.obj)
                0x03816138                vexSystemVersion
 .text.vexStdlibVersion
                0x03816148       0x10 c:\Users\alfre\AppData\Roaming\Code\User\globalStorage\vexrobotics.vexcode\sdk\cpp\V5\V5_20240802_15_00_00/vexv5\libv5rt.a(v5_apiversions.c.obj)
                0x03816148                vexStdlibVersion
 .text._ZN3vex4waitEdNS_9timeUnitsE
                0x03816158       0x30 c:\Users\alfre\AppData\Roaming\Code\User\globalStorage\vexrobotics.vexcode\sdk\cpp\V5\V5_20240802_15_00_00/vexv5\libv5rt.a(vex_global.cpp.obj)
                0x03816158                vex::wait(double, vex::timeUnits)
 .text._ZN3vex5motorD2Ev
                0x03816188       0x20 c:\Users\alfre\AppData\Roaming\Code\User\globalStorage\vexrobotics.vexcode\sdk\cpp\V5\V5_20240802_15_00_00/vexv5\libv5rt.a(vex_motor.cpp.obj)
                0x03816188                vex::motor::~motor()
                0x03816188                vex::motor::~motor()
 .text._ZN3vex5motorD0Ev
                0x038161a8       0x1c c:\Users\alfre\AppData\Roaming\Code\User\globalStorage\vexrobotics.vexcode\sdk\cpp\V5\V5_20240802_15_00_00/vexv5\libv5rt.a(vex_motor.cpp.obj)
                0x038161a8                vex::motor::~motor()
 .text._ZN3vex5motor9installedEv
                0x038161c4       0x18 c:\Users\alfre\AppData\Roaming\Code\User\globalStorage\vexrobotics.vexcode\sdk\cpp\V5\V5_20240802_15_00_00/vexv5\libv5rt.a(vex_motor.cpp.obj)
                0x038161c4                vex::motor::installed()
 .text._ZN3vex5motor15defaultStoppingENS_9brakeTypeE
                0x038161dc       0x30 c:\Users\alfre\AppData\Roaming\Code\User\globalStorage\vexrobotics.vexcode\sdk\cpp\V5\V5_20240802_15_00_00/vexv5\libv5rt.a(vex_motor.cpp.obj)
                0x038161dc                vex::motor::defaultStopping(vex::brakeType)
 .text._ZN3vex5motor8setBrakeENS_9brakeTypeE
                0x0381620c        0x4 c:\Users\alfre\AppData\Roaming\Code\User\globalStorage\vexrobotics.vexcode\sdk\cpp\V5\V5_20240802_15_00_00/vexv5\libv5rt.a(vex_motor.cpp.obj)
                0x0381620c                vex::motor::setBrake(vex::brakeType)
 .text._ZN3vex5motor11setStoppingENS_9brakeTypeE
                0x03816210        0x4 c:\Users\alfre\AppData\Roaming\Code\User\globalStorage\vexrobotics.vexcode\sdk\cpp\V5\V5_20240802_15_00_00/vexv5\libv5rt.a(vex_motor.cpp.obj)
                0x03816210                vex::motor::setStopping(vex::brakeType)
 .text._ZN3vex5motorC2El
                0x03816214       0x78 c:\Users\alfre\AppData\Roaming\Code\User\globalStorage\vexrobotics.vexcode\sdk\cpp\V5\V5_20240802_15_00_00/vexv5\libv5rt.a(vex_motor.cpp.obj)
                0x03816214                vex::motor::motor(long)
                0x03816214                vex::motor::motor(long)
 .text._ZN3vex5motorC2ElNS_11gearSettingEb
                0x0381628c       0x34 c:\Users\alfre\AppData\Roaming\Code\User\globalStorage\vexrobotics.vexcode\sdk\cpp\V5\V5_20240802_15_00_00/vexv5\libv5rt.a(vex_motor.cpp.obj)
                0x0381628c                vex::motor::motor(long, vex::gearSetting, bool)
                0x0381628c                vex::motor::motor(long, vex::gearSetting, bool)
 .text._ZN3vex5motor4spinENS_13directionTypeEdNS_12voltageUnitsE
                0x038162c0       0x50 c:\Users\alfre\AppData\Roaming\Code\User\globalStorage\vexrobotics.vexcode\sdk\cpp\V5\V5_20240802_15_00_00/vexv5\libv5rt.a(vex_motor.cpp.obj)
                0x038162c0                vex::motor::spin(vex::directionType, double, vex::voltageUnits)
 .text._ZN3vex5motor4stopENS_9brakeTypeE
                0x03816310       0x30 c:\Users\alfre\AppData\Roaming\Code\User\globalStorage\vexrobotics.vexcode\sdk\cpp\V5\V5_20240802_15_00_00/vexv5\libv5rt.a(vex_motor.cpp.obj)
                0x03816310                vex::motor::stop(vex::brakeType)
 .text._ZN3vex5motor4stopEv
                0x03816340        0x8 c:\Users\alfre\AppData\Roaming\Code\User\globalStorage\vexrobotics.vexcode\sdk\cpp\V5\V5_20240802_15_00_00/vexv5\libv5rt.a(vex_motor.cpp.obj)
                0x03816340                vex::motor::stop()
 .text._ZN3vex5motor12setMaxTorqueEdNS_12percentUnitsE
                0x03816348       0x88 c:\Users\alfre\AppData\Roaming\Code\User\globalStorage\vexrobotics.vexcode\sdk\cpp\V5\V5_20240802_15_00_00/vexv5\libv5rt.a(vex_motor.cpp.obj)
                0x03816348                vex::motor::setMaxTorque(double, vex::percentUnits)
 .text._ZN3vex5motor16velocityToScaledEdNS_13velocityUnitsE
                0x038163d0       0x5c c:\Users\alfre\AppData\Roaming\Code\User\globalStorage\vexrobotics.vexcode\sdk\cpp\V5\V5_20240802_15_00_00/vexv5\libv5rt.a(vex_motor.cpp.obj)
                0x038163d0                vex::motor::velocityToScaled(double, vex::velocityUnits)
 .text._ZN3vex5motor8velocityENS_13velocityUnitsE
                0x0381642c       0x30 c:\Users\alfre\AppData\Roaming\Code\User\globalStorage\vexrobotics.vexcode\sdk\cpp\V5\V5_20240802_15_00_00/vexv5\libv5rt.a(vex_motor.cpp.obj)
                0x0381642c                vex::motor::velocity(vex::velocityUnits)
 .text._ZN3vex5motor5valueEv
                0x0381645c       0x1c c:\Users\alfre\AppData\Roaming\Code\User\globalStorage\vexrobotics.vexcode\sdk\cpp\V5\V5_20240802_15_00_00/vexv5\libv5rt.a(vex_motor.cpp.obj)
                0x0381645c                vex::motor::value()
 .text._ZN3vex5motor16setRotationUnitsENS_13rotationUnitsE
                0x03816478       0x1c c:\Users\alfre\AppData\Roaming\Code\User\globalStorage\vexrobotics.vexcode\sdk\cpp\V5\V5_20240802_15_00_00/vexv5\libv5rt.a(vex_motor.cpp.obj)
                0x03816478                vex::motor::setRotationUnits(vex::rotationUnits)
 .text._ZN3vex5motor11setPositionEdNS_13rotationUnitsE
                0x03816494       0x44 c:\Users\alfre\AppData\Roaming\Code\User\globalStorage\vexrobotics.vexcode\sdk\cpp\V5\V5_20240802_15_00_00/vexv5\libv5rt.a(vex_motor.cpp.obj)
                0x03816494                vex::motor::setPosition(double, vex::rotationUnits)
 .text._ZN3vex5motor13resetPositionEv
                0x038164d8       0x20 c:\Users\alfre\AppData\Roaming\Code\User\globalStorage\vexrobotics.vexcode\sdk\cpp\V5\V5_20240802_15_00_00/vexv5\libv5rt.a(vex_motor.cpp.obj)
                0x038164d8                vex::motor::resetPosition()
 .text._ZN3vex5motor8positionENS_13rotationUnitsE
                0x038164f8       0x44 c:\Users\alfre\AppData\Roaming\Code\User\globalStorage\vexrobotics.vexcode\sdk\cpp\V5\V5_20240802_15_00_00/vexv5\libv5rt.a(vex_motor.cpp.obj)
                0x038164f8                vex::motor::position(vex::rotationUnits)
 .text._ZN3vex8inertial11getTurnTypeEv
                0x0381653c        0x8 c:\Users\alfre\AppData\Roaming\Code\User\globalStorage\vexrobotics.vexcode\sdk\cpp\V5\V5_20240802_15_00_00/vexv5\libv5rt.a(vex_imu.cpp.obj)
                0x0381653c                vex::inertial::getTurnType()
 .text._ZThn16_N3vex8inertial11getTurnTypeEv
                0x03816544        0x8 c:\Users\alfre\AppData\Roaming\Code\User\globalStorage\vexrobotics.vexcode\sdk\cpp\V5\V5_20240802_15_00_00/vexv5\libv5rt.a(vex_imu.cpp.obj)
                0x03816544                non-virtual thunk to vex::inertial::getTurnType()
 *fill*         0x0381654c        0x4 
 .text._ZN3vex8inertial10setHeadingEdNS_13rotationUnitsE
                0x03816550       0x58 c:\Users\alfre\AppData\Roaming\Code\User\globalStorage\vexrobotics.vexcode\sdk\cpp\V5\V5_20240802_15_00_00/vexv5\libv5rt.a(vex_imu.cpp.obj)
                0x03816550                vex::inertial::setHeading(double, vex::rotationUnits)
 .text._ZThn16_N3vex8inertial10setHeadingEdNS_13rotationUnitsE
                0x038165a8        0x8 c:\Users\alfre\AppData\Roaming\Code\User\globalStorage\vexrobotics.vexcode\sdk\cpp\V5\V5_20240802_15_00_00/vexv5\libv5rt.a(vex_imu.cpp.obj)
                0x038165a8                non-virtual thunk to vex::inertial::setHeading(double, vex::rotationUnits)
 .text._ZN3vex8inertial11setRotationEdNS_13rotationUnitsE
                0x038165b0       0x58 c:\Users\alfre\AppData\Roaming\Code\User\globalStorage\vexrobotics.vexcode\sdk\cpp\V5\V5_20240802_15_00_00/vexv5\libv5rt.a(vex_imu.cpp.obj)
                0x038165b0                vex::inertial::setRotation(double, vex::rotationUnits)
 .text._ZThn16_N3vex8inertial11setRotationEdNS_13rotationUnitsE
                0x03816608        0x8 c:\Users\alfre\AppData\Roaming\Code\User\globalStorage\vexrobotics.vexcode\sdk\cpp\V5\V5_20240802_15_00_00/vexv5\libv5rt.a(vex_imu.cpp.obj)
                0x03816608                non-virtual thunk to vex::inertial::setRotation(double, vex::rotationUnits)
 .text._ZN3vex8inertialD2Ev
                0x03816610       0x20 c:\Users\alfre\AppData\Roaming\Code\User\globalStorage\vexrobotics.vexcode\sdk\cpp\V5\V5_20240802_15_00_00/vexv5\libv5rt.a(vex_imu.cpp.obj)
                0x03816610                vex::inertial::~inertial()
                0x03816610                vex::inertial::~inertial()
 .text._ZThn16_N3vex8inertialD1Ev
                0x03816630        0x8 c:\Users\alfre\AppData\Roaming\Code\User\globalStorage\vexrobotics.vexcode\sdk\cpp\V5\V5_20240802_15_00_00/vexv5\libv5rt.a(vex_imu.cpp.obj)
                0x03816630                non-virtual thunk to vex::inertial::~inertial()
 .text._ZN3vex8inertialD0Ev
                0x03816638       0x1c c:\Users\alfre\AppData\Roaming\Code\User\globalStorage\vexrobotics.vexcode\sdk\cpp\V5\V5_20240802_15_00_00/vexv5\libv5rt.a(vex_imu.cpp.obj)
                0x03816638                vex::inertial::~inertial()
 .text._ZThn16_N3vex8inertialD0Ev
                0x03816654        0x8 c:\Users\alfre\AppData\Roaming\Code\User\globalStorage\vexrobotics.vexcode\sdk\cpp\V5\V5_20240802_15_00_00/vexv5\libv5rt.a(vex_imu.cpp.obj)
                0x03816654                non-virtual thunk to vex::inertial::~inertial()
 .text._ZN3vex8inertial9installedEv
                0x0381665c       0x18 c:\Users\alfre\AppData\Roaming\Code\User\globalStorage\vexrobotics.vexcode\sdk\cpp\V5\V5_20240802_15_00_00/vexv5\libv5rt.a(vex_imu.cpp.obj)
                0x0381665c                vex::inertial::installed()
 .text._ZN3vex8inertial5angleENS_13rotationUnitsE
                0x03816674       0x6c c:\Users\alfre\AppData\Roaming\Code\User\globalStorage\vexrobotics.vexcode\sdk\cpp\V5\V5_20240802_15_00_00/vexv5\libv5rt.a(vex_imu.cpp.obj)
                0x03816674                vex::inertial::angle(vex::rotationUnits)
 .text._ZThn16_N3vex8inertial5angleENS_13rotationUnitsE
                0x038166e0        0x8 c:\Users\alfre\AppData\Roaming\Code\User\globalStorage\vexrobotics.vexcode\sdk\cpp\V5\V5_20240802_15_00_00/vexv5\libv5rt.a(vex_imu.cpp.obj)
                0x038166e0                non-virtual thunk to vex::inertial::angle(vex::rotationUnits)
 .text._ZN3vex8inertial7headingENS_13rotationUnitsE
                0x038166e8        0x4 c:\Users\alfre\AppData\Roaming\Code\User\globalStorage\vexrobotics.vexcode\sdk\cpp\V5\V5_20240802_15_00_00/vexv5\libv5rt.a(vex_imu.cpp.obj)
                0x038166e8                vex::inertial::heading(vex::rotationUnits)
 .text._ZThn16_N3vex8inertial7headingENS_13rotationUnitsE
                0x038166ec        0x8 c:\Users\alfre\AppData\Roaming\Code\User\globalStorage\vexrobotics.vexcode\sdk\cpp\V5\V5_20240802_15_00_00/vexv5\libv5rt.a(vex_imu.cpp.obj)
                0x038166ec                non-virtual thunk to vex::inertial::heading(vex::rotationUnits)
 .text._ZN3vex8inertial5valueEv
                0x038166f4       0x1c c:\Users\alfre\AppData\Roaming\Code\User\globalStorage\vexrobotics.vexcode\sdk\cpp\V5\V5_20240802_15_00_00/vexv5\libv5rt.a(vex_imu.cpp.obj)
                0x038166f4                vex::inertial::value()
 .text._ZN3vex8inertial8rotationENS_13rotationUnitsE
                0x03816710       0x48 c:\Users\alfre\AppData\Roaming\Code\User\globalStorage\vexrobotics.vexcode\sdk\cpp\V5\V5_20240802_15_00_00/vexv5\libv5rt.a(vex_imu.cpp.obj)
                0x03816710                vex::inertial::rotation(vex::rotationUnits)
 .text._ZThn16_N3vex8inertial8rotationENS_13rotationUnitsE
                0x03816758        0x8 c:\Users\alfre\AppData\Roaming\Code\User\globalStorage\vexrobotics.vexcode\sdk\cpp\V5\V5_20240802_15_00_00/vexv5\libv5rt.a(vex_imu.cpp.obj)
                0x03816758                non-virtual thunk to vex::inertial::rotation(vex::rotationUnits)
 .text._ZN3vex8inertial13isCalibratingEv
                0x03816760       0x38 c:\Users\alfre\AppData\Roaming\Code\User\globalStorage\vexrobotics.vexcode\sdk\cpp\V5\V5_20240802_15_00_00/vexv5\libv5rt.a(vex_imu.cpp.obj)
                0x03816760                vex::inertial::isCalibrating()
 .text._ZThn16_N3vex8inertial13isCalibratingEv
                0x03816798        0x8 c:\Users\alfre\AppData\Roaming\Code\User\globalStorage\vexrobotics.vexcode\sdk\cpp\V5\V5_20240802_15_00_00/vexv5\libv5rt.a(vex_imu.cpp.obj)
                0x03816798                non-virtual thunk to vex::inertial::isCalibrating()
 .text._ZN3vex8inertialC2ElNS_8turnTypeE
                0x038167a0       0x4c c:\Users\alfre\AppData\Roaming\Code\User\globalStorage\vexrobotics.vexcode\sdk\cpp\V5\V5_20240802_15_00_00/vexv5\libv5rt.a(vex_imu.cpp.obj)
                0x038167a0                vex::inertial::inertial(long, vex::turnType)
                0x038167a0                vex::inertial::inertial(long, vex::turnType)
 .text._ZN3vex8inertial16startCalibrationEl
                0x038167ec       0x20 c:\Users\alfre\AppData\Roaming\Code\User\globalStorage\vexrobotics.vexcode\sdk\cpp\V5\V5_20240802_15_00_00/vexv5\libv5rt.a(vex_imu.cpp.obj)
                0x038167ec                vex::inertial::startCalibration(long)
 .text._ZN3vex8inertial9calibrateEl
                0x0381680c        0xc c:\Users\alfre\AppData\Roaming\Code\User\globalStorage\vexrobotics.vexcode\sdk\cpp\V5\V5_20240802_15_00_00/vexv5\libv5rt.a(vex_imu.cpp.obj)
                0x0381680c                vex::inertial::calibrate(long)
                0x03816810                non-virtual thunk to vex::inertial::calibrate(long)
 .text._ZN3vex8rotationD2Ev
                0x03816818       0x20 c:\Users\alfre\AppData\Roaming\Code\User\globalStorage\vexrobotics.vexcode\sdk\cpp\V5\V5_20240802_15_00_00/vexv5\libv5rt.a(vex_rotation.cpp.obj)
                0x03816818                vex::rotation::~rotation()
                0x03816818                vex::rotation::~rotation()
 .text._ZN3vex8rotationD0Ev
                0x03816838       0x1c c:\Users\alfre\AppData\Roaming\Code\User\globalStorage\vexrobotics.vexcode\sdk\cpp\V5\V5_20240802_15_00_00/vexv5\libv5rt.a(vex_rotation.cpp.obj)
                0x03816838                vex::rotation::~rotation()
 .text._ZN3vex8rotation9installedEv
                0x03816854       0x18 c:\Users\alfre\AppData\Roaming\Code\User\globalStorage\vexrobotics.vexcode\sdk\cpp\V5\V5_20240802_15_00_00/vexv5\libv5rt.a(vex_rotation.cpp.obj)
                0x03816854                vex::rotation::installed()
 .text._ZN3vex8rotation5valueEv
                0x0381686c        0x8 c:\Users\alfre\AppData\Roaming\Code\User\globalStorage\vexrobotics.vexcode\sdk\cpp\V5\V5_20240802_15_00_00/vexv5\libv5rt.a(vex_rotation.cpp.obj)
                0x0381686c                vex::rotation::value()
 .text._ZN3vex8rotationC2Elb
                0x03816874       0x30 c:\Users\alfre\AppData\Roaming\Code\User\globalStorage\vexrobotics.vexcode\sdk\cpp\V5\V5_20240802_15_00_00/vexv5\libv5rt.a(vex_rotation.cpp.obj)
                0x03816874                vex::rotation::rotation(long, bool)
                0x03816874                vex::rotation::rotation(long, bool)
 .text._ZN3vex8rotation13resetPositionEv
                0x038168a4        0xc c:\Users\alfre\AppData\Roaming\Code\User\globalStorage\vexrobotics.vexcode\sdk\cpp\V5\V5_20240802_15_00_00/vexv5\libv5rt.a(vex_rotation.cpp.obj)
                0x038168a4                vex::rotation::resetPosition()
 .text._ZN3vex8rotation11setPositionEdNS_13rotationUnitsE
                0x038168b0       0x48 c:\Users\alfre\AppData\Roaming\Code\User\globalStorage\vexrobotics.vexcode\sdk\cpp\V5\V5_20240802_15_00_00/vexv5\libv5rt.a(vex_rotation.cpp.obj)
                0x038168b0                vex::rotation::setPosition(double, vex::rotationUnits)
 .text._ZN3vex8rotation8positionENS_13rotationUnitsE
                0x038168f8       0x50 c:\Users\alfre\AppData\Roaming\Code\User\globalStorage\vexrobotics.vexcode\sdk\cpp\V5\V5_20240802_15_00_00/vexv5\libv5rt.a(vex_rotation.cpp.obj)
                0x038168f8                vex::rotation::position(vex::rotationUnits)
 .text._ZN3vex8distanceD2Ev
                0x03816948       0x20 c:\Users\alfre\AppData\Roaming\Code\User\globalStorage\vexrobotics.vexcode\sdk\cpp\V5\V5_20240802_15_00_00/vexv5\libv5rt.a(vex_distance.cpp.obj)
                0x03816948                vex::distance::~distance()
                0x03816948                vex::distance::~distance()
 .text._ZN3vex8distanceD0Ev
                0x03816968       0x1c c:\Users\alfre\AppData\Roaming\Code\User\globalStorage\vexrobotics.vexcode\sdk\cpp\V5\V5_20240802_15_00_00/vexv5\libv5rt.a(vex_distance.cpp.obj)
                0x03816968                vex::distance::~distance()
 .text._ZN3vex8distance9installedEv
                0x03816984       0x18 c:\Users\alfre\AppData\Roaming\Code\User\globalStorage\vexrobotics.vexcode\sdk\cpp\V5\V5_20240802_15_00_00/vexv5\libv5rt.a(vex_distance.cpp.obj)
                0x03816984                vex::distance::installed()
 .text._ZN3vex8distance5valueEv
                0x0381699c        0x8 c:\Users\alfre\AppData\Roaming\Code\User\globalStorage\vexrobotics.vexcode\sdk\cpp\V5\V5_20240802_15_00_00/vexv5\libv5rt.a(vex_distance.cpp.obj)
                0x0381699c                vex::distance::value()
 .text._ZN3vex8distanceC2El
                0x038169a4       0x20 c:\Users\alfre\AppData\Roaming\Code\User\globalStorage\vexrobotics.vexcode\sdk\cpp\V5\V5_20240802_15_00_00/vexv5\libv5rt.a(vex_distance.cpp.obj)
                0x038169a4                vex::distance::distance(long)
                0x038169a4                vex::distance::distance(long)
 *fill*         0x038169c4        0x4 
 .text._ZN3vex8distance14objectDistanceENS_13distanceUnitsE
                0x038169c8       0x48 c:\Users\alfre\AppData\Roaming\Code\User\globalStorage\vexrobotics.vexcode\sdk\cpp\V5\V5_20240802_15_00_00/vexv5\libv5rt.a(vex_distance.cpp.obj)
                0x038169c8                vex::distance::objectDistance(vex::distanceUnits)
 .text._ZN3vex10controllerD2Ev
                0x03816a10        0x4 c:\Users\alfre\AppData\Roaming\Code\User\globalStorage\vexrobotics.vexcode\sdk\cpp\V5\V5_20240802_15_00_00/vexv5\libv5rt.a(vex_controller.cpp.obj)
                0x03816a10                vex::controller::~controller()
                0x03816a10                vex::controller::~controller()
 .text._ZN3vex10controller5valueE19_V5_ControllerIndex
                0x03816a14        0x8 c:\Users\alfre\AppData\Roaming\Code\User\globalStorage\vexrobotics.vexcode\sdk\cpp\V5\V5_20240802_15_00_00/vexv5\libv5rt.a(vex_controller.cpp.obj)
                0x03816a14                vex::controller::value(_V5_ControllerIndex)
 .text._ZNK3vex10controller6button8pressingEv
                0x03816a1c       0xc8 c:\Users\alfre\AppData\Roaming\Code\User\globalStorage\vexrobotics.vexcode\sdk\cpp\V5\V5_20240802_15_00_00/vexv5\libv5rt.a(vex_controller.cpp.obj)
                0x03816a1c                vex::controller::button::pressing() const
 .text._ZNK3vex10controller6button21_buttonToPressedEventEv
                0x03816ae4       0x20 c:\Users\alfre\AppData\Roaming\Code\User\globalStorage\vexrobotics.vexcode\sdk\cpp\V5\V5_20240802_15_00_00/vexv5\libv5rt.a(vex_controller.cpp.obj)
                0x03816ae4                vex::controller::button::_buttonToPressedEvent() const
 .text._ZNK3vex10controller6button22_buttonToReleasedEventEv
                0x03816b04       0x20 c:\Users\alfre\AppData\Roaming\Code\User\globalStorage\vexrobotics.vexcode\sdk\cpp\V5\V5_20240802_15_00_00/vexv5\libv5rt.a(vex_controller.cpp.obj)
                0x03816b04                vex::controller::button::_buttonToReleasedEvent() const
 .text._ZN3vex10controller6buttonC2ENS0_11tButtonTypeEPS0_
                0x03816b24       0x48 c:\Users\alfre\AppData\Roaming\Code\User\globalStorage\vexrobotics.vexcode\sdk\cpp\V5\V5_20240802_15_00_00/vexv5\libv5rt.a(vex_controller.cpp.obj)
                0x03816b24                vex::controller::button::button(vex::controller::tButtonType, vex::controller*)
                0x03816b24                vex::controller::button::button(vex::controller::tButtonType, vex::controller*)
 .text._ZNK3vex10controller4axis5valueEv
                0x03816b6c       0x58 c:\Users\alfre\AppData\Roaming\Code\User\globalStorage\vexrobotics.vexcode\sdk\cpp\V5\V5_20240802_15_00_00/vexv5\libv5rt.a(vex_controller.cpp.obj)
                0x03816b6c                vex::controller::axis::value() const
 .text._ZNK3vex10controller4axis8positionENS_12percentUnitsE
                0x03816bc4       0x1c c:\Users\alfre\AppData\Roaming\Code\User\globalStorage\vexrobotics.vexcode\sdk\cpp\V5\V5_20240802_15_00_00/vexv5\libv5rt.a(vex_controller.cpp.obj)
                0x03816bc4                vex::controller::axis::position(vex::percentUnits) const
 .text._ZNK3vex10controller4axis23_joystickToChangedEventEv
                0x03816be0       0x20 c:\Users\alfre\AppData\Roaming\Code\User\globalStorage\vexrobotics.vexcode\sdk\cpp\V5\V5_20240802_15_00_00/vexv5\libv5rt.a(vex_controller.cpp.obj)
                0x03816be0                vex::controller::axis::_joystickToChangedEvent() const
 .text._ZN3vex10controller4axisC2ENS0_9tAxisTypeEPS0_
                0x03816c00       0x2c c:\Users\alfre\AppData\Roaming\Code\User\globalStorage\vexrobotics.vexcode\sdk\cpp\V5\V5_20240802_15_00_00/vexv5\libv5rt.a(vex_controller.cpp.obj)
                0x03816c00                vex::controller::axis::axis(vex::controller::tAxisType, vex::controller*)
                0x03816c00                vex::controller::axis::axis(vex::controller::tAxisType, vex::controller*)
 .text._ZN3vex10controllerC2ENS_14controllerTypeE
                0x03816c2c      0x16c c:\Users\alfre\AppData\Roaming\Code\User\globalStorage\vexrobotics.vexcode\sdk\cpp\V5\V5_20240802_15_00_00/vexv5\libv5rt.a(vex_controller.cpp.obj)
                0x03816c2c                vex::controller::controller(vex::controllerType)
                0x03816c2c                vex::controller::controller(vex::controllerType)
 .text._ZN3vex4taskC2EPFivE
                0x03816d98       0x5c c:\Users\alfre\AppData\Roaming\Code\User\globalStorage\vexrobotics.vexcode\sdk\cpp\V5\V5_20240802_15_00_00/vexv5\libv5rt.a(vex_task.cpp.obj)
                0x03816d98                vex::task::task(int (*)())
                0x03816d98                vex::task::task(int (*)())
 .text._ZN3vex4taskD2Ev
                0x03816df4        0x4 c:\Users\alfre\AppData\Roaming\Code\User\globalStorage\vexrobotics.vexcode\sdk\cpp\V5\V5_20240802_15_00_00/vexv5\libv5rt.a(vex_task.cpp.obj)
                0x03816df4                vex::task::~task()
                0x03816df4                vex::task::~task()
 .text._ZN3vex4task4stopEPvi
                0x03816df8       0x1c c:\Users\alfre\AppData\Roaming\Code\User\globalStorage\vexrobotics.vexcode\sdk\cpp\V5\V5_20240802_15_00_00/vexv5\libv5rt.a(vex_task.cpp.obj)
                0x03816df8                vex::task::stop(void*, int)
 .text._ZN3vex4task6_indexEPFivE
                0x03816e14       0x14 c:\Users\alfre\AppData\Roaming\Code\User\globalStorage\vexrobotics.vexcode\sdk\cpp\V5\V5_20240802_15_00_00/vexv5\libv5rt.a(vex_task.cpp.obj)
                0x03816e14                vex::task::_index(int (*)())
 .text._ZN3vex4task8_stopAllEv
                0x03816e28       0x3c c:\Users\alfre\AppData\Roaming\Code\User\globalStorage\vexrobotics.vexcode\sdk\cpp\V5\V5_20240802_15_00_00/vexv5\libv5rt.a(vex_task.cpp.obj)
                0x03816e28                vex::task::_stopAll()
 .text._ZN3vex6threadC2EPFivE
                0x03816e64       0x5c c:\Users\alfre\AppData\Roaming\Code\User\globalStorage\vexrobotics.vexcode\sdk\cpp\V5\V5_20240802_15_00_00/vexv5\libv5rt.a(vex_thread.cpp.obj)
                0x03816e64                vex::thread::thread(int (*)())
                0x03816e64                vex::thread::thread(int (*)())
 .text._ZN3vex6threadD2Ev
                0x03816ec0        0x4 c:\Users\alfre\AppData\Roaming\Code\User\globalStorage\vexrobotics.vexcode\sdk\cpp\V5\V5_20240802_15_00_00/vexv5\libv5rt.a(vex_thread.cpp.obj)
                0x03816ec0                vex::thread::~thread()
                0x03816ec0                vex::thread::~thread()
 .text._ZN3vex11this_thread9sleep_forEm
                0x03816ec4        0x4 c:\Users\alfre\AppData\Roaming\Code\User\globalStorage\vexrobotics.vexcode\sdk\cpp\V5\V5_20240802_15_00_00/vexv5\libv5rt.a(vex_thread.cpp.obj)
                0x03816ec4                vex::this_thread::sleep_for(unsigned long)
 .text._ZN3vex5event4initEmmPFvvE
                0x03816ec8        0x4 c:\Users\alfre\AppData\Roaming\Code\User\globalStorage\vexrobotics.vexcode\sdk\cpp\V5\V5_20240802_15_00_00/vexv5\libv5rt.a(vex_event.cpp.obj)
                0x03816ec8                vex::event::init(unsigned long, unsigned long, void (*)())
 .text._ZN3vex5event4initEmmPFvPvES1_
                0x03816ecc        0x4 c:\Users\alfre\AppData\Roaming\Code\User\globalStorage\vexrobotics.vexcode\sdk\cpp\V5\V5_20240802_15_00_00/vexv5\libv5rt.a(vex_event.cpp.obj)
                0x03816ecc                vex::event::init(unsigned long, unsigned long, void (*)(void*), void*)
 .text._ZN3vex5event9userindexEv
                0x03816ed0        0x4 c:\Users\alfre\AppData\Roaming\Code\User\globalStorage\vexrobotics.vexcode\sdk\cpp\V5\V5_20240802_15_00_00/vexv5\libv5rt.a(vex_event.cpp.obj)
                0x03816ed0                vex::event::userindex()
 .text._ZZN3vex6meventC4EmmENUlvE_4_FUNEv
                0x03816ed4        0x4 c:\Users\alfre\AppData\Roaming\Code\User\globalStorage\vexrobotics.vexcode\sdk\cpp\V5\V5_20240802_15_00_00/vexv5\libv5rt.a(vex_mevent.cpp.obj)
 .text._ZN3vex6meventC2Emm
                0x03816ed8       0x70 c:\Users\alfre\AppData\Roaming\Code\User\globalStorage\vexrobotics.vexcode\sdk\cpp\V5\V5_20240802_15_00_00/vexv5\libv5rt.a(vex_mevent.cpp.obj)
                0x03816ed8                vex::mevent::mevent(unsigned long, unsigned long)
                0x03816ed8                vex::mevent::mevent(unsigned long, unsigned long)
 .text._ZL9_hexDigitc
                0x03816f48       0x48 c:\Users\alfre\AppData\Roaming\Code\User\globalStorage\vexrobotics.vexcode\sdk\cpp\V5\V5_20240802_15_00_00/vexv5\libv5rt.a(vex_brain.cpp.obj)
 .text._ZN3vex5brain9_getIndexEv
                0x03816f90       0x10 c:\Users\alfre\AppData\Roaming\Code\User\globalStorage\vexrobotics.vexcode\sdk\cpp\V5\V5_20240802_15_00_00/vexv5\libv5rt.a(vex_brain.cpp.obj)
                0x03816f90                vex::brain::_getIndex()
 .text._ZN3vex5brain3lcd9setCursorEll
                0x03816fa0       0x44 c:\Users\alfre\AppData\Roaming\Code\User\globalStorage\vexrobotics.vexcode\sdk\cpp\V5\V5_20240802_15_00_00/vexv5\libv5rt.a(vex_brain.cpp.obj)
                0x03816fa0                vex::brain::lcd::setCursor(long, long)
 .text._ZN3vex5brain3lcd7setFontENS_8fontTypeE
                0x03816fe4      0x23c c:\Users\alfre\AppData\Roaming\Code\User\globalStorage\vexrobotics.vexcode\sdk\cpp\V5\V5_20240802_15_00_00/vexv5\libv5rt.a(vex_brain.cpp.obj)
                0x03816fe4                vex::brain::lcd::setFont(vex::fontType)
 .text._ZN3vex5brain3lcdC2Ev
                0x03817220       0x94 c:\Users\alfre\AppData\Roaming\Code\User\globalStorage\vexrobotics.vexcode\sdk\cpp\V5\V5_20240802_15_00_00/vexv5\libv5rt.a(vex_brain.cpp.obj)
                0x03817220                vex::brain::lcd::lcd()
                0x03817220                vex::brain::lcd::lcd()
 .text._ZN3vex5brainC2Ev
                0x038172b4       0x3c c:\Users\alfre\AppData\Roaming\Code\User\globalStorage\vexrobotics.vexcode\sdk\cpp\V5\V5_20240802_15_00_00/vexv5\libv5rt.a(vex_brain.cpp.obj)
                0x038172b4                vex::brain::brain()
                0x038172b4                vex::brain::brain()
 .text._ZN3vex5brain3lcd11setPenWidthEm
                0x038172f0       0x24 c:\Users\alfre\AppData\Roaming\Code\User\globalStorage\vexrobotics.vexcode\sdk\cpp\V5\V5_20240802_15_00_00/vexv5\libv5rt.a(vex_brain.cpp.obj)
                0x038172f0                vex::brain::lcd::setPenWidth(unsigned long)
 .text._ZN3vex5brain3lcd12setFillColorERKNS_5colorE
                0x03817314       0x38 c:\Users\alfre\AppData\Roaming\Code\User\globalStorage\vexrobotics.vexcode\sdk\cpp\V5\V5_20240802_15_00_00/vexv5\libv5rt.a(vex_brain.cpp.obj)
                0x03817314                vex::brain::lcd::setFillColor(vex::color const&)
 .text._ZN3vex5brain3lcd12_clearScreenEm
                0x0381734c       0x38 c:\Users\alfre\AppData\Roaming\Code\User\globalStorage\vexrobotics.vexcode\sdk\cpp\V5\V5_20240802_15_00_00/vexv5\libv5rt.a(vex_brain.cpp.obj)
                0x0381734c                vex::brain::lcd::_clearScreen(unsigned long)
 .text._ZN3vex5brain3lcd11clearScreenERKNS_5colorE
                0x03817384       0x20 c:\Users\alfre\AppData\Roaming\Code\User\globalStorage\vexrobotics.vexcode\sdk\cpp\V5\V5_20240802_15_00_00/vexv5\libv5rt.a(vex_brain.cpp.obj)
                0x03817384                vex::brain::lcd::clearScreen(vex::color const&)
 .text._ZN3vex5brain3lcd11clearScreenEv
                0x038173a4       0x2c c:\Users\alfre\AppData\Roaming\Code\User\globalStorage\vexrobotics.vexcode\sdk\cpp\V5\V5_20240802_15_00_00/vexv5\libv5rt.a(vex_brain.cpp.obj)
                0x038173a4                vex::brain::lcd::clearScreen()
 .text._ZN3vex5brain3lcd9drawPixelEii
                0x038173d0       0x14 c:\Users\alfre\AppData\Roaming\Code\User\globalStorage\vexrobotics.vexcode\sdk\cpp\V5\V5_20240802_15_00_00/vexv5\libv5rt.a(vex_brain.cpp.obj)
                0x038173d0                vex::brain::lcd::drawPixel(int, int)
 .text._ZN3vex5brain3lcd8drawLineEiiii
                0x038173e4      0x2c4 c:\Users\alfre\AppData\Roaming\Code\User\globalStorage\vexrobotics.vexcode\sdk\cpp\V5\V5_20240802_15_00_00/vexv5\libv5rt.a(vex_brain.cpp.obj)
                0x038173e4                vex::brain::lcd::drawLine(int, int, int, int)
 .text._ZN3vex5brain3lcd13drawRectangleEiiii
                0x038176a8       0xdc c:\Users\alfre\AppData\Roaming\Code\User\globalStorage\vexrobotics.vexcode\sdk\cpp\V5\V5_20240802_15_00_00/vexv5\libv5rt.a(vex_brain.cpp.obj)
                0x038176a8                vex::brain::lcd::drawRectangle(int, int, int, int)
 .text._ZN3vex5brain3lcd10drawCircleEiii
                0x03817784       0xa4 c:\Users\alfre\AppData\Roaming\Code\User\globalStorage\vexrobotics.vexcode\sdk\cpp\V5\V5_20240802_15_00_00/vexv5\libv5rt.a(vex_brain.cpp.obj)
                0x03817784                vex::brain::lcd::drawCircle(int, int, int)
 .text._ZN3vex5brain3lcd9xPositionEv
                0x03817828       0x24 c:\Users\alfre\AppData\Roaming\Code\User\globalStorage\vexrobotics.vexcode\sdk\cpp\V5\V5_20240802_15_00_00/vexv5\libv5rt.a(vex_brain.cpp.obj)
                0x03817828                vex::brain::lcd::xPosition()
 .text._ZN3vex5brain3lcd9yPositionEv
                0x0381784c       0x24 c:\Users\alfre\AppData\Roaming\Code\User\globalStorage\vexrobotics.vexcode\sdk\cpp\V5\V5_20240802_15_00_00/vexv5\libv5rt.a(vex_brain.cpp.obj)
                0x0381784c                vex::brain::lcd::yPosition()
 .text._ZN3vex5brain3lcd8pressingEv
                0x03817870       0x20 c:\Users\alfre\AppData\Roaming\Code\User\globalStorage\vexrobotics.vexcode\sdk\cpp\V5\V5_20240802_15_00_00/vexv5\libv5rt.a(vex_brain.cpp.obj)
                0x03817870                vex::brain::lcd::pressing()
 .text._ZN3vex5brain3lcd10rowToPixelEl
                0x03817890       0x34 c:\Users\alfre\AppData\Roaming\Code\User\globalStorage\vexrobotics.vexcode\sdk\cpp\V5\V5_20240802_15_00_00/vexv5\libv5rt.a(vex_brain.cpp.obj)
                0x03817890                vex::brain::lcd::rowToPixel(long)
 .text._ZN3vex5brain3lcd5printEPKcz
                0x038178c4       0xb8 c:\Users\alfre\AppData\Roaming\Code\User\globalStorage\vexrobotics.vexcode\sdk\cpp\V5\V5_20240802_15_00_00/vexv5\libv5rt.a(vex_brain.cpp.obj)
                0x038178c4                vex::brain::lcd::print(char const*, ...)
 .text._ZN3vex5brain3lcd13webColorToRgbEPKc
                0x0381797c       0x9c c:\Users\alfre\AppData\Roaming\Code\User\globalStorage\vexrobotics.vexcode\sdk\cpp\V5\V5_20240802_15_00_00/vexv5\libv5rt.a(vex_brain.cpp.obj)
                0x0381797c                vex::brain::lcd::webColorToRgb(char const*)
 .text._ZN3vex5brain3lcd11setPenColorEPKc
                0x03817a18       0x10 c:\Users\alfre\AppData\Roaming\Code\User\globalStorage\vexrobotics.vexcode\sdk\cpp\V5\V5_20240802_15_00_00/vexv5\libv5rt.a(vex_brain.cpp.obj)
                0x03817a18                vex::brain::lcd::setPenColor(char const*)
 .text._ZN3vex5brain3lcd12setFillColorEPKc
                0x03817a28       0x1c c:\Users\alfre\AppData\Roaming\Code\User\globalStorage\vexrobotics.vexcode\sdk\cpp\V5\V5_20240802_15_00_00/vexv5\libv5rt.a(vex_brain.cpp.obj)
                0x03817a28                vex::brain::lcd::setFillColor(char const*)
 .text._ZN3vex5brainD2Ev
                0x03817a44       0x20 c:\Users\alfre\AppData\Roaming\Code\User\globalStorage\vexrobotics.vexcode\sdk\cpp\V5\V5_20240802_15_00_00/vexv5\libv5rt.a(vex_brain.cpp.obj)
                0x03817a44                vex::brain::~brain()
                0x03817a44                vex::brain::~brain()
 .text._ZN3vex11competition8_disableEPv
                0x03817a64       0xa4 c:\Users\alfre\AppData\Roaming\Code\User\globalStorage\vexrobotics.vexcode\sdk\cpp\V5\V5_20240802_15_00_00/vexv5\libv5rt.a(vex_competition.cpp.obj)
                0x03817a64                vex::competition::_disable(void*)
 .text._ZN3vex11competition11_autonomousEv
                0x03817b08       0x80 c:\Users\alfre\AppData\Roaming\Code\User\globalStorage\vexrobotics.vexcode\sdk\cpp\V5\V5_20240802_15_00_00/vexv5\libv5rt.a(vex_competition.cpp.obj)
                0x03817b08                vex::competition::_autonomous()
 .text._ZN3vex11competition14_drivercontrolEv
                0x03817b88       0x80 c:\Users\alfre\AppData\Roaming\Code\User\globalStorage\vexrobotics.vexcode\sdk\cpp\V5\V5_20240802_15_00_00/vexv5\libv5rt.a(vex_competition.cpp.obj)
                0x03817b88                vex::competition::_drivercontrol()
 .text._ZN3vex11competitionC2Ev
                0x03817c08      0x13c c:\Users\alfre\AppData\Roaming\Code\User\globalStorage\vexrobotics.vexcode\sdk\cpp\V5\V5_20240802_15_00_00/vexv5\libv5rt.a(vex_competition.cpp.obj)
                0x03817c08                vex::competition::competition()
                0x03817c08                vex::competition::competition()
 .text._ZN3vex11competitionD2Ev
                0x03817d44        0x4 c:\Users\alfre\AppData\Roaming\Code\User\globalStorage\vexrobotics.vexcode\sdk\cpp\V5\V5_20240802_15_00_00/vexv5\libv5rt.a(vex_competition.cpp.obj)
                0x03817d44                vex::competition::~competition()
                0x03817d44                vex::competition::~competition()
 .text._ZN3vex11competition10autonomousEPFvvE
                0x03817d48       0x44 c:\Users\alfre\AppData\Roaming\Code\User\globalStorage\vexrobotics.vexcode\sdk\cpp\V5\V5_20240802_15_00_00/vexv5\libv5rt.a(vex_competition.cpp.obj)
                0x03817d48                vex::competition::autonomous(void (*)())
 .text._ZN3vex11competition13drivercontrolEPFvvE
                0x03817d8c       0x44 c:\Users\alfre\AppData\Roaming\Code\User\globalStorage\vexrobotics.vexcode\sdk\cpp\V5\V5_20240802_15_00_00/vexv5\libv5rt.a(vex_competition.cpp.obj)
                0x03817d8c                vex::competition::drivercontrol(void (*)())
 .text._ZN3vex7triportD2Ev
                0x03817dd0       0x38 c:\Users\alfre\AppData\Roaming\Code\User\globalStorage\vexrobotics.vexcode\sdk\cpp\V5\V5_20240802_15_00_00/vexv5\libv5rt.a(vex_triport.cpp.obj)
                0x03817dd0                vex::triport::~triport()
                0x03817dd0                vex::triport::~triport()
 .text._ZN3vex7triportD0Ev
                0x03817e08       0x1c c:\Users\alfre\AppData\Roaming\Code\User\globalStorage\vexrobotics.vexcode\sdk\cpp\V5\V5_20240802_15_00_00/vexv5\libv5rt.a(vex_triport.cpp.obj)
                0x03817e08                vex::triport::~triport()
 .text._ZN3vex7triport9installedEv
                0x03817e24       0x18 c:\Users\alfre\AppData\Roaming\Code\User\globalStorage\vexrobotics.vexcode\sdk\cpp\V5\V5_20240802_15_00_00/vexv5\libv5rt.a(vex_triport.cpp.obj)
                0x03817e24                vex::triport::installed()
 .text._ZN3vex7triport4portC2ElPS0_
                0x03817e3c       0x74 c:\Users\alfre\AppData\Roaming\Code\User\globalStorage\vexrobotics.vexcode\sdk\cpp\V5\V5_20240802_15_00_00/vexv5\libv5rt.a(vex_triport.cpp.obj)
                0x03817e3c                vex::triport::port::port(long, vex::triport*)
                0x03817e3c                vex::triport::port::port(long, vex::triport*)
 .text._ZN3vex7triportC2El
                0x03817eb0       0xf0 c:\Users\alfre\AppData\Roaming\Code\User\globalStorage\vexrobotics.vexcode\sdk\cpp\V5\V5_20240802_15_00_00/vexv5\libv5rt.a(vex_triport.cpp.obj)
                0x03817eb0                vex::triport::triport(long)
                0x03817eb0                vex::triport::triport(long)
 .text._ZN3vex7triport4port4typeENS_11triportTypeE
                0x03817fa0       0x30 c:\Users\alfre\AppData\Roaming\Code\User\globalStorage\vexrobotics.vexcode\sdk\cpp\V5\V5_20240802_15_00_00/vexv5\libv5rt.a(vex_triport.cpp.obj)
                0x03817fa0                vex::triport::port::type(vex::triportType)
 .text._ZN3vex7triport4port4typeEv
                0x03817fd0       0x38 c:\Users\alfre\AppData\Roaming\Code\User\globalStorage\vexrobotics.vexcode\sdk\cpp\V5\V5_20240802_15_00_00/vexv5\libv5rt.a(vex_triport.cpp.obj)
                0x03817fd0                vex::triport::port::type()
 .text._ZN3vex7triport4port5valueEl
                0x03818008       0x18 c:\Users\alfre\AppData\Roaming\Code\User\globalStorage\vexrobotics.vexcode\sdk\cpp\V5\V5_20240802_15_00_00/vexv5\libv5rt.a(vex_triport.cpp.obj)
                0x03818008                vex::triport::port::value(long)
 .text._ZN3vex11__trideviceC2ERNS_7triport4portENS_11triportTypeE
                0x03818020       0x5c c:\Users\alfre\AppData\Roaming\Code\User\globalStorage\vexrobotics.vexcode\sdk\cpp\V5\V5_20240802_15_00_00/vexv5\libv5rt.a(vex_triport.cpp.obj)
                0x03818020                vex::__tridevice::__tridevice(vex::triport::port&, vex::triportType)
                0x03818020                vex::__tridevice::__tridevice(vex::triport::port&, vex::triportType)
 .text._ZN3vex6bumperC2ERNS_7triport4portE
                0x0381807c       0x28 c:\Users\alfre\AppData\Roaming\Code\User\globalStorage\vexrobotics.vexcode\sdk\cpp\V5\V5_20240802_15_00_00/vexv5\libv5rt.a(vex_triport.cpp.obj)
                0x0381807c                vex::bumper::bumper(vex::triport::port&)
                0x0381807c                vex::bumper::bumper(vex::triport::port&)
 .text._ZN3vex6bumperD2Ev
                0x038180a4        0x4 c:\Users\alfre\AppData\Roaming\Code\User\globalStorage\vexrobotics.vexcode\sdk\cpp\V5\V5_20240802_15_00_00/vexv5\libv5rt.a(vex_triport.cpp.obj)
                0x038180a4                vex::bumper::~bumper()
                0x038180a4                vex::bumper::~bumper()
 .text._ZN3vex11digital_outC2ERNS_7triport4portE
                0x038180a8       0x18 c:\Users\alfre\AppData\Roaming\Code\User\globalStorage\vexrobotics.vexcode\sdk\cpp\V5\V5_20240802_15_00_00/vexv5\libv5rt.a(vex_triport.cpp.obj)
                0x038180a8                vex::digital_out::digital_out(vex::triport::port&)
                0x038180a8                vex::digital_out::digital_out(vex::triport::port&)
 .text._ZN3vex11digital_outD2Ev
                0x038180c0        0x4 c:\Users\alfre\AppData\Roaming\Code\User\globalStorage\vexrobotics.vexcode\sdk\cpp\V5\V5_20240802_15_00_00/vexv5\libv5rt.a(vex_triport.cpp.obj)
                0x038180c0                vex::digital_out::~digital_out()
                0x038180c0                vex::digital_out::~digital_out()
 .text._ZN3vex11digital_out3setEb
                0x038180c4        0x8 c:\Users\alfre\AppData\Roaming\Code\User\globalStorage\vexrobotics.vexcode\sdk\cpp\V5\V5_20240802_15_00_00/vexv5\libv5rt.a(vex_triport.cpp.obj)
                0x038180c4                vex::digital_out::set(bool)
 .text._ZN3vex5colorD2Ev
                0x038180cc        0x4 c:\Users\alfre\AppData\Roaming\Code\User\globalStorage\vexrobotics.vexcode\sdk\cpp\V5\V5_20240802_15_00_00/vexv5\libv5rt.a(vex_color.cpp.obj)
                0x038180cc                vex::color::~color()
                0x038180cc                vex::color::~color()
 .text._ZNK3vex5colorcvmEv
                0x038180d0        0x8 c:\Users\alfre\AppData\Roaming\Code\User\globalStorage\vexrobotics.vexcode\sdk\cpp\V5\V5_20240802_15_00_00/vexv5\libv5rt.a(vex_color.cpp.obj)
                0x038180d0                vex::color::operator unsigned long() const
 .text._ZNK3vex5color13isTransparentEv
                0x038180d8        0x8 c:\Users\alfre\AppData\Roaming\Code\User\globalStorage\vexrobotics.vexcode\sdk\cpp\V5\V5_20240802_15_00_00/vexv5\libv5rt.a(vex_color.cpp.obj)
                0x038180d8                vex::color::isTransparent() const
 .text.startup._GLOBAL__sub_I__ZN3vex5color5blackE
                0x038180e0      0x164 c:\Users\alfre\AppData\Roaming\Code\User\globalStorage\vexrobotics.vexcode\sdk\cpp\V5\V5_20240802_15_00_00/vexv5\libv5rt.a(vex_color.cpp.obj)
 .text._ZN3vex5timerD2Ev
                0x03818244        0x4 c:\Users\alfre\AppData\Roaming\Code\User\globalStorage\vexrobotics.vexcode\sdk\cpp\V5\V5_20240802_15_00_00/vexv5\libv5rt.a(vex_timer.cpp.obj)
                0x03818244                vex::timer::~timer()
                0x03818244                vex::timer::~timer()
 .text._ZN3vex5timer5clearEv
                0x03818248       0x1c c:\Users\alfre\AppData\Roaming\Code\User\globalStorage\vexrobotics.vexcode\sdk\cpp\V5\V5_20240802_15_00_00/vexv5\libv5rt.a(vex_timer.cpp.obj)
                0x03818248                vex::timer::clear()
 .text._ZN3vex5timerC2Ev
                0x03818264       0x14 c:\Users\alfre\AppData\Roaming\Code\User\globalStorage\vexrobotics.vexcode\sdk\cpp\V5\V5_20240802_15_00_00/vexv5\libv5rt.a(vex_timer.cpp.obj)
                0x03818264                vex::timer::timer()
                0x03818264                vex::timer::timer()
 .text._ZN3vex5timer5resetEv
                0x03818278        0x4 c:\Users\alfre\AppData\Roaming\Code\User\globalStorage\vexrobotics.vexcode\sdk\cpp\V5\V5_20240802_15_00_00/vexv5\libv5rt.a(vex_timer.cpp.obj)
                0x03818278                vex::timer::reset()
 .text._ZNK3vex5timer4timeEv
                0x0381827c       0x1c c:\Users\alfre\AppData\Roaming\Code\User\globalStorage\vexrobotics.vexcode\sdk\cpp\V5\V5_20240802_15_00_00/vexv5\libv5rt.a(vex_timer.cpp.obj)
                0x0381827c                vex::timer::time() const
 .text._ZNK3vex5timercvmEv
                0x03818298        0x4 c:\Users\alfre\AppData\Roaming\Code\User\globalStorage\vexrobotics.vexcode\sdk\cpp\V5\V5_20240802_15_00_00/vexv5\libv5rt.a(vex_timer.cpp.obj)
                0x03818298                vex::timer::operator unsigned long() const
 *fill*         0x0381829c        0x4 
 .text._ZNK3vex5timer4timeENS_9timeUnitsE
                0x038182a0       0x40 c:\Users\alfre\AppData\Roaming\Code\User\globalStorage\vexrobotics.vexcode\sdk\cpp\V5\V5_20240802_15_00_00/vexv5\libv5rt.a(vex_timer.cpp.obj)
                0x038182a0                vex::timer::time(vex::timeUnits) const
 .text._ZNK3vex5timer5valueEv
                0x038182e0        0x8 c:\Users\alfre\AppData\Roaming\Code\User\globalStorage\vexrobotics.vexcode\sdk\cpp\V5\V5_20240802_15_00_00/vexv5\libv5rt.a(vex_timer.cpp.obj)
                0x038182e0                vex::timer::value() const
 .text.vexAdiPortConfigSet
                0x038182e8       0x28 c:\Users\alfre\AppData\Roaming\Code\User\globalStorage\vexrobotics.vexcode\sdk\cpp\V5\V5_20240802_15_00_00/vexv5\libv5rt.a(v5_apiuser.c.obj)
                0x038182e8                vexAdiPortConfigSet
 .text.vexAdiPortConfigGet
                0x03818310       0x28 c:\Users\alfre\AppData\Roaming\Code\User\globalStorage\vexrobotics.vexcode\sdk\cpp\V5\V5_20240802_15_00_00/vexv5\libv5rt.a(v5_apiuser.c.obj)
                0x03818310                vexAdiPortConfigGet
 .text.vexAdiValueSet
                0x03818338       0x28 c:\Users\alfre\AppData\Roaming\Code\User\globalStorage\vexrobotics.vexcode\sdk\cpp\V5\V5_20240802_15_00_00/vexv5\libv5rt.a(v5_apiuser.c.obj)
                0x03818338                vexAdiValueSet
 .text.vexMotorVelocitySet
                0x03818360       0x20 c:\Users\alfre\AppData\Roaming\Code\User\globalStorage\vexrobotics.vexcode\sdk\cpp\V5\V5_20240802_15_00_00/vexv5\libv5rt.a(v5_apiuser.c.obj)
                0x03818360                vexMotorVelocitySet
 .text.vexMotorVoltageSet
                0x03818380       0x20 c:\Users\alfre\AppData\Roaming\Code\User\globalStorage\vexrobotics.vexcode\sdk\cpp\V5\V5_20240802_15_00_00/vexv5\libv5rt.a(v5_apiuser.c.obj)
                0x03818380                vexMotorVoltageSet
 .text.vexMotorActualVelocityGet
                0x038183a0       0x24 c:\Users\alfre\AppData\Roaming\Code\User\globalStorage\vexrobotics.vexcode\sdk\cpp\V5\V5_20240802_15_00_00/vexv5\libv5rt.a(v5_apiuser.c.obj)
                0x038183a0                vexMotorActualVelocityGet
 .text.vexMotorCurrentLimitSet
                0x038183c4       0x20 c:\Users\alfre\AppData\Roaming\Code\User\globalStorage\vexrobotics.vexcode\sdk\cpp\V5\V5_20240802_15_00_00/vexv5\libv5rt.a(v5_apiuser.c.obj)
                0x038183c4                vexMotorCurrentLimitSet
 .text.vexMotorReverseFlagSet
                0x038183e4       0x20 c:\Users\alfre\AppData\Roaming\Code\User\globalStorage\vexrobotics.vexcode\sdk\cpp\V5\V5_20240802_15_00_00/vexv5\libv5rt.a(v5_apiuser.c.obj)
                0x038183e4                vexMotorReverseFlagSet
 .text.vexMotorEncoderUnitsSet
                0x03818404       0x20 c:\Users\alfre\AppData\Roaming\Code\User\globalStorage\vexrobotics.vexcode\sdk\cpp\V5\V5_20240802_15_00_00/vexv5\libv5rt.a(v5_apiuser.c.obj)
                0x03818404                vexMotorEncoderUnitsSet
 .text.vexMotorBrakeModeSet
                0x03818424       0x20 c:\Users\alfre\AppData\Roaming\Code\User\globalStorage\vexrobotics.vexcode\sdk\cpp\V5\V5_20240802_15_00_00/vexv5\libv5rt.a(v5_apiuser.c.obj)
                0x03818424                vexMotorBrakeModeSet
 .text.vexMotorPositionSet
                0x03818444       0x28 c:\Users\alfre\AppData\Roaming\Code\User\globalStorage\vexrobotics.vexcode\sdk\cpp\V5\V5_20240802_15_00_00/vexv5\libv5rt.a(v5_apiuser.c.obj)
                0x03818444                vexMotorPositionSet
 .text.vexMotorPositionGet
                0x0381846c       0x24 c:\Users\alfre\AppData\Roaming\Code\User\globalStorage\vexrobotics.vexcode\sdk\cpp\V5\V5_20240802_15_00_00/vexv5\libv5rt.a(v5_apiuser.c.obj)
                0x0381846c                vexMotorPositionGet
 .text.vexMotorGearingSet
                0x03818490       0x20 c:\Users\alfre\AppData\Roaming\Code\User\globalStorage\vexrobotics.vexcode\sdk\cpp\V5\V5_20240802_15_00_00/vexv5\libv5rt.a(v5_apiuser.c.obj)
                0x03818490                vexMotorGearingSet
 .text.vexMotorGearingGet
                0x038184b0       0x18 c:\Users\alfre\AppData\Roaming\Code\User\globalStorage\vexrobotics.vexcode\sdk\cpp\V5\V5_20240802_15_00_00/vexv5\libv5rt.a(v5_apiuser.c.obj)
                0x038184b0                vexMotorGearingGet
 .text.vexImuReset
                0x038184c8       0x10 c:\Users\alfre\AppData\Roaming\Code\User\globalStorage\vexrobotics.vexcode\sdk\cpp\V5\V5_20240802_15_00_00/vexv5\libv5rt.a(v5_apiuser.c.obj)
                0x038184c8                vexImuReset
 .text.vexImuHeadingGet
                0x038184d8       0x10 c:\Users\alfre\AppData\Roaming\Code\User\globalStorage\vexrobotics.vexcode\sdk\cpp\V5\V5_20240802_15_00_00/vexv5\libv5rt.a(v5_apiuser.c.obj)
                0x038184d8                vexImuHeadingGet
 .text.vexImuDegreesGet
                0x038184e8       0x10 c:\Users\alfre\AppData\Roaming\Code\User\globalStorage\vexrobotics.vexcode\sdk\cpp\V5\V5_20240802_15_00_00/vexv5\libv5rt.a(v5_apiuser.c.obj)
                0x038184e8                vexImuDegreesGet
 .text.vexImuStatusGet
                0x038184f8       0x10 c:\Users\alfre\AppData\Roaming\Code\User\globalStorage\vexrobotics.vexcode\sdk\cpp\V5\V5_20240802_15_00_00/vexv5\libv5rt.a(v5_apiuser.c.obj)
                0x038184f8                vexImuStatusGet
 .text.vexAbsEncPositionSet
                0x03818508       0x18 c:\Users\alfre\AppData\Roaming\Code\User\globalStorage\vexrobotics.vexcode\sdk\cpp\V5\V5_20240802_15_00_00/vexv5\libv5rt.a(v5_apiuser.c.obj)
                0x03818508                vexAbsEncPositionSet
 .text.vexAbsEncPositionGet
                0x03818520       0x10 c:\Users\alfre\AppData\Roaming\Code\User\globalStorage\vexrobotics.vexcode\sdk\cpp\V5\V5_20240802_15_00_00/vexv5\libv5rt.a(v5_apiuser.c.obj)
                0x03818520                vexAbsEncPositionGet
 .text.vexAbsEncAngleGet
                0x03818530       0x10 c:\Users\alfre\AppData\Roaming\Code\User\globalStorage\vexrobotics.vexcode\sdk\cpp\V5\V5_20240802_15_00_00/vexv5\libv5rt.a(v5_apiuser.c.obj)
                0x03818530                vexAbsEncAngleGet
 .text.vexAbsEncReverseFlagSet
                0x03818540       0x18 c:\Users\alfre\AppData\Roaming\Code\User\globalStorage\vexrobotics.vexcode\sdk\cpp\V5\V5_20240802_15_00_00/vexv5\libv5rt.a(v5_apiuser.c.obj)
                0x03818540                vexAbsEncReverseFlagSet
 .text.vexDistanceDistanceGet
                0x03818558       0x10 c:\Users\alfre\AppData\Roaming\Code\User\globalStorage\vexrobotics.vexcode\sdk\cpp\V5\V5_20240802_15_00_00/vexv5\libv5rt.a(v5_apiuser.c.obj)
                0x03818558                vexDistanceDistanceGet
 .text.vexEventMaskSet
                0x03818568       0x28 c:\Users\alfre\AppData\Roaming\Code\User\globalStorage\vexrobotics.vexcode\sdk\cpp\V5\V5_20240802_15_00_00/vexv5\libv5rt.a(v5_apiuser.c.obj)
                0x03818568                vexEventMaskSet
 .text.vexEventMaskGet
                0x03818590       0x18 c:\Users\alfre\AppData\Roaming\Code\User\globalStorage\vexrobotics.vexcode\sdk\cpp\V5\V5_20240802_15_00_00/vexv5\libv5rt.a(v5_apiuser.c.obj)
                0x03818590                vexEventMaskGet
 .text._ZN3vex6deviceD2Ev
                0x038185a8        0x4 c:\Users\alfre\AppData\Roaming\Code\User\globalStorage\vexrobotics.vexcode\sdk\cpp\V5\V5_20240802_15_00_00/vexv5\libv5rt.a(vex_device.cpp.obj)
                0x038185a8                vex::device::~device()
                0x038185a8                vex::device::~device()
 .text._ZN3vex6device5valueEv
                0x038185ac        0x8 c:\Users\alfre\AppData\Roaming\Code\User\globalStorage\vexrobotics.vexcode\sdk\cpp\V5\V5_20240802_15_00_00/vexv5\libv5rt.a(vex_device.cpp.obj)
                0x038185ac                vex::device::value()
 .text._ZN3vex6deviceD0Ev
                0x038185b4       0x14 c:\Users\alfre\AppData\Roaming\Code\User\globalStorage\vexrobotics.vexcode\sdk\cpp\V5\V5_20240802_15_00_00/vexv5\libv5rt.a(vex_device.cpp.obj)
                0x038185b4                vex::device::~device()
 .text._ZN3vex6device4initEl
                0x038185c8       0x30 c:\Users\alfre\AppData\Roaming\Code\User\globalStorage\vexrobotics.vexcode\sdk\cpp\V5\V5_20240802_15_00_00/vexv5\libv5rt.a(vex_device.cpp.obj)
                0x038185c8                vex::device::init(long)
 .text._ZN3vex6deviceC2El
                0x038185f8       0x20 c:\Users\alfre\AppData\Roaming\Code\User\globalStorage\vexrobotics.vexcode\sdk\cpp\V5\V5_20240802_15_00_00/vexv5\libv5rt.a(vex_device.cpp.obj)
                0x038185f8                vex::device::device(long)
                0x038185f8                vex::device::device(long)
 .text._ZN3vex6device4typeEv
                0x03818618       0x10 c:\Users\alfre\AppData\Roaming\Code\User\globalStorage\vexrobotics.vexcode\sdk\cpp\V5\V5_20240802_15_00_00/vexv5\libv5rt.a(vex_device.cpp.obj)
                0x03818618                vex::device::type()
 .text._ZN3vex6device9installedEv
                0x03818628       0x14 c:\Users\alfre\AppData\Roaming\Code\User\globalStorage\vexrobotics.vexcode\sdk\cpp\V5\V5_20240802_15_00_00/vexv5\libv5rt.a(vex_device.cpp.obj)
                0x03818628                vex::device::installed()
 .text.__aeabi_memcpy
                0x0381863c        0x4 c:\Users\alfre\AppData\Roaming\Code\User\globalStorage\vexrobotics.vexcode\sdk\cpp\V5\V5_20240802_15_00_00/vexv5/gcc/libs\libc.a(lib_a-aeabi_memcpy.o)
                0x0381863c                __aeabi_memcpy
                0x0381863c                __aeabi_memcpy8
                0x0381863c                __aeabi_memcpy4
 .text.__libc_fini_array
                0x03818640       0x30 c:\Users\alfre\AppData\Roaming\Code\User\globalStorage\vexrobotics.vexcode\sdk\cpp\V5\V5_20240802_15_00_00/vexv5/gcc/libs\libc.a(lib_a-fini.o)
                0x03818640                __libc_fini_array
 .text.__libc_init_array
                0x03818670       0x58 c:\Users\alfre\AppData\Roaming\Code\User\globalStorage\vexrobotics.vexcode\sdk\cpp\V5\V5_20240802_15_00_00/vexv5/gcc/libs\libc.a(lib_a-init.o)
                0x03818670                __libc_init_array
 .text.memcpy   0x038186c8       0xa8 c:\Users\alfre\AppData\Roaming\Code\User\globalStorage\vexrobotics.vexcode\sdk\cpp\V5\V5_20240802_15_00_00/vexv5/gcc/libs\libc.a(lib_a-memcpy.o)
                0x038186c8                memcpy
 .text.fmax     0x03818770       0x4c c:\Users\alfre\AppData\Roaming\Code\User\globalStorage\vexrobotics.vexcode\sdk\cpp\V5\V5_20240802_15_00_00/vexv5/gcc/libs\libm.a(lib_a-s_fmax.o)
                0x03818770                fmax
 .text.fmin     0x038187bc       0x4c c:\Users\alfre\AppData\Roaming\Code\User\globalStorage\vexrobotics.vexcode\sdk\cpp\V5\V5_20240802_15_00_00/vexv5/gcc/libs\libm.a(lib_a-s_fmin.o)
                0x038187bc                fmin
 .text.round    0x03818808       0x94 c:\Users\alfre\AppData\Roaming\Code\User\globalStorage\vexrobotics.vexcode\sdk\cpp\V5\V5_20240802_15_00_00/vexv5/gcc/libs\libm.a(lib_a-s_round.o)
                0x03818808                round
 .text.hypot    0x0381889c       0xb4 c:\Users\alfre\AppData\Roaming\Code\User\globalStorage\vexrobotics.vexcode\sdk\cpp\V5\V5_20240802_15_00_00/vexv5/gcc/libs\libm.a(lib_a-w_hypot.o)
                0x0381889c                hypot
 .text.__ieee754_hypot
                0x03818950      0x198 c:\Users\alfre\AppData\Roaming\Code\User\globalStorage\vexrobotics.vexcode\sdk\cpp\V5\V5_20240802_15_00_00/vexv5/gcc/libs\libm.a(lib_a-e_hypot.o)
                0x03818950                __ieee754_hypot
 .text.__ieee754_hypot.__stub
                0x03818ae8       0x20 linker stubs
 *(.gnu.linkonce.t.*)
 *(.plt)
 *(.gnu_warning)
 *(.gcc_except_table)
 *(.glue_7)
 .glue_7        0x00000000        0x0 linker stubs
 *(.glue_7t)
 .glue_7t       0x00000000        0x0 linker stubs
 *(.vfp11_veneer)
 .vfp11_veneer  0x00000000        0x0 linker stubs
 *(.ARM.extab)
 *(.gnu.linkonce.armextab.*)

.v4_bx          0x03818b08        0x0
 .v4_bx         0x00000000        0x0 linker stubs

.iplt           0x03818b08        0x0
 .iplt          0x00000000        0x0 build/src/VirtualTargetPursuit.o

.init
 *(.init)

.fini
 *(.fini)

.rodata         0x03818b08      0x60c
                0x03818b08                __rodata_start = .
 *(.rodata)
 *(.rodata.*)
 .rodata.str1.1
                0x03818b08       0x5c build/src/main.o
 .rodata.str1.1
                0x03818b64      0x186 build/src/screen_gui.o
                                0x1a9 (size before relaxing)
 .rodata.str1.1
                0x03818cea       0xb0 build/src/odom.o
                                 0xc1 (size before relaxing)
 .rodata.str1.1
                0x03818d9a       0x8f build/src/movement.o
 *fill*         0x03818e29        0x7 
 .rodata.wheelDiam
                0x03818e30        0x8 build/src/robot-config.o
                0x03818e30                wheelDiam
 .rodata.wheelToMotorRatio
                0x03818e38        0x8 build/src/robot-config.o
                0x03818e38                wheelToMotorRatio
 .rodata.DistanceBetweenWheel
                0x03818e40        0x8 build/src/robot-config.o
                0x03818e40                DistanceBetweenWheel
 .rodata.horizontal_tracker_diameter
                0x03818e48        0x8 build/src/robot-config.o
                0x03818e48                horizontal_tracker_diameter