Archive member included because of file (symbol)

c:\Users\alfre\AppData\Roaming\Code\User\globalStorage\vexrobotics.vexcode\sdk\cpp\V5\V5_20240802_15_00_00/vexv5\libv5rt.a(v5_startup.c.obj)
                              (vexStartup)
c:\Users\alfre\AppData\Roaming\Code\User\globalStorage\vexrobotics.vexcode\sdk\cpp\V5\V5_20240802_15_00_00/vexv5\libv5rt.a(v5_util.c.obj)
                              c:\Users\alfre\AppData\Roaming\Code\User\globalStorage\vexrobotics.vexcode\sdk\cpp\V5\V5_20240802_15_00_00/vexv5\libv5rt.a(v5_startup.c.obj) (vexStdlibVersionLinked)
c:\Users\alfre\AppData\Roaming\Code\User\globalStorage\vexrobotics.vexcode\sdk\cpp\V5\V5_20240802_15_00_00/vexv5\libv5rt.a(v5_apijump.c.obj)
                              c:\Users\alfre\AppData\Roaming\Code\User\globalStorage\vexrobotics.vexcode\sdk\cpp\V5\V5_20240802_15_00_00/vexv5\libv5rt.a(v5_startup.c.obj) (vexPrivateApiEnable)
c:\Users\alfre\AppData\Roaming\Code\User\globalStorage\vexrobotics.vexcode\sdk\cpp\V5\V5_20240802_15_00_00/vexv5\libv5rt.a(v5_apiversions.c.obj)
                              c:\Users\alfre\AppData\Roaming\Code\User\globalStorage\vexrobotics.vexcode\sdk\cpp\V5\V5_20240802_15_00_00/vexv5\libv5rt.a(v5_apijump.c.obj) (vexSystemVersion)
c:\Users\alfre\AppData\Roaming\Code\User\globalStorage\vexrobotics.vexcode\sdk\cpp\V5\V5_20240802_15_00_00/vexv5\libv5rt.a(vex_global.cpp.obj)
                              build/src/main.o (vex::wait(double, vex::timeUnits))
c:\Users\alfre\AppData\Roaming\Code\User\globalStorage\vexrobotics.vexcode\sdk\cpp\V5\V5_20240802_15_00_00/vexv5\libv5rt.a(vex_motor.cpp.obj)
                              build/src/robot-config.o (vex::motor::~motor())
c:\Users\alfre\AppData\Roaming\Code\User\globalStorage\vexrobotics.vexcode\sdk\cpp\V5\V5_20240802_15_00_00/vexv5\libv5rt.a(vex_imu.cpp.obj)
                              build/src/movement.o (vex::inertial::setHeading(double, vex::rotationUnits))
c:\Users\alfre\AppData\Roaming\Code\User\globalStorage\vexrobotics.vexcode\sdk\cpp\V5\V5_20240802_15_00_00/vexv5\libv5rt.a(vex_controller.cpp.obj)
                              build/src/robot-config.o (vex::controller::~controller())
c:\Users\alfre\AppData\Roaming\Code\User\globalStorage\vexrobotics.vexcode\sdk\cpp\V5\V5_20240802_15_00_00/vexv5\libv5rt.a(vex_task.cpp.obj)
                              build/src/main.o (vex::task::task(int (*)()))
c:\Users\alfre\AppData\Roaming\Code\User\globalStorage\vexrobotics.vexcode\sdk\cpp\V5\V5_20240802_15_00_00/vexv5\libv5rt.a(vex_thread.cpp.obj)
                              c:\Users\alfre\AppData\Roaming\Code\User\globalStorage\vexrobotics.vexcode\sdk\cpp\V5\V5_20240802_15_00_00/vexv5\libv5rt.a(vex_global.cpp.obj) (vex::this_thread::sleep_for(unsigned long))
c:\Users\alfre\AppData\Roaming\Code\User\globalStorage\vexrobotics.vexcode\sdk\cpp\V5\V5_20240802_15_00_00/vexv5\libv5rt.a(vex_event.cpp.obj)
                              c:\Users\alfre\AppData\Roaming\Code\User\globalStorage\vexrobotics.vexcode\sdk\cpp\V5\V5_20240802_15_00_00/vexv5\libv5rt.a(vex_imu.cpp.obj) (vex::event::init(unsigned long, unsigned long, void (*)()))
c:\Users\alfre\AppData\Roaming\Code\User\globalStorage\vexrobotics.vexcode\sdk\cpp\V5\V5_20240802_15_00_00/vexv5\libv5rt.a(vex_mevent.cpp.obj)
                              c:\Users\alfre\AppData\Roaming\Code\User\globalStorage\vexrobotics.vexcode\sdk\cpp\V5\V5_20240802_15_00_00/vexv5\libv5rt.a(vex_controller.cpp.obj) (vex::mevent::mevent(unsigned long, unsigned long))
c:\Users\alfre\AppData\Roaming\Code\User\globalStorage\vexrobotics.vexcode\sdk\cpp\V5\V5_20240802_15_00_00/vexv5\libv5rt.a(vex_brain.cpp.obj)
                              build/src/main.o (vex::brain::lcd::setCursor(long, long))
c:\Users\alfre\AppData\Roaming\Code\User\globalStorage\vexrobotics.vexcode\sdk\cpp\V5\V5_20240802_15_00_00/vexv5\libv5rt.a(vex_competition.cpp.obj)
                              build/src/main.o (vex::competition::competition())
c:\Users\alfre\AppData\Roaming\Code\User\globalStorage\vexrobotics.vexcode\sdk\cpp\V5\V5_20240802_15_00_00/vexv5\libv5rt.a(vex_triport.cpp.obj)
                              c:\Users\alfre\AppData\Roaming\Code\User\globalStorage\vexrobotics.vexcode\sdk\cpp\V5\V5_20240802_15_00_00/vexv5\libv5rt.a(vex_brain.cpp.obj) (vex::triport::~triport())
c:\Users\alfre\AppData\Roaming\Code\User\globalStorage\vexrobotics.vexcode\sdk\cpp\V5\V5_20240802_15_00_00/vexv5\libv5rt.a(vex_color.cpp.obj)
                              c:\Users\alfre\AppData\Roaming\Code\User\globalStorage\vexrobotics.vexcode\sdk\cpp\V5\V5_20240802_15_00_00/vexv5\libv5rt.a(vex_brain.cpp.obj) (vex::color::operator unsigned long() const)
c:\Users\alfre\AppData\Roaming\Code\User\globalStorage\vexrobotics.vexcode\sdk\cpp\V5\V5_20240802_15_00_00/vexv5\libv5rt.a(vex_timer.cpp.obj)
                              c:\Users\alfre\AppData\Roaming\Code\User\globalStorage\vexrobotics.vexcode\sdk\cpp\V5\V5_20240802_15_00_00/vexv5\libv5rt.a(vex_brain.cpp.obj) (vex::timer::~timer())
[...]
Memory Configuration

Name             Origin             Length             Attributes
ps7_ddr_0_S_AXI_BASEADDR 0x03800000         0x04800000
*default*        0x00000000         0xffffffff

Linker script and memory map

                0x00002000                _STACK_SIZE = DEFINED (_STACK_SIZE)?_STACK_SIZE:0x2000
                0x00100000                _HEAP_SIZE = DEFINED (_HEAP_SIZE)?_HEAP_SIZE:0x100000
                0x00000400                _ABORT_STACK_SIZE = DEFINED (_ABORT_STACK_SIZE)?_ABORT_STACK_SIZE:0x400
                0x00000800                _SUPERVISOR_STACK_SIZE = DEFINED (_SUPERVISOR_STACK_SIZE)?_SUPERVISOR_STACK_SIZE:0x800
                0x00000400                _IRQ_STACK_SIZE = DEFINED (_IRQ_STACK_SIZE)?_IRQ_STACK_SIZE:0x400
                0x00000400                _FIQ_STACK_SIZE = DEFINED (_FIQ_STACK_SIZE)?_FIQ_STACK_SIZE:0x400
                0x00000400                _UNDEF_STACK_SIZE = DEFINED (_UNDEF_STACK_SIZE)?_UNDEF_STACK_SIZE:0x400

.text           0x03800000     0xac18
 *(.vectors)
 *(.boot_data)
 .boot_data     0x03800000       0x20 c:\Users\alfre\AppData\Roaming\Code\User\globalStorage\vexrobotics.vexcode\sdk\cpp\V5\V5_20240802_15_00_00/vexv5\libv5rt.a(v5_startup.c.obj)
                0x03800000                vexCodeSig
                0x00000020                . = 0x20
 *(.boot)
 .boot          0x03800020       0xbc c:\Users\alfre\AppData\Roaming\Code\User\globalStorage\vexrobotics.vexcode\sdk\cpp\V5\V5_20240802_15_00_00/vexv5\libv5rt.a(v5_startup.c.obj)
                0x03800020                vexStartup
                0x03800100                . = ALIGN (0x40)
 *fill*         0x038000dc       0x24 
 *(.freertos_vectors)
 *(.text)
 .text          0x03800100       0x3a c:\Users\alfre\AppData\Roaming\Code\User\globalStorage\vexrobotics.vexcode\sdk\cpp\V5\V5_20240802_15_00_00/vexv5/gcc/libs\libc.a(lib_a-aeabi_memmove-soft.o)
                0x03800100                __aeabi_memmove4
                0x03800100                __aeabi_memmove
                0x03800100                __aeabi_memmove8
 *(.text.*)
 *fill*         0x0380013a        0x6 
 .text._Z9pre_autonv
                0x03800140      0x240 build/src/main.o
                0x03800140                pre_auton()
 .text._Z10autonomousv
                0x03800380      0x15c build/src/main.o
                0x03800380                autonomous()
 .text._Z9DriveTaskv
                0x038004dc       0x94 build/src/main.o
                0x038004dc                DriveTask()
 .text._Z5ATaskv
                0x03800570       0xa0 build/src/main.o
                0x03800570                ATask()
 .text._Z5PTaskv
                0x03800610      0x2a4 build/src/main.o
                0x03800610                PTask()
 .text._Z11usercontrolv
                0x038008b4       0x9c build/src/main.o
                0x038008b4                usercontrol()
 .text.main     0x03800950       0x68 build/src/main.o
                0x03800950                main
 .text._GLOBAL__sub_I_main.cpp
                0x038009b8       0x34 build/src/main.o
 .text._Z19drawCurvedRectangleiiiii
                0x038009ec       0xdc build/src/screen_gui.o
                0x038009ec                drawCurvedRectangle(int, int, int, int, int)
 .text._Z16drawCurvedBorderiiiiiiPcS_
                0x03800ac8       0xa0 build/src/screen_gui.o
                0x03800ac8                drawCurvedBorder(int, int, int, int, int, int, char*, char*)
 .text._Z18drawEmptyRectangleiiii
                0x03800b68       0x90 build/src/screen_gui.o
                0x03800b68                drawEmptyRectangle(int, int, int, int)
 .text._Z9drawFieldv
                0x03800bf8      0x450 build/src/screen_gui.o
                0x03800bf8                drawField()
 .text._Z16drawSkillsCornerb
                0x03801048      0x110 build/src/screen_gui.o
                0x03801048                drawSkillsCorner(bool)
 .text._Z19drawTiltedRectangleiidd
                0x03801158      0x140 build/src/screen_gui.o
                0x03801158                drawTiltedRectangle(int, int, double, double)
 .text._Z19fillTiltedRectangleiidd
                0x03801298      0x130 build/src/screen_gui.o
                0x03801298                fillTiltedRectangle(int, int, double, double)
 .text._Z13confirmCornerv
                0x038013c8      0x26c build/src/screen_gui.o
                0x038013c8                confirmCorner()
 .text._Z20AutoSelectionRefreshv
                0x03801634      0x330 build/src/screen_gui.o
                0x03801634                AutoSelectionRefresh()
 .text._Z13AutoSelectionv
                0x03801964      0x3c4 build/src/screen_gui.o
                0x03801964                AutoSelection()
 .text._Z10AutonLogicv
                0x03801d28      0x340 build/src/screen_gui.o
                0x03801d28                AutonLogic()
 .text._Z7Zeroingbb
                0x03802068       0x94 build/src/movement.o
                0x03802068                Zeroing(bool, bool)
 *fill*         0x038020fc        0x4 
 .text._Z13ChassisUpdatev
                0x03802100      0x1c0 build/src/movement.o
                0x03802100                ChassisUpdate()
 .text._Z14ChassisUpdate2v
                0x038022c0      0x1b8 build/src/movement.o
                0x038022c0                ChassisUpdate2()
 .text._Z4Moveii
                0x03802478      0x1c8 build/src/movement.o
                0x03802478                Move(int, int)
 .text._Z5BStopv
                0x03802640       0xc8 build/src/movement.o
                0x03802640                BStop()
 .text._Z5CStopv
                0x03802708       0xc8 build/src/movement.o
                0x03802708                CStop()
 .text._Z9RunRolleri
                0x038027d0        0x4 build/src/movement.o
                0x038027d0                RunRoller(int)
 .text._Z12RunTopRolleri
                0x038027d4        0x4 build/src/movement.o
                0x038027d4                RunTopRoller(int)
 .text._Z8RunIndexi
                0x038027d8      0x108 build/src/movement.o
                0x038027d8                RunIndex(int)
 .text._Z11MiddleScorev
                0x038028e0       0x2c build/src/movement.o
                0x038028e0                MiddleScore()
 .text._Z12NeutralScorev
                0x0380290c       0x2c build/src/movement.o
                0x0380290c                NeutralScore()
 .text._Z9HighScorev
                0x03802938       0x2c build/src/movement.o
                0x03802938                HighScore()
 *fill*         0x03802964        0x4 
 .text._Z14MoveEncoderPID10PIDDataSetidddb
                0x03802968      0x200 build/src/movement.o
                0x03802968                MoveEncoderPID(PIDDataSet, int, double, double, double, bool)
 .text._Z14TurnMaxTimePID10PIDDataSetddb
                0x03802b68      0x1c0 build/src/movement.o
                0x03802b68                TurnMaxTimePID(PIDDataSet, double, double, bool)
 .text._Z11MoveTimePID10PIDDataSetidddb
                0x03802d28      0x208 build/src/movement.o
                0x03802d28                MoveTimePID(PIDDataSet, int, double, double, double, bool)
 .text._Z13findLookahead5PointSt6vectorIS_SaIS_EEd
                0x03802f30      0x240 build/src/movement.o
                0x03802f30                findLookahead(Point, std::vector<Point, std::allocator<Point> >, double)
 .text._Z16PurePursuitDriveSt6vectorI5PointSaIS0_EE10PIDDataSetddbb
                0x03803170      0x3c0 build/src/movement.o
                0x03803170                PurePursuitDrive(std::vector<Point, std::allocator<Point> >, PIDDataSet, double, double, bool, bool)
 .text._ZNSt6vectorI5PointSaIS0_EEC2ERKS2_
                0x03803530       0x78 build/src/movement.o
                0x03803530                std::vector<Point, std::allocator<Point> >::vector(std::vector<Point, std::allocator<Point> > const&)
 .text._ZNSt12_Vector_baseI5PointSaIS0_EE11_M_allocateEj
                0x038035a8       0x30 build/src/movement.o
                0x038035a8                std::_Vector_base<Point, std::allocator<Point> >::_M_allocate(unsigned int)
 .text._GLOBAL__sub_I_movement.cpp
                0x038035d8       0x34 build/src/movement.o
 *fill*         0x0380360c        0x4 
 .text._Z18get_dist_travelledd
                0x03803610       0xd0 build/src/helper_functions.o
                0x03803610                get_dist_travelled(double)
 .text._GLOBAL__sub_I_helper_functions.cpp
                0x038036e0       0x34 build/src/helper_functions.o
 .text._Z11vexcodeInitv
                0x03803714        0x4 build/src/robot-config.o
                0x03803714                vexcodeInit()
 .text._GLOBAL__sub_I_robot_config.cpp
                0x03803718      0x330 build/src/robot-config.o
 .text._Z6skillsv
                0x03803a48     0x1738 build/src/routes/skills.o
                0x03803a48                skills()
 .text._Z9high_rushv
                0x03805180      0x180 build/src/routes/high_rush.o
                0x03805180                high_rush()
 .text._ZNSt6vectorI5PointSaIS0_EEC2ESt16initializer_listIS0_ERKS1_
                0x03805300       0x58 build/src/routes/high_rush.o
                0x03805300                std::vector<Point, std::allocator<Point> >::vector(std::initializer_list<Point>, std::allocator<Point> const&)
 .text._Z8low_rushv
                0x03805358      0x6f0 build/src/routes/low_rush.o
                0x03805358                low_rush()
 .text._Z9low_basicv
                0x03805a48      0x750 build/src/routes/low_basic.o
                0x03805a48                low_basic()
 .text._Z9high_longv
                0x03806198      0x5c8 build/src/routes/high_long.o
                0x03806198                high_long()
 .text._Z10high_basicv
                0x03806760      0x6d8 build/src/routes/high_basic.o
                0x03806760                high_basic()
 .text._Z8low_longv
                0x03806e38      0x690 build/src/routes/low_long.o
                0x03806e38                low_long()
 .text._Z11mangoskillsv
                0x038074c8       0xac build/src/routes/mangoskills.o
                0x038074c8                mangoskills()
 *fill*         0x03807574        0x4 
 .text._Z8solo_awpv
                0x03807578      0x7a0 build/src/routes/solo_awp.o
                0x03807578                solo_awp()
 .text.vexMain  0x03807d18       0xb0 c:\Users\alfre\AppData\Roaming\Code\User\globalStorage\vexrobotics.vexcode\sdk\cpp\V5\V5_20240802_15_00_00/vexv5\libv5rt.a(v5_startup.c.obj)
                0x03807d18                vexMain
 .text.__vex_function_prolog
                0x03807dc8       0x18 c:\Users\alfre\AppData\Roaming\Code\User\globalStorage\vexrobotics.vexcode\sdk\cpp\V5\V5_20240802_15_00_00/vexv5\libv5rt.a(v5_startup.c.obj)
                0x03807dc8                __vex_function_prolog
 .text._init    0x03807de0        0x4 c:\Users\alfre\AppData\Roaming\Code\User\globalStorage\vexrobotics.vexcode\sdk\cpp\V5\V5_20240802_15_00_00/vexv5\libv5rt.a(v5_startup.c.obj)
                0x03807de0                _init
 .text._fini    0x03807de4        0x4 c:\Users\alfre\AppData\Roaming\Code\User\globalStorage\vexrobotics.vexcode\sdk\cpp\V5\V5_20240802_15_00_00/vexv5\libv5rt.a(v5_startup.c.obj)
                0x03807de4                _fini
 .text.vexStdlibVersionLinked
                0x03807de8        0xc c:\Users\alfre\AppData\Roaming\Code\User\globalStorage\vexrobotics.vexcode\sdk\cpp\V5\V5_20240802_15_00_00/vexv5\libv5rt.a(v5_util.c.obj)
                0x03807de8                vexStdlibVersionLinked
 .text.vexStdlibVersionVerify
                0x03807df4       0x30 c:\Users\alfre\AppData\Roaming\Code\User\globalStorage\vexrobotics.vexcode\sdk\cpp\V5\V5_20240802_15_00_00/vexv5\libv5rt.a(v5_util.c.obj)
                0x03807df4                vexStdlibVersionVerify
 .text.vexPrivateApiEnable
                0x03807e24       0x10 c:\Users\alfre\AppData\Roaming\Code\User\globalStorage\vexrobotics.vexcode\sdk\cpp\V5\V5_20240802_15_00_00/vexv5\libv5rt.a(v5_apijump.c.obj)
                0x03807e24                vexPrivateApiEnable
 .text.vexStdlibMismatchError
                0x03807e34       0x3c c:\Users\alfre\AppData\Roaming\Code\User\globalStorage\vexrobotics.vexcode\sdk\cpp\V5\V5_20240802_15_00_00/vexv5\libv5rt.a(v5_apijump.c.obj)
                0x03807e34                vexStdlibMismatchError
 .text.vexTaskAdd
                0x03807e70       0x10 c:\Users\alfre\AppData\Roaming\Code\User\globalStorage\vexrobotics.vexcode\sdk\cpp\V5\V5_20240802_15_00_00/vexv5\libv5rt.a(v5_apijump.c.obj)
                0x03807e70                vexTaskAdd
 .text.vexTasksRun
                0x03807e80       0x10 c:\Users\alfre\AppData\Roaming\Code\User\globalStorage\vexrobotics.vexcode\sdk\cpp\V5\V5_20240802_15_00_00/vexv5\libv5rt.a(v5_apijump.c.obj)
                0x03807e80                vexTasksRun
 .text.vexTaskYield
                0x03807e90       0x10 c:\Users\alfre\AppData\Roaming\Code\User\globalStorage\vexrobotics.vexcode\sdk\cpp\V5\V5_20240802_15_00_00/vexv5\libv5rt.a(v5_apijump.c.obj)
                0x03807e90                vexTaskYield
 .text.vexTaskCheckTimeslice
                0x03807ea0       0x10 c:\Users\alfre\AppData\Roaming\Code\User\globalStorage\vexrobotics.vexcode\sdk\cpp\V5\V5_20240802_15_00_00/vexv5\libv5rt.a(v5_apijump.c.obj)
                0x03807ea0                vexTaskCheckTimeslice
 .text.vexTaskSleep
                0x03807eb0       0x10 c:\Users\alfre\AppData\Roaming\Code\User\globalStorage\vexrobotics.vexcode\sdk\cpp\V5\V5_20240802_15_00_00/vexv5\libv5rt.a(v5_apijump.c.obj)
                0x03807eb0                vexTaskSleep
 .text.vexTasksDump
                0x03807ec0       0x1c c:\Users\alfre\AppData\Roaming\Code\User\globalStorage\vexrobotics.vexcode\sdk\cpp\V5\V5_20240802_15_00_00/vexv5\libv5rt.a(v5_apijump.c.obj)
                0x03807ec0                vexTasksDump
 .text.vexTaskGetTaskIndex
                0x03807edc       0x10 c:\Users\alfre\AppData\Roaming\Code\User\globalStorage\vexrobotics.vexcode\sdk\cpp\V5\V5_20240802_15_00_00/vexv5\libv5rt.a(v5_apijump.c.obj)
                0x03807edc                vexTaskGetTaskIndex
 .text.vexTaskStopAll
                0x03807eec       0x10 c:\Users\alfre\AppData\Roaming\Code\User\globalStorage\vexrobotics.vexcode\sdk\cpp\V5\V5_20240802_15_00_00/vexv5\libv5rt.a(v5_apijump.c.obj)
                0x03807eec                vexTaskStopAll
 .text.vexTaskRemoveAllUser
                0x03807efc       0x34 c:\Users\alfre\AppData\Roaming\Code\User\globalStorage\vexrobotics.vexcode\sdk\cpp\V5\V5_20240802_15_00_00/vexv5\libv5rt.a(v5_apijump.c.obj)
                0x03807efc                vexTaskRemoveAllUser
 .text.vexTaskCompletionIdSet
                0x03807f30       0x10 c:\Users\alfre\AppData\Roaming\Code\User\globalStorage\vexrobotics.vexcode\sdk\cpp\V5\V5_20240802_15_00_00/vexv5\libv5rt.a(v5_apijump.c.obj)
                0x03807f30                vexTaskCompletionIdSet
 .text.vexTaskStopWithId
                0x03807f40       0x10 c:\Users\alfre\AppData\Roaming\Code\User\globalStorage\vexrobotics.vexcode\sdk\cpp\V5\V5_20240802_15_00_00/vexv5\libv5rt.a(v5_apijump.c.obj)
                0x03807f40                vexTaskStopWithId
 .text.vexCriticalSection
                0x03807f50       0x2c c:\Users\alfre\AppData\Roaming\Code\User\globalStorage\vexrobotics.vexcode\sdk\cpp\V5\V5_20240802_15_00_00/vexv5\libv5rt.a(v5_apijump.c.obj)
                0x03807f50                vexCriticalSection
 .text.vexEventAdd
                0x03807f7c       0x34 c:\Users\alfre\AppData\Roaming\Code\User\globalStorage\vexrobotics.vexcode\sdk\cpp\V5\V5_20240802_15_00_00/vexv5\libv5rt.a(v5_apijump.c.obj)
                0x03807f7c                vexEventAdd
 .text.vexEventUserIndexGet
                0x03807fb0       0x1c c:\Users\alfre\AppData\Roaming\Code\User\globalStorage\vexrobotics.vexcode\sdk\cpp\V5\V5_20240802_15_00_00/vexv5\libv5rt.a(v5_apijump.c.obj)
                0x03807fb0                vexEventUserIndexGet
 .text.vexEventAddWithArg
                0x03807fcc       0x3c c:\Users\alfre\AppData\Roaming\Code\User\globalStorage\vexrobotics.vexcode\sdk\cpp\V5\V5_20240802_15_00_00/vexv5\libv5rt.a(v5_apijump.c.obj)
                0x03807fcc                vexEventAddWithArg
 .text.vexEventsCleanup
                0x03808008       0x2c c:\Users\alfre\AppData\Roaming\Code\User\globalStorage\vexrobotics.vexcode\sdk\cpp\V5\V5_20240802_15_00_00/vexv5\libv5rt.a(v5_apijump.c.obj)
                0x03808008                vexEventsCleanup
 .text.vexDebug
                0x03808034       0x38 c:\Users\alfre\AppData\Roaming\Code\User\globalStorage\vexrobotics.vexcode\sdk\cpp\V5\V5_20240802_15_00_00/vexv5\libv5rt.a(v5_apijump.c.obj)
                0x03808034                vexDebug
 .text.vex_sprintf
                0x0380806c       0x40 c:\Users\alfre\AppData\Roaming\Code\User\globalStorage\vexrobotics.vexcode\sdk\cpp\V5\V5_20240802_15_00_00/vexv5\libv5rt.a(v5_apijump.c.obj)
                0x0380806c                vex_sprintf
 .text.vex_vsnprintf
                0x038080ac       0x3c c:\Users\alfre\AppData\Roaming\Code\User\globalStorage\vexrobotics.vexcode\sdk\cpp\V5\V5_20240802_15_00_00/vexv5\libv5rt.a(v5_apijump.c.obj)
                0x038080ac                vex_vsnprintf
 .text.vexSystemTimeGet
                0x038080e8       0x1c c:\Users\alfre\AppData\Roaming\Code\User\globalStorage\vexrobotics.vexcode\sdk\cpp\V5\V5_20240802_15_00_00/vexv5\libv5rt.a(v5_apijump.c.obj)
                0x038080e8                vexSystemTimeGet
 .text.vexSystemExitRequest
                0x03808104       0x1c c:\Users\alfre\AppData\Roaming\Code\User\globalStorage\vexrobotics.vexcode\sdk\cpp\V5\V5_20240802_15_00_00/vexv5\libv5rt.a(v5_apijump.c.obj)
                0x03808104                vexSystemExitRequest
 .text.vexDeviceGetByIndex
                0x03808120       0x24 c:\Users\alfre\AppData\Roaming\Code\User\globalStorage\vexrobotics.vexcode\sdk\cpp\V5\V5_20240802_15_00_00/vexv5\libv5rt.a(v5_apijump.c.obj)
                0x03808120                vexDeviceGetByIndex
 .text.vexControllerGet
                0x03808144       0x2c c:\Users\alfre\AppData\Roaming\Code\User\globalStorage\vexrobotics.vexcode\sdk\cpp\V5\V5_20240802_15_00_00/vexv5\libv5rt.a(v5_apijump.c.obj)
                0x03808144                vexControllerGet
 .text.vexDeviceAdiPortConfigSet
                0x03808170       0x34 c:\Users\alfre\AppData\Roaming\Code\User\globalStorage\vexrobotics.vexcode\sdk\cpp\V5\V5_20240802_15_00_00/vexv5\libv5rt.a(v5_apijump.c.obj)
                0x03808170                vexDeviceAdiPortConfigSet
 .text.vexDeviceAdiPortConfigGet
                0x038081a4       0x2c c:\Users\alfre\AppData\Roaming\Code\User\globalStorage\vexrobotics.vexcode\sdk\cpp\V5\V5_20240802_15_00_00/vexv5\libv5rt.a(v5_apijump.c.obj)
                0x038081a4                vexDeviceAdiPortConfigGet
 .text.vexDeviceAdiValueSet
                0x038081d0       0x34 c:\Users\alfre\AppData\Roaming\Code\User\globalStorage\vexrobotics.vexcode\sdk\cpp\V5\V5_20240802_15_00_00/vexv5\libv5rt.a(v5_apijump.c.obj)
                0x038081d0                vexDeviceAdiValueSet
 .text.vexDeviceMotorVelocitySet
                0x03808204       0x2c c:\Users\alfre\AppData\Roaming\Code\User\globalStorage\vexrobotics.vexcode\sdk\cpp\V5\V5_20240802_15_00_00/vexv5\libv5rt.a(v5_apijump.c.obj)
                0x03808204                vexDeviceMotorVelocitySet
 .text.vexDeviceMotorVoltageSet
                0x03808230       0x2c c:\Users\alfre\AppData\Roaming\Code\User\globalStorage\vexrobotics.vexcode\sdk\cpp\V5\V5_20240802_15_00_00/vexv5\libv5rt.a(v5_apijump.c.obj)
                0x03808230                vexDeviceMotorVoltageSet
 .text.vexDeviceMotorActualVelocityGet
                0x0380825c       0x24 c:\Users\alfre\AppData\Roaming\Code\User\globalStorage\vexrobotics.vexcode\sdk\cpp\V5\V5_20240802_15_00_00/vexv5\libv5rt.a(v5_apijump.c.obj)
                0x0380825c                vexDeviceMotorActualVelocityGet
 .text.vexDeviceMotorCurrentLimitSet
                0x03808280       0x2c c:\Users\alfre\AppData\Roaming\Code\User\globalStorage\vexrobotics.vexcode\sdk\cpp\V5\V5_20240802_15_00_00/vexv5\libv5rt.a(v5_apijump.c.obj)
                0x03808280                vexDeviceMotorCurrentLimitSet
 .text.vexDeviceMotorReverseFlagSet
                0x038082ac       0x2c c:\Users\alfre\AppData\Roaming\Code\User\globalStorage\vexrobotics.vexcode\sdk\cpp\V5\V5_20240802_15_00_00/vexv5\libv5rt.a(v5_apijump.c.obj)
                0x038082ac                vexDeviceMotorReverseFlagSet
 .text.vexDeviceMotorEncoderUnitsSet
                0x038082d8       0x2c c:\Users\alfre\AppData\Roaming\Code\User\globalStorage\vexrobotics.vexcode\sdk\cpp\V5\V5_20240802_15_00_00/vexv5\libv5rt.a(v5_apijump.c.obj)
                0x038082d8                vexDeviceMotorEncoderUnitsSet
 .text.vexDeviceMotorBrakeModeSet
                0x03808304       0x2c c:\Users\alfre\AppData\Roaming\Code\User\globalStorage\vexrobotics.vexcode\sdk\cpp\V5\V5_20240802_15_00_00/vexv5\libv5rt.a(v5_apijump.c.obj)
                0x03808304                vexDeviceMotorBrakeModeSet
 .text.vexDeviceMotorPositionSet
                0x03808330       0x34 c:\Users\alfre\AppData\Roaming\Code\User\globalStorage\vexrobotics.vexcode\sdk\cpp\V5\V5_20240802_15_00_00/vexv5\libv5rt.a(v5_apijump.c.obj)
                0x03808330                vexDeviceMotorPositionSet
 .text.vexDeviceMotorPositionGet
                0x03808364       0x24 c:\Users\alfre\AppData\Roaming\Code\User\globalStorage\vexrobotics.vexcode\sdk\cpp\V5\V5_20240802_15_00_00/vexv5\libv5rt.a(v5_apijump.c.obj)
                0x03808364                vexDeviceMotorPositionGet
 .text.vexDeviceMotorGearingSet
                0x03808388       0x2c c:\Users\alfre\AppData\Roaming\Code\User\globalStorage\vexrobotics.vexcode\sdk\cpp\V5\V5_20240802_15_00_00/vexv5\libv5rt.a(v5_apijump.c.obj)
                0x03808388                vexDeviceMotorGearingSet
 .text.vexDeviceMotorGearingGet
                0x038083b4       0x24 c:\Users\alfre\AppData\Roaming\Code\User\globalStorage\vexrobotics.vexcode\sdk\cpp\V5\V5_20240802_15_00_00/vexv5\libv5rt.a(v5_apijump.c.obj)
                0x038083b4                vexDeviceMotorGearingGet
 .text.vexDeviceImuReset
                0x038083d8       0x24 c:\Users\alfre\AppData\Roaming\Code\User\globalStorage\vexrobotics.vexcode\sdk\cpp\V5\V5_20240802_15_00_00/vexv5\libv5rt.a(v5_apijump.c.obj)
                0x038083d8                vexDeviceImuReset
 .text.vexDeviceImuHeadingGet
                0x038083fc       0x24 c:\Users\alfre\AppData\Roaming\Code\User\globalStorage\vexrobotics.vexcode\sdk\cpp\V5\V5_20240802_15_00_00/vexv5\libv5rt.a(v5_apijump.c.obj)
                0x038083fc                vexDeviceImuHeadingGet
 .text.vexDeviceImuDegreesGet
                0x03808420       0x24 c:\Users\alfre\AppData\Roaming\Code\User\globalStorage\vexrobotics.vexcode\sdk\cpp\V5\V5_20240802_15_00_00/vexv5\libv5rt.a(v5_apijump.c.obj)
                0x03808420                vexDeviceImuDegreesGet
 .text.vexDeviceImuStatusGet
                0x03808444       0x24 c:\Users\alfre\AppData\Roaming\Code\User\globalStorage\vexrobotics.vexcode\sdk\cpp\V5\V5_20240802_15_00_00/vexv5\libv5rt.a(v5_apijump.c.obj)
                0x03808444                vexDeviceImuStatusGet
 .text.vexDisplayForegroundColor
                0x03808468       0x24 c:\Users\alfre\AppData\Roaming\Code\User\globalStorage\vexrobotics.vexcode\sdk\cpp\V5\V5_20240802_15_00_00/vexv5\libv5rt.a(v5_apijump.c.obj)
                0x03808468                vexDisplayForegroundColor
 .text.vexDisplayBackgroundColor
                0x0380848c       0x24 c:\Users\alfre\AppData\Roaming\Code\User\globalStorage\vexrobotics.vexcode\sdk\cpp\V5\V5_20240802_15_00_00/vexv5\libv5rt.a(v5_apijump.c.obj)
                0x0380848c                vexDisplayBackgroundColor
 .text.vexDisplayBackgroundColorGet
                0x038084b0       0x1c c:\Users\alfre\AppData\Roaming\Code\User\globalStorage\vexrobotics.vexcode\sdk\cpp\V5\V5_20240802_15_00_00/vexv5\libv5rt.a(v5_apijump.c.obj)
                0x038084b0                vexDisplayBackgroundColorGet
 .text.vexDisplayPixelSet
                0x038084cc       0x38 c:\Users\alfre\AppData\Roaming\Code\User\globalStorage\vexrobotics.vexcode\sdk\cpp\V5\V5_20240802_15_00_00/vexv5\libv5rt.a(v5_apijump.c.obj)
                0x038084cc                vexDisplayPixelSet
 .text.vexDisplayLineDraw
                0x03808504       0x4c c:\Users\alfre\AppData\Roaming\Code\User\globalStorage\vexrobotics.vexcode\sdk\cpp\V5\V5_20240802_15_00_00/vexv5\libv5rt.a(v5_apijump.c.obj)
                0x03808504                vexDisplayLineDraw
 .text.vexDisplayRectDraw
                0x03808550       0x4c c:\Users\alfre\AppData\Roaming\Code\User\globalStorage\vexrobotics.vexcode\sdk\cpp\V5\V5_20240802_15_00_00/vexv5\libv5rt.a(v5_apijump.c.obj)
                0x03808550                vexDisplayRectDraw
 .text.vexDisplayRectClear
                0x0380859c       0x4c c:\Users\alfre\AppData\Roaming\Code\User\globalStorage\vexrobotics.vexcode\sdk\cpp\V5\V5_20240802_15_00_00/vexv5\libv5rt.a(v5_apijump.c.obj)
                0x0380859c                vexDisplayRectClear
 .text.vexDisplayCircleDraw
                0x038085e8       0x40 c:\Users\alfre\AppData\Roaming\Code\User\globalStorage\vexrobotics.vexcode\sdk\cpp\V5\V5_20240802_15_00_00/vexv5\libv5rt.a(v5_apijump.c.obj)
                0x038085e8                vexDisplayCircleDraw
 .text.vexDisplayCircleClear
                0x03808628       0x40 c:\Users\alfre\AppData\Roaming\Code\User\globalStorage\vexrobotics.vexcode\sdk\cpp\V5\V5_20240802_15_00_00/vexv5\libv5rt.a(v5_apijump.c.obj)
                0x03808628                vexDisplayCircleClear
 .text.vexDisplayVPrintf
                0x03808668       0x50 c:\Users\alfre\AppData\Roaming\Code\User\globalStorage\vexrobotics.vexcode\sdk\cpp\V5\V5_20240802_15_00_00/vexv5\libv5rt.a(v5_apijump.c.obj)
                0x03808668                vexDisplayVPrintf
 .text.vexDisplayTextReference
                0x038086b8       0x24 c:\Users\alfre\AppData\Roaming\Code\User\globalStorage\vexrobotics.vexcode\sdk\cpp\V5\V5_20240802_15_00_00/vexv5\libv5rt.a(v5_apijump.c.obj)
                0x038086b8                vexDisplayTextReference
 .text.vexDisplayTextSize
                0x038086dc       0x2c c:\Users\alfre\AppData\Roaming\Code\User\globalStorage\vexrobotics.vexcode\sdk\cpp\V5\V5_20240802_15_00_00/vexv5\libv5rt.a(v5_apijump.c.obj)
                0x038086dc                vexDisplayTextSize
 .text.vexDisplayFontNamedSet
                0x03808708       0x24 c:\Users\alfre\AppData\Roaming\Code\User\globalStorage\vexrobotics.vexcode\sdk\cpp\V5\V5_20240802_15_00_00/vexv5\libv5rt.a(v5_apijump.c.obj)
                0x03808708                vexDisplayFontNamedSet
 .text.vexDisplayStringWidthGet
                0x0380872c       0x24 c:\Users\alfre\AppData\Roaming\Code\User\globalStorage\vexrobotics.vexcode\sdk\cpp\V5\V5_20240802_15_00_00/vexv5\libv5rt.a(v5_apijump.c.obj)
                0x0380872c                vexDisplayStringWidthGet
 .text.vexDisplayPenSizeSet
                0x03808750       0x24 c:\Users\alfre\AppData\Roaming\Code\User\globalStorage\vexrobotics.vexcode\sdk\cpp\V5\V5_20240802_15_00_00/vexv5\libv5rt.a(v5_apijump.c.obj)
                0x03808750                vexDisplayPenSizeSet
 .text.vexDisplayPenSizeGet
                0x03808774       0x1c c:\Users\alfre\AppData\Roaming\Code\User\globalStorage\vexrobotics.vexcode\sdk\cpp\V5\V5_20240802_15_00_00/vexv5\libv5rt.a(v5_apijump.c.obj)
                0x03808774                vexDisplayPenSizeGet
 .text.vexSystemStdlibImpureDataAddr
                0x03808790       0x28 c:\Users\alfre\AppData\Roaming\Code\User\globalStorage\vexrobotics.vexcode\sdk\cpp\V5\V5_20240802_15_00_00/vexv5\libv5rt.a(v5_apijump.c.obj)
                0x03808790                vexSystemStdlibImpureDataAddr
 .text.vexSystemStdlibImpureDataSize
                0x038087b8       0x28 c:\Users\alfre\AppData\Roaming\Code\User\globalStorage\vexrobotics.vexcode\sdk\cpp\V5\V5_20240802_15_00_00/vexv5\libv5rt.a(v5_apijump.c.obj)
                0x038087b8                vexSystemStdlibImpureDataSize
 .text.vexSystemSaveUserData
                0x038087e0       0x3c c:\Users\alfre\AppData\Roaming\Code\User\globalStorage\vexrobotics.vexcode\sdk\cpp\V5\V5_20240802_15_00_00/vexv5\libv5rt.a(v5_apijump.c.obj)
                0x038087e0                vexSystemSaveUserData
 .text.vexTouchDataGet
                0x0380881c       0x10 c:\Users\alfre\AppData\Roaming\Code\User\globalStorage\vexrobotics.vexcode\sdk\cpp\V5\V5_20240802_15_00_00/vexv5\libv5rt.a(v5_apijump.c.obj)
                0x0380881c                vexTouchDataGet
 .text.vexDisplayThemeIdGet
                0x0380882c       0x38 c:\Users\alfre\AppData\Roaming\Code\User\globalStorage\vexrobotics.vexcode\sdk\cpp\V5\V5_20240802_15_00_00/vexv5\libv5rt.a(v5_apijump.c.obj)
                0x0380882c                vexDisplayThemeIdGet
 .text.vexDeviceEventMaskSet
                0x03808864       0x48 c:\Users\alfre\AppData\Roaming\Code\User\globalStorage\vexrobotics.vexcode\sdk\cpp\V5\V5_20240802_15_00_00/vexv5\libv5rt.a(v5_apijump.c.obj)
                0x03808864                vexDeviceEventMaskSet
 .text.vexDeviceEventMaskGet
                0x038088ac       0x3c c:\Users\alfre\AppData\Roaming\Code\User\globalStorage\vexrobotics.vexcode\sdk\cpp\V5\V5_20240802_15_00_00/vexv5\libv5rt.a(v5_apijump.c.obj)
                0x038088ac                vexDeviceEventMaskGet
 .text.vexSystemVersion
                0x038088e8       0x10 c:\Users\alfre\AppData\Roaming\Code\User\globalStorage\vexrobotics.vexcode\sdk\cpp\V5\V5_20240802_15_00_00/vexv5\libv5rt.a(v5_apiversions.c.obj)
                0x038088e8                vexSystemVersion
 .text.vexStdlibVersion
                0x038088f8       0x10 c:\Users\alfre\AppData\Roaming\Code\User\globalStorage\vexrobotics.vexcode\sdk\cpp\V5\V5_20240802_15_00_00/vexv5\libv5rt.a(v5_apiversions.c.obj)
                0x038088f8                vexStdlibVersion
 .text._ZN3vex4waitEdNS_9timeUnitsE
                0x03808908       0x30 c:\Users\alfre\AppData\Roaming\Code\User\globalStorage\vexrobotics.vexcode\sdk\cpp\V5\V5_20240802_15_00_00/vexv5\libv5rt.a(vex_global.cpp.obj)
                0x03808908                vex::wait(double, vex::timeUnits)
 .text._ZN3vex5motorD2Ev
                0x03808938       0x20 c:\Users\alfre\AppData\Roaming\Code\User\globalStorage\vexrobotics.vexcode\sdk\cpp\V5\V5_20240802_15_00_00/vexv5\libv5rt.a(vex_motor.cpp.obj)
                0x03808938                vex::motor::~motor()
                0x03808938                vex::motor::~motor()
 .text._ZN3vex5motorD0Ev
                0x03808958       0x1c c:\Users\alfre\AppData\Roaming\Code\User\globalStorage\vexrobotics.vexcode\sdk\cpp\V5\V5_20240802_15_00_00/vexv5\libv5rt.a(vex_motor.cpp.obj)
                0x03808958                vex::motor::~motor()
 .text._ZN3vex5motor9installedEv
                0x03808974       0x18 c:\Users\alfre\AppData\Roaming\Code\User\globalStorage\vexrobotics.vexcode\sdk\cpp\V5\V5_20240802_15_00_00/vexv5\libv5rt.a(vex_motor.cpp.obj)
                0x03808974                vex::motor::installed()
 .text._ZN3vex5motor15defaultStoppingENS_9brakeTypeE
                0x0380898c       0x30 c:\Users\alfre\AppData\Roaming\Code\User\globalStorage\vexrobotics.vexcode\sdk\cpp\V5\V5_20240802_15_00_00/vexv5\libv5rt.a(vex_motor.cpp.obj)
                0x0380898c                vex::motor::defaultStopping(vex::brakeType)
 .text._ZN3vex5motor8setBrakeENS_9brakeTypeE
                0x038089bc        0x4 c:\Users\alfre\AppData\Roaming\Code\User\globalStorage\vexrobotics.vexcode\sdk\cpp\V5\V5_20240802_15_00_00/vexv5\libv5rt.a(vex_motor.cpp.obj)
                0x038089bc                vex::motor::setBrake(vex::brakeType)
 .text._ZN3vex5motor11setStoppingENS_9brakeTypeE
                0x038089c0        0x4 c:\Users\alfre\AppData\Roaming\Code\User\globalStorage\vexrobotics.vexcode\sdk\cpp\V5\V5_20240802_15_00_00/vexv5\libv5rt.a(vex_motor.cpp.obj)
                0x038089c0                vex::motor::setStopping(vex::brakeType)
 .text._ZN3vex5motorC2El
                0x038089c4       0x78 c:\Users\alfre\AppData\Roaming\Code\User\globalStorage\vexrobotics.vexcode\sdk\cpp\V5\V5_20240802_15_00_00/vexv5\libv5rt.a(vex_motor.cpp.obj)
                0x038089c4                vex::motor::motor(long)
                0x038089c4                vex::motor::motor(long)
 .text._ZN3vex5motorC2ElNS_11gearSettingEb
                0x03808a3c       0x34 c:\Users\alfre\AppData\Roaming\Code\User\globalStorage\vexrobotics.vexcode\sdk\cpp\V5\V5_20240802_15_00_00/vexv5\libv5rt.a(vex_motor.cpp.obj)
                0x03808a3c                vex::motor::motor(long, vex::gearSetting, bool)
                0x03808a3c                vex::motor::motor(long, vex::gearSetting, bool)
 .text._ZN3vex5motor4spinENS_13directionTypeEdNS_12voltageUnitsE
                0x03808a70       0x50 c:\Users\alfre\AppData\Roaming\Code\User\globalStorage\vexrobotics.vexcode\sdk\cpp\V5\V5_20240802_15_00_00/vexv5\libv5rt.a(vex_motor.cpp.obj)
                0x03808a70                vex::motor::spin(vex::directionType, double, vex::voltageUnits)
 .text._ZN3vex5motor4stopENS_9brakeTypeE
                0x03808ac0       0x30 c:\Users\alfre\AppData\Roaming\Code\User\globalStorage\vexrobotics.vexcode\sdk\cpp\V5\V5_20240802_15_00_00/vexv5\libv5rt.a(vex_motor.cpp.obj)
                0x03808ac0                vex::motor::stop(vex::brakeType)
 .text._ZN3vex5motor4stopEv
                0x03808af0        0x8 c:\Users\alfre\AppData\Roaming\Code\User\globalStorage\vexrobotics.vexcode\sdk\cpp\V5\V5_20240802_15_00_00/vexv5\libv5rt.a(vex_motor.cpp.obj)
                0x03808af0                vex::motor::stop()
 .text._ZN3vex5motor12setMaxTorqueEdNS_12percentUnitsE
                0x03808af8       0x88 c:\Users\alfre\AppData\Roaming\Code\User\globalStorage\vexrobotics.vexcode\sdk\cpp\V5\V5_20240802_15_00_00/vexv5\libv5rt.a(vex_motor.cpp.obj)
                0x03808af8                vex::motor::setMaxTorque(double, vex::percentUnits)
 .text._ZN3vex5motor16velocityToScaledEdNS_13velocityUnitsE
                0x03808b80       0x5c c:\Users\alfre\AppData\Roaming\Code\User\globalStorage\vexrobotics.vexcode\sdk\cpp\V5\V5_20240802_15_00_00/vexv5\libv5rt.a(vex_motor.cpp.obj)
                0x03808b80                vex::motor::velocityToScaled(double, vex::velocityUnits)
 .text._ZN3vex5motor8velocityENS_13velocityUnitsE
                0x03808bdc       0x30 c:\Users\alfre\AppData\Roaming\Code\User\globalStorage\vexrobotics.vexcode\sdk\cpp\V5\V5_20240802_15_00_00/vexv5\libv5rt.a(vex_motor.cpp.obj)
                0x03808bdc                vex::motor::velocity(vex::velocityUnits)
 .text._ZN3vex5motor5valueEv
                0x03808c0c       0x1c c:\Users\alfre\AppData\Roaming\Code\User\globalStorage\vexrobotics.vexcode\sdk\cpp\V5\V5_20240802_15_00_00/vexv5\libv5rt.a(vex_motor.cpp.obj)
                0x03808c0c                vex::motor::value()
 .text._ZN3vex5motor16setRotationUnitsENS_13rotationUnitsE
                0x03808c28       0x1c c:\Users\alfre\AppData\Roaming\Code\User\globalStorage\vexrobotics.vexcode\sdk\cpp\V5\V5_20240802_15_00_00/vexv5\libv5rt.a(vex_motor.cpp.obj)
                0x03808c28                vex::motor::setRotationUnits(vex::rotationUnits)
 .text._ZN3vex5motor11setPositionEdNS_13rotationUnitsE
                0x03808c44       0x44 c:\Users\alfre\AppData\Roaming\Code\User\globalStorage\vexrobotics.vexcode\sdk\cpp\V5\V5_20240802_15_00_00/vexv5\libv5rt.a(vex_motor.cpp.obj)
                0x03808c44                vex::motor::setPosition(double, vex::rotationUnits)
 .text._ZN3vex5motor13resetPositionEv
                0x03808c88       0x20 c:\Users\alfre\AppData\Roaming\Code\User\globalStorage\vexrobotics.vexcode\sdk\cpp\V5\V5_20240802_15_00_00/vexv5\libv5rt.a(vex_motor.cpp.obj)
                0x03808c88                vex::motor::resetPosition()
 .text._ZN3vex5motor8positionENS_13rotationUnitsE
                0x03808ca8       0x44 c:\Users\alfre\AppData\Roaming\Code\User\globalStorage\vexrobotics.vexcode\sdk\cpp\V5\V5_20240802_15_00_00/vexv5\libv5rt.a(vex_motor.cpp.obj)
                0x03808ca8                vex::motor::position(vex::rotationUnits)
 .text._ZN3vex8inertial11getTurnTypeEv
                0x03808cec        0x8 c:\Users\alfre\AppData\Roaming\Code\User\globalStorage\vexrobotics.vexcode\sdk\cpp\V5\V5_20240802_15_00_00/vexv5\libv5rt.a(vex_imu.cpp.obj)
                0x03808cec                vex::inertial::getTurnType()
 .text._ZThn16_N3vex8inertial11getTurnTypeEv
                0x03808cf4        0x8 c:\Users\alfre\AppData\Roaming\Code\User\globalStorage\vexrobotics.vexcode\sdk\cpp\V5\V5_20240802_15_00_00/vexv5\libv5rt.a(vex_imu.cpp.obj)
                0x03808cf4                non-virtual thunk to vex::inertial::getTurnType()
 *fill*         0x03808cfc        0x4 
 .text._ZN3vex8inertial10setHeadingEdNS_13rotationUnitsE
                0x03808d00       0x58 c:\Users\alfre\AppData\Roaming\Code\User\globalStorage\vexrobotics.vexcode\sdk\cpp\V5\V5_20240802_15_00_00/vexv5\libv5rt.a(vex_imu.cpp.obj)
                0x03808d00                vex::inertial::setHeading(double, vex::rotationUnits)
 .text._ZThn16_N3vex8inertial10setHeadingEdNS_13rotationUnitsE
                0x03808d58        0x8 c:\Users\alfre\AppData\Roaming\Code\User\globalStorage\vexrobotics.vexcode\sdk\cpp\V5\V5_20240802_15_00_00/vexv5\libv5rt.a(vex_imu.cpp.obj)
                0x03808d58                non-virtual thunk to vex::inertial::setHeading(double, vex::rotationUnits)
 .text._ZN3vex8inertial11setRotationEdNS_13rotationUnitsE
                0x03808d60       0x58 c:\Users\alfre\AppData\Roaming\Code\User\globalStorage\vexrobotics.vexcode\sdk\cpp\V5\V5_20240802_15_00_00/vexv5\libv5rt.a(vex_imu.cpp.obj)
                0x03808d60                vex::inertial::setRotation(double, vex::rotationUnits)
 .text._ZThn16_N3vex8inertial11setRotationEdNS_13rotationUnitsE
                0x03808db8        0x8 c:\Users\alfre\AppData\Roaming\Code\User\globalStorage\vexrobotics.vexcode\sdk\cpp\V5\V5_20240802_15_00_00/vexv5\libv5rt.a(vex_imu.cpp.obj)
                0x03808db8                non-virtual thunk to vex::inertial::setRotation(double, vex::rotationUnits)
 .text._ZN3vex8inertialD2Ev
                0x03808dc0       0x20 c:\Users\alfre\AppData\Roaming\Code\User\globalStorage\vexrobotics.vexcode\sdk\cpp\V5\V5_20240802_15_00_00/vexv5\libv5rt.a(vex_imu.cpp.obj)
                0x03808dc0                vex::inertial::~inertial()
                0x03808dc0                vex::inertial::~inertial()
 .text._ZThn16_N3vex8inertialD1Ev
                0x03808de0        0x8 c:\Users\alfre\AppData\Roaming\Code\User\globalStorage\vexrobotics.vexcode\sdk\cpp\V5\V5_20240802_15_00_00/vexv5\libv5rt.a(vex_imu.cpp.obj)
                0x03808de0                non-virtual thunk to vex::inertial::~inertial()
 .text._ZN3vex8inertialD0Ev
                0x03808de8       0x1c c:\Users\alfre\AppData\Roaming\Code\User\globalStorage\vexrobotics.vexcode\sdk\cpp\V5\V5_20240802_15_00_00/vexv5\libv5rt.a(vex_imu.cpp.obj)
                0x03808de8                vex::inertial::~inertial()
 .text._ZThn16_N3vex8inertialD0Ev
                0x03808e04        0x8 c:\Users\alfre\AppData\Roaming\Code\User\globalStorage\vexrobotics.vexcode\sdk\cpp\V5\V5_20240802_15_00_00/vexv5\libv5rt.a(vex_imu.cpp.obj)
                0x03808e04                non-virtual thunk to vex::inertial::~inertial()
 .text._ZN3vex8inertial9installedEv
                0x03808e0c       0x18 c:\Users\alfre\AppData\Roaming\Code\User\globalStorage\vexrobotics.vexcode\sdk\cpp\V5\V5_20240802_15_00_00/vexv5\libv5rt.a(vex_imu.cpp.obj)
                0x03808e0c                vex::inertial::installed()
 .text._ZN3vex8inertial5angleENS_13rotationUnitsE
                0x03808e24       0x6c c:\Users\alfre\AppData\Roaming\Code\User\globalStorage\vexrobotics.vexcode\sdk\cpp\V5\V5_20240802_15_00_00/vexv5\libv5rt.a(vex_imu.cpp.obj)
                0x03808e24                vex::inertial::angle(vex::rotationUnits)
 .text._ZThn16_N3vex8inertial5angleENS_13rotationUnitsE
                0x03808e90        0x8 c:\Users\alfre\AppData\Roaming\Code\User\globalStorage\vexrobotics.vexcode\sdk\cpp\V5\V5_20240802_15_00_00/vexv5\libv5rt.a(vex_imu.cpp.obj)
                0x03808e90                non-virtual thunk to vex::inertial::angle(vex::rotationUnits)
 .text._ZN3vex8inertial7headingENS_13rotationUnitsE
                0x03808e98        0x4 c:\Users\alfre\AppData\Roaming\Code\User\globalStorage\vexrobotics.vexcode\sdk\cpp\V5\V5_20240802_15_00_00/vexv5\libv5rt.a(vex_imu.cpp.obj)
                0x03808e98                vex::inertial::heading(vex::rotationUnits)
 .text._ZThn16_N3vex8inertial7headingENS_13rotationUnitsE
                0x03808e9c        0x8 c:\Users\alfre\AppData\Roaming\Code\User\globalStorage\vexrobotics.vexcode\sdk\cpp\V5\V5_20240802_15_00_00/vexv5\libv5rt.a(vex_imu.cpp.obj)
                0x03808e9c                non-virtual thunk to vex::inertial::heading(vex::rotationUnits)
 .text._ZN3vex8inertial5valueEv
                0x03808ea4       0x1c c:\Users\alfre\AppData\Roaming\Code\User\globalStorage\vexrobotics.vexcode\sdk\cpp\V5\V5_20240802_15_00_00/vexv5\libv5rt.a(vex_imu.cpp.obj)
                0x03808ea4                vex::inertial::value()
 .text._ZN3vex8inertial8rotationENS_13rotationUnitsE
                0x03808ec0       0x48 c:\Users\alfre\AppData\Roaming\Code\User\globalStorage\vexrobotics.vexcode\sdk\cpp\V5\V5_20240802_15_00_00/vexv5\libv5rt.a(vex_imu.cpp.obj)
                0x03808ec0                vex::inertial::rotation(vex::rotationUnits)
 .text._ZThn16_N3vex8inertial8rotationENS_13rotationUnitsE
                0x03808f08        0x8 c:\Users\alfre\AppData\Roaming\Code\User\globalStorage\vexrobotics.vexcode\sdk\cpp\V5\V5_20240802_15_00_00/vexv5\libv5rt.a(vex_imu.cpp.obj)
                0x03808f08                non-virtual thunk to vex::inertial::rotation(vex::rotationUnits)
 .text._ZN3vex8inertial13isCalibratingEv
                0x03808f10       0x38 c:\Users\alfre\AppData\Roaming\Code\User\globalStorage\vexrobotics.vexcode\sdk\cpp\V5\V5_20240802_15_00_00/vexv5\libv5rt.a(vex_imu.cpp.obj)
                0x03808f10                vex::inertial::isCalibrating()
 .text._ZThn16_N3vex8inertial13isCalibratingEv
                0x03808f48        0x8 c:\Users\alfre\AppData\Roaming\Code\User\globalStorage\vexrobotics.vexcode\sdk\cpp\V5\V5_20240802_15_00_00/vexv5\libv5rt.a(vex_imu.cpp.obj)
                0x03808f48                non-virtual thunk to vex::inertial::isCalibrating()
 .text._ZN3vex8inertialC2ElNS_8turnTypeE
                0x03808f50       0x4c c:\Users\alfre\AppData\Roaming\Code\User\globalStorage\vexrobotics.vexcode\sdk\cpp\V5\V5_20240802_15_00_00/vexv5\libv5rt.a(vex_imu.cpp.obj)
                0x03808f50                vex::inertial::inertial(long, vex::turnType)
                0x03808f50                vex::inertial::inertial(long, vex::turnType)
 .text._ZN3vex8inertial16startCalibrationEl
                0x03808f9c       0x20 c:\Users\alfre\AppData\Roaming\Code\User\globalStorage\vexrobotics.vexcode\sdk\cpp\V5\V5_20240802_15_00_00/vexv5\libv5rt.a(vex_imu.cpp.obj)
                0x03808f9c                vex::inertial::startCalibration(long)
 .text._ZN3vex8inertial9calibrateEl
                0x03808fbc        0xc c:\Users\alfre\AppData\Roaming\Code\User\globalStorage\vexrobotics.vexcode\sdk\cpp\V5\V5_20240802_15_00_00/vexv5\libv5rt.a(vex_imu.cpp.obj)
                0x03808fbc                vex::inertial::calibrate(long)
                0x03808fc0                non-virtual thunk to vex::inertial::calibrate(long)
 .text._ZN3vex10controllerD2Ev
                0x03808fc8        0x4 c:\Users\alfre\AppData\Roaming\Code\User\globalStorage\vexrobotics.vexcode\sdk\cpp\V5\V5_20240802_15_00_00/vexv5\libv5rt.a(vex_controller.cpp.obj)
                0x03808fc8                vex::controller::~controller()
                0x03808fc8                vex::controller::~controller()
 .text._ZN3vex10controller5valueE19_V5_ControllerIndex
                0x03808fcc        0x8 c:\Users\alfre\AppData\Roaming\Code\User\globalStorage\vexrobotics.vexcode\sdk\cpp\V5\V5_20240802_15_00_00/vexv5\libv5rt.a(vex_controller.cpp.obj)
                0x03808fcc                vex::controller::value(_V5_ControllerIndex)
 .text._ZNK3vex10controller6button8pressingEv
                0x03808fd4       0xc8 c:\Users\alfre\AppData\Roaming\Code\User\globalStorage\vexrobotics.vexcode\sdk\cpp\V5\V5_20240802_15_00_00/vexv5\libv5rt.a(vex_controller.cpp.obj)
                0x03808fd4                vex::controller::button::pressing() const
 .text._ZNK3vex10controller6button21_buttonToPressedEventEv
                0x0380909c       0x20 c:\Users\alfre\AppData\Roaming\Code\User\globalStorage\vexrobotics.vexcode\sdk\cpp\V5\V5_20240802_15_00_00/vexv5\libv5rt.a(vex_controller.cpp.obj)
                0x0380909c                vex::controller::button::_buttonToPressedEvent() const
 .text._ZNK3vex10controller6button22_buttonToReleasedEventEv
                0x038090bc       0x20 c:\Users\alfre\AppData\Roaming\Code\User\globalStorage\vexrobotics.vexcode\sdk\cpp\V5\V5_20240802_15_00_00/vexv5\libv5rt.a(vex_controller.cpp.obj)
                0x038090bc                vex::controller::button::_buttonToReleasedEvent() const
 .text._ZN3vex10controller6buttonC2ENS0_11tButtonTypeEPS0_
                0x038090dc       0x48 c:\Users\alfre\AppData\Roaming\Code\User\globalStorage\vexrobotics.vexcode\sdk\cpp\V5\V5_20240802_15_00_00/vexv5\libv5rt.a(vex_controller.cpp.obj)
                0x038090dc                vex::controller::button::button(vex::controller::tButtonType, vex::controller*)
                0x038090dc                vex::controller::button::button(vex::controller::tButtonType, vex::controller*)
 .text._ZNK3vex10controller4axis5valueEv
                0x03809124       0x58 c:\Users\alfre\AppData\Roaming\Code\User\globalStorage\vexrobotics.vexcode\sdk\cpp\V5\V5_20240802_15_00_00/vexv5\libv5rt.a(vex_controller.cpp.obj)
                0x03809124                vex::controller::axis::value() const
 .text._ZNK3vex10controller4axis8positionENS_12percentUnitsE
                0x0380917c       0x1c c:\Users\alfre\AppData\Roaming\Code\User\globalStorage\vexrobotics.vexcode\sdk\cpp\V5\V5_20240802_15_00_00/vexv5\libv5rt.a(vex_controller.cpp.obj)
                0x0380917c                vex::controller::axis::position(vex::percentUnits) const
 .text._ZNK3vex10controller4axis23_joystickToChangedEventEv
                0x03809198       0x20 c:\Users\alfre\AppData\Roaming\Code\User\globalStorage\vexrobotics.vexcode\sdk\cpp\V5\V5_20240802_15_00_00/vexv5\libv5rt.a(vex_controller.cpp.obj)
                0x03809198                vex::controller::axis::_joystickToChangedEvent() const
 .text._ZN3vex10controller4axisC2ENS0_9tAxisTypeEPS0_
                0x038091b8       0x2c c:\Users\alfre\AppData\Roaming\Code\User\globalStorage\vexrobotics.vexcode\sdk\cpp\V5\V5_20240802_15_00_00/vexv5\libv5rt.a(vex_controller.cpp.obj)
                0x038091b8                vex::controller::axis::axis(vex::controller::tAxisType, vex::controller*)
                0x038091b8                vex::controller::axis::axis(vex::controller::tAxisType, vex::controller*)
 .text._ZN3vex10controllerC2ENS_14controllerTypeE
                0x038091e4      0x16c c:\Users\alfre\AppData\Roaming\Code\User\globalStorage\vexrobotics.vexcode\sdk\cpp\V5\V5_20240802_15_00_00/vexv5\libv5rt.a(vex_controller.cpp.obj)
                0x038091e4                vex::controller::controller(vex::controllerType)
                0x038091e4                vex::controller::controller(vex::controllerType)
 .text._ZN3vex4taskC2EPFivE
                0x03809350       0x5c c:\Users\alfre\AppData\Roaming\Code\User\globalStorage\vexrobotics.vexcode\sdk\cpp\V5\V5_20240802_15_00_00/vexv5\libv5rt.a(vex_task.cpp.obj)
                0x03809350                vex::task::task(int (*)())
                0x03809350                vex::task::task(int (*)())
 .text._ZN3vex4taskD2Ev
                0x038093ac        0x4 c:\Users\alfre\AppData\Roaming\Code\User\globalStorage\vexrobotics.vexcode\sdk\cpp\V5\V5_20240802_15_00_00/vexv5\libv5rt.a(vex_task.cpp.obj)
                0x038093ac                vex::task::~task()
                0x038093ac                vex::task::~task()
 .text._ZN3vex4task4stopEPvi
                0x038093b0       0x1c c:\Users\alfre\AppData\Roaming\Code\User\globalStorage\vexrobotics.vexcode\sdk\cpp\V5\V5_20240802_15_00_00/vexv5\libv5rt.a(vex_task.cpp.obj)
                0x038093b0                vex::task::stop(void*, int)
 .text._ZN3vex4task6_indexEPFivE
                0x038093cc       0x14 c:\Users\alfre\AppData\Roaming\Code\User\globalStorage\vexrobotics.vexcode\sdk\cpp\V5\V5_20240802_15_00_00/vexv5\libv5rt.a(vex_task.cpp.obj)
                0x038093cc                vex::task::_index(int (*)())
 .text._ZN3vex4task8_stopAllEv
                0x038093e0       0x3c c:\Users\alfre\AppData\Roaming\Code\User\globalStorage\vexrobotics.vexcode\sdk\cpp\V5\V5_20240802_15_00_00/vexv5\libv5rt.a(vex_task.cpp.obj)
                0x038093e0                vex::task::_stopAll()
 .text._ZN3vex11this_thread9sleep_forEm
                0x0380941c        0x4 c:\Users\alfre\AppData\Roaming\Code\User\globalStorage\vexrobotics.vexcode\sdk\cpp\V5\V5_20240802_15_00_00/vexv5\libv5rt.a(vex_thread.cpp.obj)
                0x0380941c                vex::this_thread::sleep_for(unsigned long)
 .text._ZN3vex5event4initEmmPFvvE
                0x03809420        0x4 c:\Users\alfre\AppData\Roaming\Code\User\globalStorage\vexrobotics.vexcode\sdk\cpp\V5\V5_20240802_15_00_00/vexv5\libv5rt.a(vex_event.cpp.obj)
                0x03809420                vex::event::init(unsigned long, unsigned long, void (*)())
 .text._ZN3vex5event4initEmmPFvPvES1_
                0x03809424        0x4 c:\Users\alfre\AppData\Roaming\Code\User\globalStorage\vexrobotics.vexcode\sdk\cpp\V5\V5_20240802_15_00_00/vexv5\libv5rt.a(vex_event.cpp.obj)
                0x03809424                vex::event::init(unsigned long, unsigned long, void (*)(void*), void*)
 .text._ZN3vex5event9userindexEv
                0x03809428        0x4 c:\Users\alfre\AppData\Roaming\Code\User\globalStorage\vexrobotics.vexcode\sdk\cpp\V5\V5_20240802_15_00_00/vexv5\libv5rt.a(vex_event.cpp.obj)
                0x03809428                vex::event::userindex()
 .text._ZZN3vex6meventC4EmmENUlvE_4_FUNEv
                0x0380942c        0x4 c:\Users\alfre\AppData\Roaming\Code\User\globalStorage\vexrobotics.vexcode\sdk\cpp\V5\V5_20240802_15_00_00/vexv5\libv5rt.a(vex_mevent.cpp.obj)
 .text._ZN3vex6meventC2Emm
                0x03809430       0x70 c:\Users\alfre\AppData\Roaming\Code\User\globalStorage\vexrobotics.vexcode\sdk\cpp\V5\V5_20240802_15_00_00/vexv5\libv5rt.a(vex_mevent.cpp.obj)
                0x03809430                vex::mevent::mevent(unsigned long, unsigned long)
                0x03809430                vex::mevent::mevent(unsigned long, unsigned long)
 .text._ZL9_hexDigitc
                0x038094a0       0x48 c:\Users\alfre\AppData\Roaming\Code\User\globalStorage\vexrobotics.vexcode\sdk\cpp\V5\V5_20240802_15_00_00/vexv5\libv5rt.a(vex_brain.cpp.obj)
 .text._ZN3vex5brain9_getIndexEv
                0x038094e8       0x10 c:\Users\alfre\AppData\Roaming\Code\User\globalStorage\vexrobotics.vexcode\sdk\cpp\V5\V5_20240802_15_00_00/vexv5\libv5rt.a(vex_brain.cpp.obj)
                0x038094e8                vex::brain::_getIndex()
 .text._ZN3vex5brain3lcd9setCursorEll
                0x038094f8       0x44 c:\Users\alfre\AppData\Roaming\Code\User\globalStorage\vexrobotics.vexcode\sdk\cpp\V5\V5_20240802_15_00_00/vexv5\libv5rt.a(vex_brain.cpp.obj)
                0x038094f8                vex::brain::lcd::setCursor(long, long)
 .text._ZN3vex5brain3lcd7setFontENS_8fontTypeE
                0x0380953c      0x23c c:\Users\alfre\AppData\Roaming\Code\User\globalStorage\vexrobotics.vexcode\sdk\cpp\V5\V5_20240802_15_00_00/vexv5\libv5rt.a(vex_brain.cpp.obj)
                0x0380953c                vex::brain::lcd::setFont(vex::fontType)
 .text._ZN3vex5brain3lcdC2Ev
                0x03809778       0x94 c:\Users\alfre\AppData\Roaming\Code\User\globalStorage\vexrobotics.vexcode\sdk\cpp\V5\V5_20240802_15_00_00/vexv5\libv5rt.a(vex_brain.cpp.obj)
                0x03809778                vex::brain::lcd::lcd()
                0x03809778                vex::brain::lcd::lcd()
 .text._ZN3vex5brainC2Ev
                0x0380980c       0x3c c:\Users\alfre\AppData\Roaming\Code\User\globalStorage\vexrobotics.vexcode\sdk\cpp\V5\V5_20240802_15_00_00/vexv5\libv5rt.a(vex_brain.cpp.obj)
                0x0380980c                vex::brain::brain()
                0x0380980c                vex::brain::brain()
 .text._ZN3vex5brain3lcd11setPenWidthEm
                0x03809848       0x24 c:\Users\alfre\AppData\Roaming\Code\User\globalStorage\vexrobotics.vexcode\sdk\cpp\V5\V5_20240802_15_00_00/vexv5\libv5rt.a(vex_brain.cpp.obj)
                0x03809848                vex::brain::lcd::setPenWidth(unsigned long)
 .text._ZN3vex5brain3lcd12setFillColorERKNS_5colorE
                0x0380986c       0x38 c:\Users\alfre\AppData\Roaming\Code\User\globalStorage\vexrobotics.vexcode\sdk\cpp\V5\V5_20240802_15_00_00/vexv5\libv5rt.a(vex_brain.cpp.obj)
                0x0380986c                vex::brain::lcd::setFillColor(vex::color const&)
 .text._ZN3vex5brain3lcd12_clearScreenEm
                0x038098a4       0x38 c:\Users\alfre\AppData\Roaming\Code\User\globalStorage\vexrobotics.vexcode\sdk\cpp\V5\V5_20240802_15_00_00/vexv5\libv5rt.a(vex_brain.cpp.obj)
                0x038098a4                vex::brain::lcd::_clearScreen(unsigned long)
 .text._ZN3vex5brain3lcd11clearScreenERKNS_5colorE
                0x038098dc       0x20 c:\Users\alfre\AppData\Roaming\Code\User\globalStorage\vexrobotics.vexcode\sdk\cpp\V5\V5_20240802_15_00_00/vexv5\libv5rt.a(vex_brain.cpp.obj)
                0x038098dc                vex::brain::lcd::clearScreen(vex::color const&)
 .text._ZN3vex5brain3lcd11clearScreenEv
                0x038098fc       0x2c c:\Users\alfre\AppData\Roaming\Code\User\globalStorage\vexrobotics.vexcode\sdk\cpp\V5\V5_20240802_15_00_00/vexv5\libv5rt.a(vex_brain.cpp.obj)
                0x038098fc                vex::brain::lcd::clearScreen()
 .text._ZN3vex5brain3lcd9drawPixelEii
                0x03809928       0x14 c:\Users\alfre\AppData\Roaming\Code\User\globalStorage\vexrobotics.vexcode\sdk\cpp\V5\V5_20240802_15_00_00/vexv5\libv5rt.a(vex_brain.cpp.obj)
                0x03809928                vex::brain::lcd::drawPixel(int, int)
 .text._ZN3vex5brain3lcd8drawLineEiiii
                0x0380993c      0x2c4 c:\Users\alfre\AppData\Roaming\Code\User\globalStorage\vexrobotics.vexcode\sdk\cpp\V5\V5_20240802_15_00_00/vexv5\libv5rt.a(vex_brain.cpp.obj)
                0x0380993c                vex::brain::lcd::drawLine(int, int, int, int)
 .text._ZN3vex5brain3lcd13drawRectangleEiiii
                0x03809c00       0xdc c:\Users\alfre\AppData\Roaming\Code\User\globalStorage\vexrobotics.vexcode\sdk\cpp\V5\V5_20240802_15_00_00/vexv5\libv5rt.a(vex_brain.cpp.obj)
                0x03809c00                vex::brain::lcd::drawRectangle(int, int, int, int)
 .text._ZN3vex5brain3lcd10drawCircleEiii
                0x03809cdc       0xa4 c:\Users\alfre\AppData\Roaming\Code\User\globalStorage\vexrobotics.vexcode\sdk\cpp\V5\V5_20240802_15_00_00/vexv5\libv5rt.a(vex_brain.cpp.obj)
                0x03809cdc                vex::brain::lcd::drawCircle(int, int, int)
 .text._ZN3vex5brain3lcd9xPositionEv
                0x03809d80       0x24 c:\Users\alfre\AppData\Roaming\Code\User\globalStorage\vexrobotics.vexcode\sdk\cpp\V5\V5_20240802_15_00_00/vexv5\libv5rt.a(vex_brain.cpp.obj)
                0x03809d80                vex::brain::lcd::xPosition()
 .text._ZN3vex5brain3lcd9yPositionEv
                0x03809da4       0x24 c:\Users\alfre\AppData\Roaming\Code\User\globalStorage\vexrobotics.vexcode\sdk\cpp\V5\V5_20240802_15_00_00/vexv5\libv5rt.a(vex_brain.cpp.obj)
                0x03809da4                vex::brain::lcd::yPosition()
 .text._ZN3vex5brain3lcd8pressingEv
                0x03809dc8       0x20 c:\Users\alfre\AppData\Roaming\Code\User\globalStorage\vexrobotics.vexcode\sdk\cpp\V5\V5_20240802_15_00_00/vexv5\libv5rt.a(vex_brain.cpp.obj)
                0x03809dc8                vex::brain::lcd::pressing()
 .text._ZN3vex5brain3lcd10rowToPixelEl
                0x03809de8       0x34 c:\Users\alfre\AppData\Roaming\Code\User\globalStorage\vexrobotics.vexcode\sdk\cpp\V5\V5_20240802_15_00_00/vexv5\libv5rt.a(vex_brain.cpp.obj)
                0x03809de8                vex::brain::lcd::rowToPixel(long)
 .text._ZN3vex5brain3lcd5printEPKcz
                0x03809e1c       0xb8 c:\Users\alfre\AppData\Roaming\Code\User\globalStorage\vexrobotics.vexcode\sdk\cpp\V5\V5_20240802_15_00_00/vexv5\libv5rt.a(vex_brain.cpp.obj)
                0x03809e1c                vex::brain::lcd::print(char const*, ...)
 .text._ZN3vex5brain3lcd13webColorToRgbEPKc
                0x03809ed4       0x9c c:\Users\alfre\AppData\Roaming\Code\User\globalStorage\vexrobotics.vexcode\sdk\cpp\V5\V5_20240802_15_00_00/vexv5\libv5rt.a(vex_brain.cpp.obj)
                0x03809ed4                vex::brain::lcd::webColorToRgb(char const*)
 .text._ZN3vex5brain3lcd11setPenColorEPKc
                0x03809f70       0x10 c:\Users\alfre\AppData\Roaming\Code\User\globalStorage\vexrobotics.vexcode\sdk\cpp\V5\V5_20240802_15_00_00/vexv5\libv5rt.a(vex_brain.cpp.obj)
                0x03809f70                vex::brain::lcd::setPenColor(char const*)
 .text._ZN3vex5brain3lcd12setFillColorEPKc
                0x03809f80       0x1c c:\Users\alfre\AppData\Roaming\Code\User\globalStorage\vexrobotics.vexcode\sdk\cpp\V5\V5_20240802_15_00_00/vexv5\libv5rt.a(vex_brain.cpp.obj)
                0x03809f80                vex::brain::lcd::setFillColor(char const*)
 .text._ZN3vex5brainD2Ev
                0x03809f9c       0x20 c:\Users\alfre\AppData\Roaming\Code\User\globalStorage\vexrobotics.vexcode\sdk\cpp\V5\V5_20240802_15_00_00/vexv5\libv5rt.a(vex_brain.cpp.obj)
                0x03809f9c                vex::brain::~brain()
                0x03809f9c                vex::brain::~brain()
 .text._ZN3vex11competition8_disableEPv
                0x03809fbc       0xa4 c:\Users\alfre\AppData\Roaming\Code\User\globalStorage\vexrobotics.vexcode\sdk\cpp\V5\V5_20240802_15_00_00/vexv5\libv5rt.a(vex_competition.cpp.obj)
                0x03809fbc                vex::competition::_disable(void*)
 .text._ZN3vex11competition11_autonomousEv
                0x0380a060       0x80 c:\Users\alfre\AppData\Roaming\Code\User\globalStorage\vexrobotics.vexcode\sdk\cpp\V5\V5_20240802_15_00_00/vexv5\libv5rt.a(vex_competition.cpp.obj)
                0x0380a060                vex::competition::_autonomous()
 .text._ZN3vex11competition14_drivercontrolEv
                0x0380a0e0       0x80 c:\Users\alfre\AppData\Roaming\Code\User\globalStorage\vexrobotics.vexcode\sdk\cpp\V5\V5_20240802_15_00_00/vexv5\libv5rt.a(vex_competition.cpp.obj)
                0x0380a0e0                vex::competition::_drivercontrol()
 .text._ZN3vex11competitionC2Ev
                0x0380a160      0x13c c:\Users\alfre\AppData\Roaming\Code\User\globalStorage\vexrobotics.vexcode\sdk\cpp\V5\V5_20240802_15_00_00/vexv5\libv5rt.a(vex_competition.cpp.obj)
                0x0380a160                vex::competition::competition()
                0x0380a160                vex::competition::competition()
 .text._ZN3vex11competitionD2Ev
                0x0380a29c        0x4 c:\Users\alfre\AppData\Roaming\Code\User\globalStorage\vexrobotics.vexcode\sdk\cpp\V5\V5_20240802_15_00_00/vexv5\libv5rt.a(vex_competition.cpp.obj)
                0x0380a29c                vex::competition::~competition()
                0x0380a29c                vex::competition::~competition()
 .text._ZN3vex11competition10autonomousEPFvvE
                0x0380a2a0       0x44 c:\Users\alfre\AppData\Roaming\Code\User\globalStorage\vexrobotics.vexcode\sdk\cpp\V5\V5_20240802_15_00_00/vexv5\libv5rt.a(vex_competition.cpp.obj)
                0x0380a2a0                vex::competition::autonomous(void (*)())
 .text._ZN3vex11competition13drivercontrolEPFvvE
                0x0380a2e4       0x44 c:\Users\alfre\AppData\Roaming\Code\User\globalStorage\vexrobotics.vexcode\sdk\cpp\V5\V5_20240802_15_00_00/vexv5\libv5rt.a(vex_competition.cpp.obj)
                0x0380a2e4                vex::competition::drivercontrol(void (*)())
 .text._ZN3vex7triportD2Ev
                0x0380a328       0x38 c:\Users\alfre\AppData\Roaming\Code\User\globalStorage\vexrobotics.vexcode\sdk\cpp\V5\V5_20240802_15_00_00/vexv5\libv5rt.a(vex_triport.cpp.obj)
                0x0380a328                vex::triport::~triport()
                0x0380a328                vex::triport::~triport()
 .text._ZN3vex7triportD0Ev
                0x0380a360       0x1c c:\Users\alfre\AppData\Roaming\Code\User\globalStorage\vexrobotics.vexcode\sdk\cpp\V5\V5_20240802_15_00_00/vexv5\libv5rt.a(vex_triport.cpp.obj)
                0x0380a360                vex::triport::~triport()
 .text._ZN3vex7triport9installedEv
                0x0380a37c       0x18 c:\Users\alfre\AppData\Roaming\Code\User\globalStorage\vexrobotics.vexcode\sdk\cpp\V5\V5_20240802_15_00_00/vexv5\libv5rt.a(vex_triport.cpp.obj)
                0x0380a37c                vex::triport::installed()
 .text._ZN3vex7triport4portC2ElPS0_
                0x0380a394       0x74 c:\Users\alfre\AppData\Roaming\Code\User\globalStorage\vexrobotics.vexcode\sdk\cpp\V5\V5_20240802_15_00_00/vexv5\libv5rt.a(vex_triport.cpp.obj)
                0x0380a394                vex::triport::port::port(long, vex::triport*)
                0x0380a394                vex::triport::port::port(long, vex::triport*)
 .text._ZN3vex7triportC2El
                0x0380a408       0xf0 c:\Users\alfre\AppData\Roaming\Code\User\globalStorage\vexrobotics.vexcode\sdk\cpp\V5\V5_20240802_15_00_00/vexv5\libv5rt.a(vex_triport.cpp.obj)
                0x0380a408                vex::triport::triport(long)
                0x0380a408                vex::triport::triport(long)
 .text._ZN3vex7triport4port4typeENS_11triportTypeE
                0x0380a4f8       0x30 c:\Users\alfre\AppData\Roaming\Code\User\globalStorage\vexrobotics.vexcode\sdk\cpp\V5\V5_20240802_15_00_00/vexv5\libv5rt.a(vex_triport.cpp.obj)
                0x0380a4f8                vex::triport::port::type(vex::triportType)
 .text._ZN3vex7triport4port4typeEv
                0x0380a528       0x38 c:\Users\alfre\AppData\Roaming\Code\User\globalStorage\vexrobotics.vexcode\sdk\cpp\V5\V5_20240802_15_00_00/vexv5\libv5rt.a(vex_triport.cpp.obj)
                0x0380a528                vex::triport::port::type()
 .text._ZN3vex7triport4port5valueEl
                0x0380a560       0x18 c:\Users\alfre\AppData\Roaming\Code\User\globalStorage\vexrobotics.vexcode\sdk\cpp\V5\V5_20240802_15_00_00/vexv5\libv5rt.a(vex_triport.cpp.obj)
                0x0380a560                vex::triport::port::value(long)
 .text._ZN3vex11__trideviceC2ERNS_7triport4portENS_11triportTypeE
                0x0380a578       0x5c c:\Users\alfre\AppData\Roaming\Code\User\globalStorage\vexrobotics.vexcode\sdk\cpp\V5\V5_20240802_15_00_00/vexv5\libv5rt.a(vex_triport.cpp.obj)
                0x0380a578                vex::__tridevice::__tridevice(vex::triport::port&, vex::triportType)
                0x0380a578                vex::__tridevice::__tridevice(vex::triport::port&, vex::triportType)
 .text._ZN3vex11digital_outC2ERNS_7triport4portE
                0x0380a5d4       0x18 c:\Users\alfre\AppData\Roaming\Code\User\globalStorage\vexrobotics.vexcode\sdk\cpp\V5\V5_20240802_15_00_00/vexv5\libv5rt.a(vex_triport.cpp.obj)
                0x0380a5d4                vex::digital_out::digital_out(vex::triport::port&)
                0x0380a5d4                vex::digital_out::digital_out(vex::triport::port&)
 .text._ZN3vex11digital_outD2Ev
                0x0380a5ec        0x4 c:\Users\alfre\AppData\Roaming\Code\User\globalStorage\vexrobotics.vexcode\sdk\cpp\V5\V5_20240802_15_00_00/vexv5\libv5rt.a(vex_triport.cpp.obj)
                0x0380a5ec                vex::digital_out::~digital_out()
                0x0380a5ec                vex::digital_out::~digital_out()
 .text._ZN3vex11digital_out3setEb
                0x0380a5f0        0x8 c:\Users\alfre\AppData\Roaming\Code\User\globalStorage\vexrobotics.vexcode\sdk\cpp\V5\V5_20240802_15_00_00/vexv5\libv5rt.a(vex_triport.cpp.obj)
                0x0380a5f0                vex::digital_out::set(bool)
 .text._ZN3vex5colorD2Ev
                0x0380a5f8        0x4 c:\Users\alfre\AppData\Roaming\Code\User\globalStorage\vexrobotics.vexcode\sdk\cpp\V5\V5_20240802_15_00_00/vexv5\libv5rt.a(vex_color.cpp.obj)
                0x0380a5f8                vex::color::~color()
                0x0380a5f8                vex::color::~color()
 .text._ZNK3vex5colorcvmEv
                0x0380a5fc        0x8 c:\Users\alfre\AppData\Roaming\Code\User\globalStorage\vexrobotics.vexcode\sdk\cpp\V5\V5_20240802_15_00_00/vexv5\libv5rt.a(vex_color.cpp.obj)
                0x0380a5fc                vex::color::operator unsigned long() const
 .text._ZNK3vex5color13isTransparentEv
                0x0380a604        0x8 c:\Users\alfre\AppData\Roaming\Code\User\globalStorage\vexrobotics.vexcode\sdk\cpp\V5\V5_20240802_15_00_00/vexv5\libv5rt.a(vex_color.cpp.obj)
                0x0380a604                vex::color::isTransparent() const
 .text.startup._GLOBAL__sub_I__ZN3vex5color5blackE
                0x0380a60c      0x164 c:\Users\alfre\AppData\Roaming\Code\User\globalStorage\vexrobotics.vexcode\sdk\cpp\V5\V5_20240802_15_00_00/vexv5\libv5rt.a(vex_color.cpp.obj)
 .text._ZN3vex5timerD2Ev
                0x0380a770        0x4 c:\Users\alfre\AppData\Roaming\Code\User\globalStorage\vexrobotics.vexcode\sdk\cpp\V5\V5_20240802_15_00_00/vexv5\libv5rt.a(vex_timer.cpp.obj)
                0x0380a770                vex::timer::~timer()
                0x0380a770                vex::timer::~timer()
 .text._ZN3vex5timer5clearEv
                0x0380a774       0x1c c:\Users\alfre\AppData\Roaming\Code\User\globalStorage\vexrobotics.vexcode\sdk\cpp\V5\V5_20240802_15_00_00/vexv5\libv5rt.a(vex_timer.cpp.obj)
                0x0380a774                vex::timer::clear()
 .text._ZN3vex5timerC2Ev
                0x0380a790       0x14 c:\Users\alfre\AppData\Roaming\Code\User\globalStorage\vexrobotics.vexcode\sdk\cpp\V5\V5_20240802_15_00_00/vexv5\libv5rt.a(vex_timer.cpp.obj)
                0x0380a790                vex::timer::timer()
                0x0380a790                vex::timer::timer()
 .text._ZN3vex5timer5resetEv
                0x0380a7a4        0x4 c:\Users\alfre\AppData\Roaming\Code\User\globalStorage\vexrobotics.vexcode\sdk\cpp\V5\V5_20240802_15_00_00/vexv5\libv5rt.a(vex_timer.cpp.obj)
                0x0380a7a4                vex::timer::reset()
 .text._ZNK3vex5timer4timeENS_9timeUnitsE
                0x0380a7a8       0x40 c:\Users\alfre\AppData\Roaming\Code\User\globalStorage\vexrobotics.vexcode\sdk\cpp\V5\V5_20240802_15_00_00/vexv5\libv5rt.a(vex_timer.cpp.obj)
                0x0380a7a8                vex::timer::time(vex::timeUnits) const
 .text._ZNK3vex5timer5valueEv
                0x0380a7e8        0x8 c:\Users\alfre\AppData\Roaming\Code\User\globalStorage\vexrobotics.vexcode\sdk\cpp\V5\V5_20240802_15_00_00/vexv5\libv5rt.a(vex_timer.cpp.obj)
                0x0380a7e8                vex::timer::value() const
 .text.vexAdiPortConfigSet
                0x0380a7f0       0x28 c:\Users\alfre\AppData\Roaming\Code\User\globalStorage\vexrobotics.vexcode\sdk\cpp\V5\V5_20240802_15_00_00/vexv5\libv5rt.a(v5_apiuser.c.obj)
                0x0380a7f0                vexAdiPortConfigSet
 .text.vexAdiPortConfigGet
                0x0380a818       0x28 c:\Users\alfre\AppData\Roaming\Code\User\globalStorage\vexrobotics.vexcode\sdk\cpp\V5\V5_20240802_15_00_00/vexv5\libv5rt.a(v5_apiuser.c.obj)
                0x0380a818                vexAdiPortConfigGet
 .text.vexAdiValueSet
                0x0380a840       0x28 c:\Users\alfre\AppData\Roaming\Code\User\globalStorage\vexrobotics.vexcode\sdk\cpp\V5\V5_20240802_15_00_00/vexv5\libv5rt.a(v5_apiuser.c.obj)
                0x0380a840                vexAdiValueSet
 .text.vexMotorVelocitySet
                0x0380a868       0x20 c:\Users\alfre\AppData\Roaming\Code\User\globalStorage\vexrobotics.vexcode\sdk\cpp\V5\V5_20240802_15_00_00/vexv5\libv5rt.a(v5_apiuser.c.obj)
                0x0380a868                vexMotorVelocitySet
 .text.vexMotorVoltageSet
                0x0380a888       0x20 c:\Users\alfre\AppData\Roaming\Code\User\globalStorage\vexrobotics.vexcode\sdk\cpp\V5\V5_20240802_15_00_00/vexv5\libv5rt.a(v5_apiuser.c.obj)
                0x0380a888                vexMotorVoltageSet
 .text.vexMotorActualVelocityGet
                0x0380a8a8       0x24 c:\Users\alfre\AppData\Roaming\Code\User\globalStorage\vexrobotics.vexcode\sdk\cpp\V5\V5_20240802_15_00_00/vexv5\libv5rt.a(v5_apiuser.c.obj)
                0x0380a8a8                vexMotorActualVelocityGet
 .text.vexMotorCurrentLimitSet
                0x0380a8cc       0x20 c:\Users\alfre\AppData\Roaming\Code\User\globalStorage\vexrobotics.vexcode\sdk\cpp\V5\V5_20240802_15_00_00/vexv5\libv5rt.a(v5_apiuser.c.obj)
                0x0380a8cc                vexMotorCurrentLimitSet
 .text.vexMotorReverseFlagSet
                0x0380a8ec       0x20 c:\Users\alfre\AppData\Roaming\Code\User\globalStorage\vexrobotics.vexcode\sdk\cpp\V5\V5_20240802_15_00_00/vexv5\libv5rt.a(v5_apiuser.c.obj)
                0x0380a8ec                vexMotorReverseFlagSet
 .text.vexMotorEncoderUnitsSet
                0x0380a90c       0x20 c:\Users\alfre\AppData\Roaming\Code\User\globalStorage\vexrobotics.vexcode\sdk\cpp\V5\V5_20240802_15_00_00/vexv5\libv5rt.a(v5_apiuser.c.obj)
                0x0380a90c                vexMotorEncoderUnitsSet
 .text.vexMotorBrakeModeSet
                0x0380a92c       0x20 c:\Users\alfre\AppData\Roaming\Code\User\globalStorage\vexrobotics.vexcode\sdk\cpp\V5\V5_20240802_15_00_00/vexv5\libv5rt.a(v5_apiuser.c.obj)
                0x0380a92c                vexMotorBrakeModeSet
 .text.vexMotorPositionSet
                0x0380a94c       0x28 c:\Users\alfre\AppData\Roaming\Code\User\globalStorage\vexrobotics.vexcode\sdk\cpp\V5\V5_20240802_15_00_00/vexv5\libv5rt.a(v5_apiuser.c.obj)
                0x0380a94c                vexMotorPositionSet
 .text.vexMotorPositionGet
                0x0380a974       0x24 c:\Users\alfre\AppData\Roaming\Code\User\globalStorage\vexrobotics.vexcode\sdk\cpp\V5\V5_20240802_15_00_00/vexv5\libv5rt.a(v5_apiuser.c.obj)
                0x0380a974                vexMotorPositionGet
 .text.vexMotorGearingSet
                0x0380a998       0x20 c:\Users\alfre\AppData\Roaming\Code\User\globalStorage\vexrobotics.vexcode\sdk\cpp\V5\V5_20240802_15_00_00/vexv5\libv5rt.a(v5_apiuser.c.obj)
                0x0380a998                vexMotorGearingSet
 .text.vexMotorGearingGet
                0x0380a9b8       0x18 c:\Users\alfre\AppData\Roaming\Code\User\globalStorage\vexrobotics.vexcode\sdk\cpp\V5\V5_20240802_15_00_00/vexv5\libv5rt.a(v5_apiuser.c.obj)
                0x0380a9b8                vexMotorGearingGet
 .text.vexImuReset
                0x0380a9d0       0x10 c:\Users\alfre\AppData\Roaming\Code\User\globalStorage\vexrobotics.vexcode\sdk\cpp\V5\V5_20240802_15_00_00/vexv5\libv5rt.a(v5_apiuser.c.obj)
                0x0380a9d0                vexImuReset
 .text.vexImuHeadingGet
                0x0380a9e0       0x10 c:\Users\alfre\AppData\Roaming\Code\User\globalStorage\vexrobotics.vexcode\sdk\cpp\V5\V5_20240802_15_00_00/vexv5\libv5rt.a(v5_apiuser.c.obj)
                0x0380a9e0                vexImuHeadingGet
 .text.vexImuDegreesGet
                0x0380a9f0       0x10 c:\Users\alfre\AppData\Roaming\Code\User\globalStorage\vexrobotics.vexcode\sdk\cpp\V5\V5_20240802_15_00_00/vexv5\libv5rt.a(v5_apiuser.c.obj)
                0x0380a9f0                vexImuDegreesGet
 .text.vexImuStatusGet
                0x0380aa00       0x10 c:\Users\alfre\AppData\Roaming\Code\User\globalStorage\vexrobotics.vexcode\sdk\cpp\V5\V5_20240802_15_00_00/vexv5\libv5rt.a(v5_apiuser.c.obj)
                0x0380aa00                vexImuStatusGet
 .text.vexEventMaskSet
                0x0380aa10       0x28 c:\Users\alfre\AppData\Roaming\Code\User\globalStorage\vexrobotics.vexcode\sdk\cpp\V5\V5_20240802_15_00_00/vexv5\libv5rt.a(v5_apiuser.c.obj)
                0x0380aa10                vexEventMaskSet
 .text.vexEventMaskGet
                0x0380aa38       0x18 c:\Users\alfre\AppData\Roaming\Code\User\globalStorage\vexrobotics.vexcode\sdk\cpp\V5\V5_20240802_15_00_00/vexv5\libv5rt.a(v5_apiuser.c.obj)
                0x0380aa38                vexEventMaskGet
 .text._ZN3vex6deviceD2Ev
                0x0380aa50        0x4 c:\Users\alfre\AppData\Roaming\Code\User\globalStorage\vexrobotics.vexcode\sdk\cpp\V5\V5_20240802_15_00_00/vexv5\libv5rt.a(vex_device.cpp.obj)
                0x0380aa50                vex::device::~device()
                0x0380aa50                vex::device::~device()
 .text._ZN3vex6device5valueEv
                0x0380aa54        0x8 c:\Users\alfre\AppData\Roaming\Code\User\globalStorage\vexrobotics.vexcode\sdk\cpp\V5\V5_20240802_15_00_00/vexv5\libv5rt.a(vex_device.cpp.obj)
                0x0380aa54                vex::device::value()
 .text._ZN3vex6deviceD0Ev
                0x0380aa5c       0x14 c:\Users\alfre\AppData\Roaming\Code\User\globalStorage\vexrobotics.vexcode\sdk\cpp\V5\V5_20240802_15_00_00/vexv5\libv5rt.a(vex_device.cpp.obj)
                0x0380aa5c                vex::device::~device()
 .text._ZN3vex6device4initEl
                0x0380aa70       0x30 c:\Users\alfre\AppData\Roaming\Code\User\globalStorage\vexrobotics.vexcode\sdk\cpp\V5\V5_20240802_15_00_00/vexv5\libv5rt.a(vex_device.cpp.obj)
                0x0380aa70                vex::device::init(long)
 .text._ZN3vex6deviceC2El
                0x0380aaa0       0x20 c:\Users\alfre\AppData\Roaming\Code\User\globalStorage\vexrobotics.vexcode\sdk\cpp\V5\V5_20240802_15_00_00/vexv5\libv5rt.a(vex_device.cpp.obj)
                0x0380aaa0                vex::device::device(long)
                0x0380aaa0                vex::device::device(long)
 .text._ZN3vex6device4typeEv
                0x0380aac0       0x10 c:\Users\alfre\AppData\Roaming\Code\User\globalStorage\vexrobotics.vexcode\sdk\cpp\V5\V5_20240802_15_00_00/vexv5\libv5rt.a(vex_device.cpp.obj)
                0x0380aac0                vex::device::type()
 .text._ZN3vex6device9installedEv
                0x0380aad0       0x14 c:\Users\alfre\AppData\Roaming\Code\User\globalStorage\vexrobotics.vexcode\sdk\cpp\V5\V5_20240802_15_00_00/vexv5\libv5rt.a(vex_device.cpp.obj)
                0x0380aad0                vex::device::installed()
 .text.__libc_fini_array
                0x0380aae4       0x30 c:\Users\alfre\AppData\Roaming\Code\User\globalStorage\vexrobotics.vexcode\sdk\cpp\V5\V5_20240802_15_00_00/vexv5/gcc/libs\libc.a(lib_a-fini.o)
                0x0380aae4                __libc_fini_array
 .text.__libc_init_array
                0x0380ab14       0x58 c:\Users\alfre\AppData\Roaming\Code\User\globalStorage\vexrobotics.vexcode\sdk\cpp\V5\V5_20240802_15_00_00/vexv5/gcc/libs\libc.a(lib_a-init.o)
                0x0380ab14                __libc_init_array
 .text.round    0x0380ab6c       0x94 c:\Users\alfre\AppData\Roaming\Code\User\globalStorage\vexrobotics.vexcode\sdk\cpp\V5\V5_20240802_15_00_00/vexv5/gcc/libs\libm.a(lib_a-s_round.o)
                0x0380ab6c                round
 .text.round.__stub
                0x0380ac00       0x18 linker stubs
 *(.gnu.linkonce.t.*)
 *(.plt)
 *(.gnu_warning)
 *(.gcc_except_table)
 *(.glue_7)
 .glue_7        0x00000000        0x0 linker stubs
 *(.glue_7t)
 .glue_7t       0x00000000        0x0 linker stubs
 *(.vfp11_veneer)
 .vfp11_veneer  0x00000000        0x0 linker stubs
 *(.ARM.extab)
 *(.gnu.linkonce.armextab.*)

.v4_bx          0x0380ac18        0x0
 .v4_bx         0x00000000        0x0 linker stubs

.iplt           0x0380ac18        0x0
 .iplt          0x00000000        0x0 build/src/main.o

.init
 *(.init)

.fini
 *(.fini)

.rodata         0x0380ac18      0x3b4
                0x0380ac18                __rodata_start = .
 *(.rodata)
 *(.rodata.*)
 .rodata.str1.1
                0x0380ac18       0x5c build/src/main.o
 .rodata.str1.1
                0x0380ac74      0x133 build/src/screen_gui.o
                                0x152 (size before relaxing)
 *fill*         0x0380ada7        0x1 
 .rodata.wheelDiam
                0x0380ada8        0x8 build/src/robot-config.o
                0x0380ada8                wheelDiam
 .rodata.wheelToMotorRatio
                0x0380adb0        0x8 build/src/robot-config.o
                0x0380adb0                wheelToMotorRatio
 .rodata.str1.1
                0x0380adb8        0x3 build/src/routes/skills.o
                                 0x14 (size before relaxing)
 *fill*         0x0380adbb        0x5 
 .rodata..Lconstinit
                0x0380adc0       0x40 build/src/routes/high_rush.o
 .rodata.str1.1
                0x00000000       0x14 build/src/routes/high_rush.o
 .rodata.str1.1
                0x00000000       0x14 build/src/routes/low_rush.o
 .rodata.str1.1
                0x00000000       0x14 build/src/routes/mangoskills.o
 .rodata.str1.1
                0x0380ae00       0x2e c:\Users\alfre\AppData\Roaming\Code\User\globalStorage\vexrobotics.vexcode\sdk\cpp\V5\V5_20240802_15_00_00/vexv5\libv5rt.a(v5_startup.c.obj)
 *fill*         0x0380ae2e        0x2 
 .rodata._ZN3vex6PORT20E
                0x0380ae30        0x4 c:\Users\alfre\AppData\Roaming\Code\User\globalStorage\vexrobotics.vexcode\sdk\cpp\V5\V5_20240802_15_00_00/vexv5\libv5rt.a(vex_global.cpp.obj)
                0x0380ae30                vex::PORT20
 .rodata._ZN3vex4voltE
                0x0380ae34        0x4 c:\Users\alfre\AppData\Roaming\Code\User\globalStorage\vexrobotics.vexcode\sdk\cpp\V5\V5_20240802_15_00_00/vexv5\libv5rt.a(vex_global.cpp.obj)
                0x0380ae34                vex::volt
 .rodata._ZN3vex6PORT10E
                0x0380ae38        0x4 c:\Users\alfre\AppData\Roaming\Code\User\globalStorage\vexrobotics.vexcode\sdk\cpp\V5\V5_20240802_15_00_00/vexv5\libv5rt.a(vex_global.cpp.obj)
                0x0380ae38                vex::PORT10
 .rodata._ZN3vex7forwardE
                0x0380ae3c        0x4 c:\Users\alfre\AppData\Roaming\Code\User\globalStorage\vexrobotics.vexcode\sdk\cpp\V5\V5_20240802_15_00_00/vexv5\libv5rt.a(vex_global.cpp.obj)
                0x0380ae3c                vex::forward
 .rodata._ZN3vex6mono30E
                0x0380ae40        0x4 c:\Users\alfre\AppData\Roaming\Code\User\globalStorage\vexrobotics.vexcode\sdk\cpp\V5\V5_20240802_15_00_00/vexv5\libv5rt.a(vex_global.cpp.obj)
                0x0380ae40                vex::mono30
 .rodata._ZN3vex5blackE
                0x0380ae44        0x4 c:\Users\alfre\AppData\Roaming\Code\User\globalStorage\vexrobotics.vexcode\sdk\cpp\V5\V5_20240802_15_00_00/vexv5\libv5rt.a(vex_global.cpp.obj)
                0x0380ae44                vex::black
 .rodata._ZN3vex4msecE
                0x0380ae48        0x4 c:\Users\alfre\AppData\Roaming\Code\User\globalStorage\vexrobotics.vexcode\sdk\cpp\V5\V5_20240802_15_00_00/vexv5\libv5rt.a(vex_global.cpp.obj)
                0x0380ae48                vex::msec
 .rodata._ZN3vex5PORT9E
                0x0380ae4c        0x4 c:\Users\alfre\AppData\Roaming\Code\User\globalStorage\vexrobotics.vexcode\sdk\cpp\V5\V5_20240802_15_00_00/vexv5\libv5rt.a(vex_global.cpp.obj)
                0x0380ae4c                vex::PORT9
 .rodata._ZN3vex5PORT2E
                0x0380ae50        0x4 c:\Users\alfre\AppData\Roaming\Code\User\globalStorage\vexrobotics.vexcode\sdk\cpp\V5\V5_20240802_15_00_00/vexv5\libv5rt.a(vex_global.cpp.obj)
                0x0380ae50                vex::PORT2
 .rodata._ZN3vex6PORT11E
                0x0380ae54        0x4 c:\Users\alfre\AppData\Roaming\Code\User\globalStorage\vexrobotics.vexcode\sdk\cpp\V5\V5_20240802_15_00_00/vexv5\libv5rt.a(vex_global.cpp.obj)
                0x0380ae54                vex::PORT11
 .rodata._ZN3vex7primaryE
                0x0380ae58        0x4 c:\Users\alfre\AppData\Roaming\Code\User\globalStorage\vexrobotics.vexcode\sdk\cpp\V5\V5_20240802_15_00_00/vexv5\libv5rt.a(vex_global.cpp.obj)
                0x0380ae58                vex::primary
 .rodata._ZN3vex6monoXLE
                0x0380ae5c        0x4 c:\Users\alfre\AppData\Roaming\Code\User\globalStorage\vexrobotics.vexcode\sdk\cpp\V5\V5_20240802_15_00_00/vexv5\libv5rt.a(vex_global.cpp.obj)
                0x0380ae5c                vex::monoXL
 .rodata._ZN3vex5monoLE
                0x0380ae60        0x4 c:\Users\alfre\AppData\Roaming\Code\User\globalStorage\vexrobotics.vexcode\sdk\cpp\V5\V5_20240802_15_00_00/vexv5\libv5rt.a(vex_global.cpp.obj)
                0x0380ae60                vex::monoL
 .rodata._ZN3vex7percentE
                0x0380ae64        0x4 c:\Users\alfre\AppData\Roaming\Code\User\globalStorage\vexrobotics.vexcode\sdk\cpp\V5\V5_20240802_15_00_00/vexv5\libv5rt.a(vex_global.cpp.obj)
                0x0380ae64                vex::percent
 .rodata._ZN3vex7degreesE
                0x0380ae68        0x4 c:\Users\alfre\AppData\Roaming\Code\User\globalStorage\vexrobotics.vexcode\sdk\cpp\V5\V5_20240802_15_00_00/vexv5\libv5rt.a(vex_global.cpp.obj)
                0x0380ae68                vex::degrees
 .rodata._ZN3vex6PORT22E
                0x0380ae6c        0x4 c:\Users\alfre\AppData\Roaming\Code\User\globalStorage\vexrobotics.vexcode\sdk\cpp\V5\V5_20240802_15_00_00/vexv5\libv5rt.a(vex_global.cpp.obj)
                0x0380ae6c                vex::PORT22
 .rodata._ZN3vex4holdE
                0x0380ae70        0x4 c:\Users\alfre\AppData\Roaming\Code\User\globalStorage\vexrobotics.vexcode\sdk\cpp\V5\V5_20240802_15_00_00/vexv5\libv5rt.a(vex_global.cpp.obj)
                0x0380ae70                vex::hold
 .rodata._ZN3vex6PORT12E
                0x0380ae74        0x4 c:\Users\alfre\AppData\Roaming\Code\User\globalStorage\vexrobotics.vexcode\sdk\cpp\V5\V5_20240802_15_00_00/vexv5\libv5rt.a(vex_global.cpp.obj)
                0x0380ae74                vex::PORT12
 .rodata._ZN3vex5monoME
                0x0380ae78        0x4 c:\Users\alfre\AppData\Roaming\Code\User\globalStorage\vexrobotics.vexcode\sdk\cpp\V5\V5_20240802_15_00_00/vexv5\libv5rt.a(vex_global.cpp.obj)
                0x0380ae78                vex::monoM
 .rodata._ZN3vex6PORT16E
                0x0380ae7c        0x4 c:\Users\alfre\AppData\Roaming\Code\User\globalStorage\vexrobotics.vexcode\sdk\cpp\V5\V5_20240802_15_00_00/vexv5\libv5rt.a(vex_global.cpp.obj)
                0x0380ae7c                vex::PORT16
 .rodata._ZN3vex8ratio6_1E
                0x0380ae80        0x4 c:\Users\alfre\AppData\Roaming\Code\User\globalStorage\vexrobotics.vexcode\sdk\cpp\V5\V5_20240802_15_00_00/vexv5\libv5rt.a(vex_global.cpp.obj)
                0x0380ae80                vex::ratio6_1
 .rodata._ZN3vex5brakeE
                0x0380ae84        0x4 c:\Users\alfre\AppData\Roaming\Code\User\globalStorage\vexrobotics.vexcode\sdk\cpp\V5\V5_20240802_15_00_00/vexv5\libv5rt.a(vex_global.cpp.obj)
                0x0380ae84                vex::brake
 .rodata._ZN3vex5coastE
                0x0380ae88        0x4 c:\Users\alfre\AppData\Roaming\Code\User\globalStorage\vexrobotics.vexcode\sdk\cpp\V5\V5_20240802_15_00_00/vexv5\libv5rt.a(vex_global.cpp.obj)
                0x0380ae88                vex::coast
 .rodata._ZN3vex6PORT13E
                0x0380ae8c        0x4 c:\Users\alfre\AppData\Roaming\Code\User\globalStorage\vexrobotics.vexcode\sdk\cpp\V5\V5_20240802_15_00_00/vexv5\libv5rt.a(vex_global.cpp.obj)
                0x0380ae8c                vex::PORT13
 .rodata._ZN3vex5PORT8E
                0x0380ae90        0x4 c:\Users\alfre\AppData\Roaming\Code\User\globalStorage\vexrobotics.vexcode\sdk\cpp\V5\V5_20240802_15_00_00/vexv5\libv5rt.a(vex_global.cpp.obj)
                0x0380ae90                vex::PORT8
 *fill*         0x0380ae94        0x4 
 .rodata._ZTVN3vex5motorE
                0x0380ae98       0x18 c:\Users\alfre\AppData\Roaming\Code\User\globalStorage\vexrobotics.vexcode\sdk\cpp\V5\V5_20240802_15_00_00/vexv5\libv5rt.a(vex_motor.cpp.obj)
                0x0380ae98                vtable for vex::motor
 .rodata._ZTVN3vex8inertialE
                0x0380aeb0       0x68 c:\Users\alfre\AppData\Roaming\Code\User\globalStorage\vexrobotics.vexcode\sdk\cpp\V5\V5_20240802_15_00_00/vexv5\libv5rt.a(vex_imu.cpp.obj)
                0x0380aeb0                vtable for vex::inertial
 .rodata.CSWTCH.16
                0x0380af18        0xb c:\Users\alfre\AppData\Roaming\Code\User\globalStorage\vexrobotics.vexcode\sdk\cpp\V5\V5_20240802_15_00_00/vexv5\libv5rt.a(vex_controller.cpp.obj)
 .rodata.CSWTCH.18
                0x0380af23        0xb c:\Users\alfre\AppData\Roaming\Code\User\globalStorage\vexrobotics.vexcode\sdk\cpp\V5\V5_20240802_15_00_00/vexv5\libv5rt.a(vex_controller.cpp.obj)
 .rodata.CSWTCH.24
                0x0380af2e        0x3 c:\Users\alfre\AppData\Roaming\Code\User\globalStorage\vexrobotics.vexcode\sdk\cpp\V5\V5_20240802_15_00_00/vexv5\libv5rt.a(vex_controller.cpp.obj)
 .rodata.str1.1
                0x0380af31       0x14 c:\Users\alfre\AppData\Roaming\Code\User\globalStorage\vexrobotics.vexcode\sdk\cpp\V5\V5_20240802_15_00_00/vexv5\libv5rt.a(vex_task.cpp.obj)
 .rodata.str1.1
                0x0380af45       0x2d c:\Users\alfre\AppData\Roaming\Code\User\globalStorage\vexrobotics.vexcode\sdk\cpp\V5\V5_20240802_15_00_00/vexv5\libv5rt.a(vex_brain.cpp.obj)
 *fill*         0x0380af72        0x6 
 .rodata._ZTVN3vex7triportE
                0x0380af78       0x18 c:\Users\alfre\AppData\Roaming\Code\User\globalStorage\vexrobotics.vexcode\sdk\cpp\V5\V5_20240802_15_00_00/vexv5\libv5rt.a(vex_triport.cpp.obj)
                0x0380af78                vtable for vex::triport
 .rodata.CSWTCH.39
                0x0380af90        0xe c:\Users\alfre\AppData\Roaming\Code\User\globalStorage\vexrobotics.vexcode\sdk\cpp\V5\V5_20240802_15_00_00/vexv5\libv5rt.a(vex_triport.cpp.obj)
 .rodata.CSWTCH.44
                0x0380af9e       0x10 c:\Users\alfre\AppData\Roaming\Code\User\globalStorage\vexrobotics.vexcode\sdk\cpp\V5\V5_20240802_15_00_00/vexv5\libv5rt.a(vex_triport.cpp.obj)
 *fill*         0x0380afae        0x2 
 .rodata._ZTVN3vex6deviceE
                0x0380afb0       0x18 c:\Users\alfre\AppData\Roaming\Code\User\globalStorage\vexrobotics.vexcode\sdk\cpp\V5\V5_20240802_15_00_00/vexv5\libv5rt.a(vex_device.cpp.obj)
                0x0380afb0                vtable for vex::device
 .rodata.str1.4
                0x0380afc8        0x4 c:\Users\alfre\AppData\Roaming\Code\User\globalStorage\vexrobotics.vexcode\sdk\cpp\V5\V5_20240802_15_00_00/vexv5/gcc/libs\libc.a(lib_a-impure.o)
                                  0x2 (size before relaxing)
 *(.gnu.linkonce.r.*)
                0x0380afcc                __rodata_end = .

.rodata1        0x0380afcc        0x0
                0x0380afcc                __rodata1_start = .
 *(.rodata1)
 *(.rodata1.*)
                0x0380afcc                __rodata1_end = .

.sdata2         0x0380afcc        0x0
                0x0380afcc                __sdata2_start = .
 *(.sdata2)
 *(.sdata2.*)
 *(.gnu.linkonce.s2.*)
                0x0380afcc                __sdata2_end = .

.sbss2          0x0380afcc        0x0
                0x0380afcc                __sbss2_start = .
 *(.sbss2)
 *(.sbss2.*)
 *(.gnu.linkonce.sb2.*)
                0x0380afcc                __sbss2_end = .

.data           0x0380afd0      0x45c
                0x0380afd0                __data_start = .
 *(.data)
 *(.data.*)
 .data.leftAutos
                0x0380afd0       0x10 build/src/screen_gui.o
                0x0380afd0                leftAutos
 .data.rightAutos
                0x0380afe0       0x10 build/src/screen_gui.o
                0x0380afe0                rightAutos
 .data.appRunning
                0x0380aff0        0x4 c:\Users\alfre\AppData\Roaming\Code\User\globalStorage\vexrobotics.vexcode\sdk\cpp\V5\V5_20240802_15_00_00/vexv5\libv5rt.a(v5_startup.c.obj)
                0x0380aff0                appRunning
 .data.__yoff   0x0380aff4        0x4 c:\Users\alfre\AppData\Roaming\Code\User\globalStorage\vexrobotics.vexcode\sdk\cpp\V5\V5_20240802_15_00_00/vexv5\libv5rt.a(v5_apijump.c.obj)
 .data._ZN3vex24__default_motor_velocityE
                0x0380aff8        0x4 c:\Users\alfre\AppData\Roaming\Code\User\globalStorage\vexrobotics.vexcode\sdk\cpp\V5\V5_20240802_15_00_00/vexv5\libv5rt.a(vex_motor.cpp.obj)
                0x0380aff8                vex::__default_motor_velocity
 *fill*         0x0380affc        0x4 
 .data.impure_data
                0x0380b000      0x428 c:\Users\alfre\AppData\Roaming\Code\User\globalStorage\vexrobotics.vexcode\sdk\cpp\V5\V5_20240802_15_00_00/vexv5/gcc/libs\libc.a(lib_a-impure.o)
 .data._impure_ptr
                0x0380b428        0x4 c:\Users\alfre\AppData\Roaming\Code\User\globalStorage\vexrobotics.vexcode\sdk\cpp\V5\V5_20240802_15_00_00/vexv5/gcc/libs\libc.a(lib_a-impure.o)
                0x0380b428                _impure_ptr
 *(.gnu.linkonce.d.*)
 *(.jcr)
 *(.got)
 *(.got.plt)
                0x0380b42c                __data_end = .

.igot.plt       0x0380b42c        0x0
 .igot.plt      0x00000000        0x0 build/src/main.o

.data1          0x0380b42c        0x0
                0x0380b42c                __data1_start = .
 *(.data1)
 *(.data1.*)
                0x0380b42c                __data1_end = .

.got
 *(.got)

.ctors          0x0380b42c        0x0
                0x0380b42c                __CTOR_LIST__ = .
                0x0380b42c                ___CTORS_LIST___ = .
 *crtbegin.o(.ctors)
 *(EXCLUDE_FILE(*crtend.o) .ctors)
 *(SORT(.ctors.*))
 *(.ctors)
                0x0380b42c                __CTOR_END__ = .
                0x0380b42c                ___CTORS_END___ = .

.dtors          0x0380b42c        0x0
                0x0380b42c                __DTOR_LIST__ = .
                0x0380b42c                ___DTORS_LIST___ = .
 *crtbegin.o(.dtors)
 *(EXCLUDE_FILE(*crtend.o) .dtors)
 *(SORT(.dtors.*))
 *(.dtors)
                0x0380b42c                __DTOR_END__ = .
                0x0380b42c                ___DTORS_END___ = .

.fixup          0x0380b42c        0x0
                0x0380b42c                __fixup_start = .
 *(.fixup)
                0x0380b42c                __fixup_end = .

.eh_frame
 *(.eh_frame)

.eh_framehdr    0x0380b42c        0x0
                0x0380b42c                __eh_framehdr_start = .
 *(.eh_framehdr)
                0x0380b42c                __eh_framehdr_end = .

.gcc_except_table
 *(.gcc_except_table)

.mmu_tbl        0x0380c000        0x0
                0x0380c000                __mmu_tbl_start = .
 *(.mmu_tbl)
                0x0380c000                __mmu_tbl_end = .

.ARM.exidx      0x0380b42c        0x8
                0x0380b42c                __exidx_start = .
 *(.ARM.exidx*)
 .ARM.exidx.text._Z9pre_autonv
                0x0380b42c        0x8 build/src/main.o
 .ARM.exidx.text._Z10autonomousv
                0x0380b434        0x0 build/src/main.o
                                  0x8 (size before relaxing)
 .ARM.exidx.text._Z9DriveTaskv
                0x0380b434        0x0 build/src/main.o
                                  0x8 (size before relaxing)
 .ARM.exidx.text._Z5ATaskv
                0x0380b434        0x0 build/src/main.o
                                  0x8 (size before relaxing)
 .ARM.exidx.text._Z5PTaskv
                0x0380b434        0x0 build/src/main.o
                                  0x8 (size before relaxing)
 .ARM.exidx.text._Z11usercontrolv
                0x0380b434        0x0 build/src/main.o
                                  0x8 (size before relaxing)
 .ARM.exidx.text.main
                0x0380b434        0x0 build/src/main.o
                                  0x8 (size before relaxing)
 .ARM.exidx.text._GLOBAL__sub_I_main.cpp
                0x0380b434        0x0 build/src/main.o
                                  0x8 (size before relaxing)
 .ARM.exidx.text._Z19drawCurvedRectangleiiiii
                0x0380b434        0x0 build/src/screen_gui.o
                                  0x8 (size before relaxing)
 .ARM.exidx.text._Z16drawCurvedBorderiiiiiiPcS_
                0x0380b434        0x0 build/src/screen_gui.o
                                  0x8 (size before relaxing)
 .ARM.exidx.text._Z18drawEmptyRectangleiiii
                0x0380b434        0x0 build/src/screen_gui.o
                                  0x8 (size before relaxing)
 .ARM.exidx.text._Z9drawFieldv
                0x0380b434        0x0 build/src/screen_gui.o
                                  0x8 (size before relaxing)
 .ARM.exidx.text._Z16drawSkillsCornerb
                0x0380b434        0x0 build/src/screen_gui.o
                                  0x8 (size before relaxing)
 .ARM.exidx.text._Z19drawTiltedRectangleiidd
                0x0380b434        0x0 build/src/screen_gui.o
                                  0x8 (size before relaxing)
 .ARM.exidx.text._Z19fillTiltedRectangleiidd
                0x0380b434        0x0 build/src/screen_gui.o
                                  0x8 (size before relaxing)
 .ARM.exidx.text._Z13confirmCornerv
                0x0380b434        0x0 build/src/screen_gui.o
                                  0x8 (size before relaxing)
 .ARM.exidx.text._Z20AutoSelectionRefreshv
                0x0380b434        0x0 build/src/screen_gui.o
                                  0x8 (size before relaxing)
 .ARM.exidx.text._Z13AutoSelectionv
                0x0380b434        0x0 build/src/screen_gui.o
                                  0x8 (size before relaxing)
 .ARM.exidx.text._Z10AutonLogicv
                0x0380b434        0x0 build/src/screen_gui.o
                                  0x8 (size before relaxing)
 .ARM.exidx.text._Z7Zeroingbb
                0x0380b434        0x0 build/src/movement.o
                                  0x8 (size before relaxing)
 .ARM.exidx.text._Z13ChassisUpdatev
                0x0380b434        0x0 build/src/movement.o
                                  0x8 (size before relaxing)
 .ARM.exidx.text._Z14ChassisUpdate2v
                0x0380b434        0x0 build/src/movement.o